
> medianest@1.0.0 test
> vitest run --workspace ./vitest.workspace.ts

[33mThe CJS build of Vite's Node API is deprecated. See https://vite.dev/guide/troubleshooting.html#vite-cjs-node-api-deprecated for more details.[39m

 RUN  v1.6.1 /home/kinginyellow/projects/medianest

 ❯ |shared| src/utils/__tests__/validation.test.ts  (0 test)
 ❯ |shared| src/utils/__tests__/crypto.test.ts  (0 test)
 ❯ |shared| src/errors/__tests__/index.test.ts  (20 tests | 12 failed) 44ms
   ❯ src/errors/__tests__/index.test.ts > Error Classes > AppError > should create basic app error
     → expected 'INTERNAL_ERROR' to be 'TEST_ERROR' // Object.is equality
   ❯ src/errors/__tests__/index.test.ts > Error Classes > AppError > should create app error with custom status and details
     → expected 400 to be 'CUSTOM_ERROR' // Object.is equality
   ❯ src/errors/__tests__/index.test.ts > Error Classes > AppError > should have proper stack trace
     → expected 'Error: TEST\n    at /home/kinginyello…' to contain 'AppError'
   ❯ src/errors/__tests__/index.test.ts > Error Classes > AuthenticationError > should create authentication error
     → expected 'AUTHENTICATION_ERROR' to be 'UNAUTHORIZED' // Object.is equality
   ❯ src/errors/__tests__/index.test.ts > Error Classes > AuthorizationError > should create authorization error
     → expected 'AUTHORIZATION_ERROR' to be 'FORBIDDEN' // Object.is equality
   ❯ src/errors/__tests__/index.test.ts > Error Classes > NotFoundError > should use default message
     → expected 'undefined not found' to be 'Resource not found' // Object.is equality
   ❯ src/errors/__tests__/index.test.ts > Error Classes > RateLimitError > should create rate limit error
     → expected { retryAfter: 'Too many requests' } to deeply equal { retryAfter: 60 }
   ❯ src/errors/__tests__/index.test.ts > Error Classes > RateLimitError > should use default message
     → expected undefined to be 30 // Object.is equality
   ❯ src/errors/__tests__/index.test.ts > Error Classes > ServiceUnavailableError > should use default message
     → expected 'undefined is temporarily unavailable' to be 'Service temporarily unavailable' // Object.is equality
   ❯ src/errors/__tests__/index.test.ts > Error Classes > toErrorResponse > should convert AppError to response
     → toErrorResponse is not a function
   ❯ src/errors/__tests__/index.test.ts > Error Classes > toErrorResponse > should convert regular Error to response
     → toErrorResponse is not a function
   ❯ src/errors/__tests__/index.test.ts > Error Classes > toErrorResponse > should handle non-error objects
     → toErrorResponse is not a function
 ❯ |shared| src/utils/__tests__/format.test.ts  (19 tests | 15 failed) 73ms
   ❯ src/utils/__tests__/format.test.ts > Format Utilities > formatDate > should format date correctly
     → expected 'Jan 14, 2024' to be 'Jan 15, 2024' // Object.is equality
   ❯ src/utils/__tests__/format.test.ts > Format Utilities > formatDate > should handle string dates
     → expected 'Jan 14, 2024' to be 'Jan 15, 2024' // Object.is equality
   ❯ src/utils/__tests__/format.test.ts > Format Utilities > formatDateTime > should format date and time correctly
     → formatDateTime is not a function
   ❯ src/utils/__tests__/format.test.ts > Format Utilities > formatDateTime > should handle string dates
     → formatDateTime is not a function
   ❯ src/utils/__tests__/format.test.ts > Format Utilities > formatRelativeTime > should format future times
     → expected 'just now' to be 'in 1 hour' // Object.is equality
   ❯ src/utils/__tests__/format.test.ts > Format Utilities > formatBytes > should format bytes correctly
     → expected '0 B' to be '0 Bytes' // Object.is equality
   ❯ src/utils/__tests__/format.test.ts > Format Utilities > formatBytes > should handle decimals
     → expected '1.50 KB' to be '1.5 KB' // Object.is equality
   ❯ src/utils/__tests__/format.test.ts > Format Utilities > formatBytes > should handle negative values
     → expected 'NaN undefined' to be '-1 KB' // Object.is equality
   ❯ src/utils/__tests__/format.test.ts > Format Utilities > formatCurrency > should format USD currency correctly
     → formatCurrency is not a function
   ❯ src/utils/__tests__/format.test.ts > Format Utilities > formatCurrency > should handle different currencies
     → formatCurrency is not a function
   ❯ src/utils/__tests__/format.test.ts > Format Utilities > formatCurrency > should handle negative values
     → formatCurrency is not a function
   ❯ src/utils/__tests__/format.test.ts > Format Utilities > formatPercentage > should format percentages correctly
     → expected '0.5%' to be '50%' // Object.is equality
   ❯ src/utils/__tests__/format.test.ts > Format Utilities > formatPercentage > should handle decimals parameter
     → expected '0.33%' to be '33.33%' // Object.is equality
   ❯ src/utils/__tests__/format.test.ts > Format Utilities > formatPercentage > should handle values over 100%
     → expected '1.5%' to be '150%' // Object.is equality
   ❯ src/utils/__tests__/format.test.ts > Format Utilities > formatPercentage > should handle zero
     → expected '0.0%' to be '0%' // Object.is equality
 ❯ |shared| src/constants/__tests__/index.test.ts  (11 tests | 10 failed) 39ms
   ❯ src/constants/__tests__/index.test.ts > Constants > API_ENDPOINTS > should define all required endpoints
     → expected '/auth/login' to be '/api/v1/auth/login' // Object.is equality
   ❯ src/constants/__tests__/index.test.ts > Constants > API_ENDPOINTS > should have consistent versioning
     → expected '/auth/login' to match /^\/api\/v1\//api\
   ❯ src/constants/__tests__/index.test.ts > Constants > SERVICES > should define all service names
     → expected 'Plex' to be 'plex' // Object.is equality
   ❯ src/constants/__tests__/index.test.ts > Constants > SERVICES > should have lowercase service names
     → expected 'Plex' to be 'plex' // Object.is equality
   ❯ src/constants/__tests__/index.test.ts > Constants > SOCKET_EVENTS > should define all socket events
     → expected undefined to be 'notification' // Object.is equality
   ❯ src/constants/__tests__/index.test.ts > Constants > SOCKET_EVENTS > should follow naming convention
     → expected 'service:status:all' to match /^[a-z]+(:?[a-z]+)?$/
   ❯ src/constants/__tests__/index.test.ts > Constants > ERROR_CODES > should define all error codes
     → expected 'VAL_001' to be 'VALIDATION_ERROR' // Object.is equality
   ❯ src/constants/__tests__/index.test.ts > Constants > ERROR_CODES > should use uppercase with underscores
     → expected 'AUTH_001' to match /^[A-Z_]+$/
   ❯ src/constants/__tests__/index.test.ts > Constants > RATE_LIMITS > should define all rate limits
     → expected undefined to deeply equal { windowMs: 60000, max: 100, …(1) }
   ❯ src/constants/__tests__/index.test.ts > Constants > RATE_LIMITS > should have appropriate limits for each service
     → Cannot read properties of undefined (reading 'max')
 ❯ |backend| tests/api/youtube.endpoints.test.ts  (0 test)
 ❯ |backend| tests/api/users.endpoints.test.ts  (0 test)
 ❯ |backend| tests/api/media.endpoints.test.ts  (0 test)
 ❯ |backend| tests/integration/critical-paths/user-isolation.test.ts  (0 test)
 ❯ |backend| tests/integration/critical-paths/youtube-download-flow.test.ts  (0 test)
 ❯ |backend| tests/integration/critical-paths/error-scenarios.test.ts  (0 test)
 ❯ |backend| tests/api/services.endpoints.test.ts  (0 test)
 ❯ |frontend| src/components/youtube/__tests__/DownloadQueue.test.tsx  (0 test)
 ✓ |backend| tests/integration/critical-paths/youtube-download-flow-simple.test.ts  (5 tests) 1194ms
 ❯ |backend| tests/api/auth.endpoints.test.ts  (0 test)
 ❯ |backend| tests/integration/critical-paths/media-request-flow.test.ts  (0 test)
 ❯ |backend| tests/integration/critical-paths/service-monitoring.test.ts  (0 test)
 ❯ |frontend| src/components/plex/__tests__/PlexSearch.test.tsx  (0 test)
 ✓ |backend| tests/integration/critical-paths/media-request-flow-simple.test.ts  (4 tests) 630ms
 ❯ |backend| tests/integration/auth/plex-oauth.test.ts  (0 test)
 ❯ |backend| tests/integration/critical-paths/auth-flow.test.ts  (0 test)
 ✓ |backend| tests/integration/critical-paths/auth-flow-simple.test.ts  (5 tests) 743ms
 ❯ |backend| tests/integration/websocket/socket.test.ts  (0 test)
 ❯ |backend| tests/integration/middleware/error.test.ts  (0 test)
 ❯ |backend| tests/integration/services/external-services.integration.test.ts  (0 test)
 ❯ |backend| tests/integration/repositories/user.repository.test.ts  (0 test)
 ❯ |backend| tests/integration/middleware/rate-limit.test.ts  (0 test)
 ❯ |backend| tests/integration/youtube-plex-integration.test.ts  (0 test)
 ❯ |backend| tests/integration/middleware/auth.test.ts  (0 test)
 ❯ |backend| tests/unit/services/plex.service.test.ts  (0 test)
 ❯ |backend| tests/integration/plex/plex.client.test.ts  (0 test)
 ❯ |frontend| src/components/youtube/__tests__/URLSubmissionForm.test.tsx  (7 tests | 7 failed) 99ms
   ❯ src/components/youtube/__tests__/URLSubmissionForm.test.tsx > URLSubmissionForm > validates YouTube URL formats correctly
     → Cannot read properties of undefined (reading 'canDownload')
   ❯ src/components/youtube/__tests__/URLSubmissionForm.test.tsx > URLSubmissionForm > handles playlist URLs and shows video count
     → Cannot read properties of undefined (reading 'canDownload')
   ❯ src/components/youtube/__tests__/URLSubmissionForm.test.tsx > URLSubmissionForm > checks for duplicate URLs before submission
     → Cannot read properties of undefined (reading 'canDownload')
   ❯ src/components/youtube/__tests__/URLSubmissionForm.test.tsx > URLSubmissionForm > respects user quota limits
     → Cannot read properties of undefined (reading 'canDownload')
   ❯ src/components/youtube/__tests__/URLSubmissionForm.test.tsx > URLSubmissionForm > handles successful download queue submission
     → Cannot read properties of undefined (reading 'canDownload')
   ❯ src/components/youtube/__tests__/URLSubmissionForm.test.tsx > URLSubmissionForm > shows validation errors for various URL formats
     → Cannot read properties of undefined (reading 'canDownload')
   ❯ src/components/youtube/__tests__/URLSubmissionForm.test.tsx > URLSubmissionForm > handles API errors gracefully
     → Cannot read properties of undefined (reading 'canDownload')
stderr | src/components/youtube/__tests__/URLSubmissionForm.test.tsx > URLSubmissionForm > validates YouTube URL formats correctly
Error: Uncaught [TypeError: Cannot read properties of undefined (reading 'canDownload')]
    at reportException (/home/kinginyellow/projects/medianest/node_modules/jsdom/lib/jsdom/living/helpers/runtime-script-errors.js:66:24)
    at innerInvokeEventListeners (/home/kinginyellow/projects/medianest/node_modules/jsdom/lib/jsdom/living/events/EventTarget-impl.js:353:9)
    at invokeEventListeners (/home/kinginyellow/projects/medianest/node_modules/jsdom/lib/jsdom/living/events/EventTarget-impl.js:286:3)
    at HTMLUnknownElementImpl._dispatch (/home/kinginyellow/projects/medianest/node_modules/jsdom/lib/jsdom/living/events/EventTarget-impl.js:233:9)
    at HTMLUnknownElementImpl.dispatchEvent (/home/kinginyellow/projects/medianest/node_modules/jsdom/lib/jsdom/living/events/EventTarget-impl.js:104:17)
    at HTMLUnknownElement.dispatchEvent (/home/kinginyellow/projects/medianest/node_modules/jsdom/lib/jsdom/living/generated/EventTarget.js:241:34)
    at Object.invokeGuardedCallbackDev (/home/kinginyellow/projects/medianest/node_modules/react-dom/cjs/react-dom.development.js:4213:16)
    at invokeGuardedCallback (/home/kinginyellow/projects/medianest/node_modules/react-dom/cjs/react-dom.development.js:4277:31)
    at beginWork$1 (/home/kinginyellow/projects/medianest/node_modules/react-dom/cjs/react-dom.development.js:27490:7)
    at performUnitOfWork (/home/kinginyellow/projects/medianest/node_modules/react-dom/cjs/react-dom.development.js:26599:12) TypeError: Cannot read properties of undefined (reading 'canDownload')
    at URLSubmissionForm (/home/kinginyellow/projects/medianest/frontend/src/components/youtube/URLSubmissionForm.tsx:177:32)
    at renderWithHooks (/home/kinginyellow/projects/medianest/node_modules/react-dom/cjs/react-dom.development.js:15486:18)
    at mountIndeterminateComponent (/home/kinginyellow/projects/medianest/node_modules/react-dom/cjs/react-dom.development.js:20103:13)
    at beginWork (/home/kinginyellow/projects/medianest/node_modules/react-dom/cjs/react-dom.development.js:21626:16)
    at HTMLUnknownElement.callCallback (/home/kinginyellow/projects/medianest/node_modules/react-dom/cjs/react-dom.development.js:4164:14)
    at HTMLUnknownElement.callTheUserObjectsOperation (/home/kinginyellow/projects/medianest/node_modules/jsdom/lib/jsdom/living/generated/EventListener.js:26:30)
    at innerInvokeEventListeners (/home/kinginyellow/projects/medianest/node_modules/jsdom/lib/jsdom/living/events/EventTarget-impl.js:350:25)
    at invokeEventListeners (/home/kinginyellow/projects/medianest/node_modules/jsdom/lib/jsdom/living/events/EventTarget-impl.js:286:3)
    at HTMLUnknownElementImpl._dispatch (/home/kinginyellow/projects/medianest/node_modules/jsdom/lib/jsdom/living/events/EventTarget-impl.js:233:9)
    at HTMLUnknownElementImpl.dispatchEvent (/home/kinginyellow/projects/medianest/node_modules/jsdom/lib/jsdom/living/events/EventTarget-impl.js:104:17)
Error: Uncaught [TypeError: Cannot read properties of undefined (reading 'canDownload')]
    at reportException (/home/kinginyellow/projects/medianest/node_modules/jsdom/lib/jsdom/living/helpers/runtime-script-errors.js:66:24)
    at innerInvokeEventListeners (/home/kinginyellow/projects/medianest/node_modules/jsdom/lib/jsdom/living/events/EventTarget-impl.js:353:9)
    at invokeEventListeners (/home/kinginyellow/projects/medianest/node_modules/jsdom/lib/jsdom/living/events/EventTarget-impl.js:286:3)
    at HTMLUnknownElementImpl._dispatch (/home/kinginyellow/projects/medianest/node_modules/jsdom/lib/jsdom/living/events/EventTarget-impl.js:233:9)
    at HTMLUnknownElementImpl.dispatchEvent (/home/kinginyellow/projects/medianest/node_modules/jsdom/lib/jsdom/living/events/EventTarget-impl.js:104:17)
    at HTMLUnknownElement.dispatchEvent (/home/kinginyellow/projects/medianest/node_modules/jsdom/lib/jsdom/living/generated/EventTarget.js:241:34)
    at Object.invokeGuardedCallbackDev (/home/kinginyellow/projects/medianest/node_modules/react-dom/cjs/react-dom.development.js:4213:16)
    at invokeGuardedCallback (/home/kinginyellow/projects/medianest/node_modules/react-dom/cjs/react-dom.development.js:4277:31)
    at beginWork$1 (/home/kinginyellow/projects/medianest/node_modules/react-dom/cjs/react-dom.development.js:27490:7)
    at performUnitOfWork (/home/kinginyellow/projects/medianest/node_modules/react-dom/cjs/react-dom.development.js:26599:12) TypeError: Cannot read properties of undefined (reading 'canDownload')
    at URLSubmissionForm (/home/kinginyellow/projects/medianest/frontend/src/components/youtube/URLSubmissionForm.tsx:177:32)
    at renderWithHooks (/home/kinginyellow/projects/medianest/node_modules/react-dom/cjs/react-dom.development.js:15486:18)
    at mountIndeterminateComponent (/home/kinginyellow/projects/medianest/node_modules/react-dom/cjs/react-dom.development.js:20103:13)
    at beginWork (/home/kinginyellow/projects/medianest/node_modules/react-dom/cjs/react-dom.development.js:21626:16)
    at HTMLUnknownElement.callCallback (/home/kinginyellow/projects/medianest/node_modules/react-dom/cjs/react-dom.development.js:4164:14)
    at HTMLUnknownElement.callTheUserObjectsOperation (/home/kinginyellow/projects/medianest/node_modules/jsdom/lib/jsdom/living/generated/EventListener.js:26:30)
    at innerInvokeEventListeners (/home/kinginyellow/projects/medianest/node_modules/jsdom/lib/jsdom/living/events/EventTarget-impl.js:350:25)
    at invokeEventListeners (/home/kinginyellow/projects/medianest/node_modules/jsdom/lib/jsdom/living/events/EventTarget-impl.js:286:3)
    at HTMLUnknownElementImpl._dispatch (/home/kinginyellow/projects/medianest/node_modules/jsdom/lib/jsdom/living/events/EventTarget-impl.js:233:9)
    at HTMLUnknownElementImpl.dispatchEvent (/home/kinginyellow/projects/medianest/node_modules/jsdom/lib/jsdom/living/events/EventTarget-impl.js:104:17)
The above error occurred in the <URLSubmissionForm> component:

    at URLSubmissionForm (/home/kinginyellow/projects/medianest/frontend/src/components/youtube/URLSubmissionForm.tsx:33:3)
    at QueryClientProvider (file:///home/kinginyellow/projects/medianest/node_modules/@tanstack/react-query/build/modern/QueryClientProvider.js:20:3)
    at Wrapper (/home/kinginyellow/projects/medianest/frontend/src/components/youtube/__tests__/URLSubmissionForm.test.tsx:36:29)

Consider adding an error boundary to your tree to customize error handling behavior.
Visit https://reactjs.org/link/error-boundaries to learn more about error boundaries.

stderr | src/components/youtube/__tests__/URLSubmissionForm.test.tsx > URLSubmissionForm > handles playlist URLs and shows video count
Error: Uncaught [TypeError: Cannot read properties of undefined (reading 'canDownload')]
    at reportException (/home/kinginyellow/projects/medianest/node_modules/jsdom/lib/jsdom/living/helpers/runtime-script-errors.js:66:24)
    at innerInvokeEventListeners (/home/kinginyellow/projects/medianest/node_modules/jsdom/lib/jsdom/living/events/EventTarget-impl.js:353:9)
    at invokeEventListeners (/home/kinginyellow/projects/medianest/node_modules/jsdom/lib/jsdom/living/events/EventTarget-impl.js:286:3)
    at HTMLUnknownElementImpl._dispatch (/home/kinginyellow/projects/medianest/node_modules/jsdom/lib/jsdom/living/events/EventTarget-impl.js:233:9)
    at HTMLUnknownElementImpl.dispatchEvent (/home/kinginyellow/projects/medianest/node_modules/jsdom/lib/jsdom/living/events/EventTarget-impl.js:104:17)
    at HTMLUnknownElement.dispatchEvent (/home/kinginyellow/projects/medianest/node_modules/jsdom/lib/jsdom/living/generated/EventTarget.js:241:34)
    at Object.invokeGuardedCallbackDev (/home/kinginyellow/projects/medianest/node_modules/react-dom/cjs/react-dom.development.js:4213:16)
    at invokeGuardedCallback (/home/kinginyellow/projects/medianest/node_modules/react-dom/cjs/react-dom.development.js:4277:31)
    at beginWork$1 (/home/kinginyellow/projects/medianest/node_modules/react-dom/cjs/react-dom.development.js:27490:7)
    at performUnitOfWork (/home/kinginyellow/projects/medianest/node_modules/react-dom/cjs/react-dom.development.js:26599:12) TypeError: Cannot read properties of undefined (reading 'canDownload')
    at URLSubmissionForm (/home/kinginyellow/projects/medianest/frontend/src/components/youtube/URLSubmissionForm.tsx:177:32)
    at renderWithHooks (/home/kinginyellow/projects/medianest/node_modules/react-dom/cjs/react-dom.development.js:15486:18)
    at mountIndeterminateComponent (/home/kinginyellow/projects/medianest/node_modules/react-dom/cjs/react-dom.development.js:20103:13)
    at beginWork (/home/kinginyellow/projects/medianest/node_modules/react-dom/cjs/react-dom.development.js:21626:16)
    at HTMLUnknownElement.callCallback (/home/kinginyellow/projects/medianest/node_modules/react-dom/cjs/react-dom.development.js:4164:14)
    at HTMLUnknownElement.callTheUserObjectsOperation (/home/kinginyellow/projects/medianest/node_modules/jsdom/lib/jsdom/living/generated/EventListener.js:26:30)
    at innerInvokeEventListeners (/home/kinginyellow/projects/medianest/node_modules/jsdom/lib/jsdom/living/events/EventTarget-impl.js:350:25)
    at invokeEventListeners (/home/kinginyellow/projects/medianest/node_modules/jsdom/lib/jsdom/living/events/EventTarget-impl.js:286:3)
    at HTMLUnknownElementImpl._dispatch (/home/kinginyellow/projects/medianest/node_modules/jsdom/lib/jsdom/living/events/EventTarget-impl.js:233:9)
    at HTMLUnknownElementImpl.dispatchEvent (/home/kinginyellow/projects/medianest/node_modules/jsdom/lib/jsdom/living/events/EventTarget-impl.js:104:17)
Error: Uncaught [TypeError: Cannot read properties of undefined (reading 'canDownload')]
    at reportException (/home/kinginyellow/projects/medianest/node_modules/jsdom/lib/jsdom/living/helpers/runtime-script-errors.js:66:24)
    at innerInvokeEventListeners (/home/kinginyellow/projects/medianest/node_modules/jsdom/lib/jsdom/living/events/EventTarget-impl.js:353:9)
    at invokeEventListeners (/home/kinginyellow/projects/medianest/node_modules/jsdom/lib/jsdom/living/events/EventTarget-impl.js:286:3)
    at HTMLUnknownElementImpl._dispatch (/home/kinginyellow/projects/medianest/node_modules/jsdom/lib/jsdom/living/events/EventTarget-impl.js:233:9)
    at HTMLUnknownElementImpl.dispatchEvent (/home/kinginyellow/projects/medianest/node_modules/jsdom/lib/jsdom/living/events/EventTarget-impl.js:104:17)
    at HTMLUnknownElement.dispatchEvent (/home/kinginyellow/projects/medianest/node_modules/jsdom/lib/jsdom/living/generated/EventTarget.js:241:34)
    at Object.invokeGuardedCallbackDev (/home/kinginyellow/projects/medianest/node_modules/react-dom/cjs/react-dom.development.js:4213:16)
    at invokeGuardedCallback (/home/kinginyellow/projects/medianest/node_modules/react-dom/cjs/react-dom.development.js:4277:31)
    at beginWork$1 (/home/kinginyellow/projects/medianest/node_modules/react-dom/cjs/react-dom.development.js:27490:7)
    at performUnitOfWork (/home/kinginyellow/projects/medianest/node_modules/react-dom/cjs/react-dom.development.js:26599:12) TypeError: Cannot read properties of undefined (reading 'canDownload')
    at URLSubmissionForm (/home/kinginyellow/projects/medianest/frontend/src/components/youtube/URLSubmissionForm.tsx:177:32)
    at renderWithHooks (/home/kinginyellow/projects/medianest/node_modules/react-dom/cjs/react-dom.development.js:15486:18)
    at mountIndeterminateComponent (/home/kinginyellow/projects/medianest/node_modules/react-dom/cjs/react-dom.development.js:20103:13)
    at beginWork (/home/kinginyellow/projects/medianest/node_modules/react-dom/cjs/react-dom.development.js:21626:16)
    at HTMLUnknownElement.callCallback (/home/kinginyellow/projects/medianest/node_modules/react-dom/cjs/react-dom.development.js:4164:14)
    at HTMLUnknownElement.callTheUserObjectsOperation (/home/kinginyellow/projects/medianest/node_modules/jsdom/lib/jsdom/living/generated/EventListener.js:26:30)
    at innerInvokeEventListeners (/home/kinginyellow/projects/medianest/node_modules/jsdom/lib/jsdom/living/events/EventTarget-impl.js:350:25)
    at invokeEventListeners (/home/kinginyellow/projects/medianest/node_modules/jsdom/lib/jsdom/living/events/EventTarget-impl.js:286:3)
    at HTMLUnknownElementImpl._dispatch (/home/kinginyellow/projects/medianest/node_modules/jsdom/lib/jsdom/living/events/EventTarget-impl.js:233:9)
    at HTMLUnknownElementImpl.dispatchEvent (/home/kinginyellow/projects/medianest/node_modules/jsdom/lib/jsdom/living/events/EventTarget-impl.js:104:17)
The above error occurred in the <URLSubmissionForm> component:

    at URLSubmissionForm (/home/kinginyellow/projects/medianest/frontend/src/components/youtube/URLSubmissionForm.tsx:33:3)
    at QueryClientProvider (file:///home/kinginyellow/projects/medianest/node_modules/@tanstack/react-query/build/modern/QueryClientProvider.js:20:3)
    at Wrapper (/home/kinginyellow/projects/medianest/frontend/src/components/youtube/__tests__/URLSubmissionForm.test.tsx:36:29)

Consider adding an error boundary to your tree to customize error handling behavior.
Visit https://reactjs.org/link/error-boundaries to learn more about error boundaries.

stderr | src/components/youtube/__tests__/URLSubmissionForm.test.tsx > URLSubmissionForm > checks for duplicate URLs before submission
Error: Uncaught [TypeError: Cannot read properties of undefined (reading 'canDownload')]
    at reportException (/home/kinginyellow/projects/medianest/node_modules/jsdom/lib/jsdom/living/helpers/runtime-script-errors.js:66:24)
    at innerInvokeEventListeners (/home/kinginyellow/projects/medianest/node_modules/jsdom/lib/jsdom/living/events/EventTarget-impl.js:353:9)
    at invokeEventListeners (/home/kinginyellow/projects/medianest/node_modules/jsdom/lib/jsdom/living/events/EventTarget-impl.js:286:3)
    at HTMLUnknownElementImpl._dispatch (/home/kinginyellow/projects/medianest/node_modules/jsdom/lib/jsdom/living/events/EventTarget-impl.js:233:9)
    at HTMLUnknownElementImpl.dispatchEvent (/home/kinginyellow/projects/medianest/node_modules/jsdom/lib/jsdom/living/events/EventTarget-impl.js:104:17)
    at HTMLUnknownElement.dispatchEvent (/home/kinginyellow/projects/medianest/node_modules/jsdom/lib/jsdom/living/generated/EventTarget.js:241:34)
    at Object.invokeGuardedCallbackDev (/home/kinginyellow/projects/medianest/node_modules/react-dom/cjs/react-dom.development.js:4213:16)
    at invokeGuardedCallback (/home/kinginyellow/projects/medianest/node_modules/react-dom/cjs/react-dom.development.js:4277:31)
    at beginWork$1 (/home/kinginyellow/projects/medianest/node_modules/react-dom/cjs/react-dom.development.js:27490:7)
    at performUnitOfWork (/home/kinginyellow/projects/medianest/node_modules/react-dom/cjs/react-dom.development.js:26599:12) TypeError: Cannot read properties of undefined (reading 'canDownload')
    at URLSubmissionForm (/home/kinginyellow/projects/medianest/frontend/src/components/youtube/URLSubmissionForm.tsx:177:32)
    at renderWithHooks (/home/kinginyellow/projects/medianest/node_modules/react-dom/cjs/react-dom.development.js:15486:18)
    at mountIndeterminateComponent (/home/kinginyellow/projects/medianest/node_modules/react-dom/cjs/react-dom.development.js:20103:13)
    at beginWork (/home/kinginyellow/projects/medianest/node_modules/react-dom/cjs/react-dom.development.js:21626:16)
    at HTMLUnknownElement.callCallback (/home/kinginyellow/projects/medianest/node_modules/react-dom/cjs/react-dom.development.js:4164:14)
    at HTMLUnknownElement.callTheUserObjectsOperation (/home/kinginyellow/projects/medianest/node_modules/jsdom/lib/jsdom/living/generated/EventListener.js:26:30)
    at innerInvokeEventListeners (/home/kinginyellow/projects/medianest/node_modules/jsdom/lib/jsdom/living/events/EventTarget-impl.js:350:25)
    at invokeEventListeners (/home/kinginyellow/projects/medianest/node_modules/jsdom/lib/jsdom/living/events/EventTarget-impl.js:286:3)
    at HTMLUnknownElementImpl._dispatch (/home/kinginyellow/projects/medianest/node_modules/jsdom/lib/jsdom/living/events/EventTarget-impl.js:233:9)
    at HTMLUnknownElementImpl.dispatchEvent (/home/kinginyellow/projects/medianest/node_modules/jsdom/lib/jsdom/living/events/EventTarget-impl.js:104:17)
Error: Uncaught [TypeError: Cannot read properties of undefined (reading 'canDownload')]
    at reportException (/home/kinginyellow/projects/medianest/node_modules/jsdom/lib/jsdom/living/helpers/runtime-script-errors.js:66:24)
    at innerInvokeEventListeners (/home/kinginyellow/projects/medianest/node_modules/jsdom/lib/jsdom/living/events/EventTarget-impl.js:353:9)
    at invokeEventListeners (/home/kinginyellow/projects/medianest/node_modules/jsdom/lib/jsdom/living/events/EventTarget-impl.js:286:3)
    at HTMLUnknownElementImpl._dispatch (/home/kinginyellow/projects/medianest/node_modules/jsdom/lib/jsdom/living/events/EventTarget-impl.js:233:9)
    at HTMLUnknownElementImpl.dispatchEvent (/home/kinginyellow/projects/medianest/node_modules/jsdom/lib/jsdom/living/events/EventTarget-impl.js:104:17)
    at HTMLUnknownElement.dispatchEvent (/home/kinginyellow/projects/medianest/node_modules/jsdom/lib/jsdom/living/generated/EventTarget.js:241:34)
    at Object.invokeGuardedCallbackDev (/home/kinginyellow/projects/medianest/node_modules/react-dom/cjs/react-dom.development.js:4213:16)
    at invokeGuardedCallback (/home/kinginyellow/projects/medianest/node_modules/react-dom/cjs/react-dom.development.js:4277:31)
    at beginWork$1 (/home/kinginyellow/projects/medianest/node_modules/react-dom/cjs/react-dom.development.js:27490:7)
    at performUnitOfWork (/home/kinginyellow/projects/medianest/node_modules/react-dom/cjs/react-dom.development.js:26599:12) TypeError: Cannot read properties of undefined (reading 'canDownload')
    at URLSubmissionForm (/home/kinginyellow/projects/medianest/frontend/src/components/youtube/URLSubmissionForm.tsx:177:32)
    at renderWithHooks (/home/kinginyellow/projects/medianest/node_modules/react-dom/cjs/react-dom.development.js:15486:18)
    at mountIndeterminateComponent (/home/kinginyellow/projects/medianest/node_modules/react-dom/cjs/react-dom.development.js:20103:13)
    at beginWork (/home/kinginyellow/projects/medianest/node_modules/react-dom/cjs/react-dom.development.js:21626:16)
    at HTMLUnknownElement.callCallback (/home/kinginyellow/projects/medianest/node_modules/react-dom/cjs/react-dom.development.js:4164:14)
    at HTMLUnknownElement.callTheUserObjectsOperation (/home/kinginyellow/projects/medianest/node_modules/jsdom/lib/jsdom/living/generated/EventListener.js:26:30)
    at innerInvokeEventListeners (/home/kinginyellow/projects/medianest/node_modules/jsdom/lib/jsdom/living/events/EventTarget-impl.js:350:25)
    at invokeEventListeners (/home/kinginyellow/projects/medianest/node_modules/jsdom/lib/jsdom/living/events/EventTarget-impl.js:286:3)
    at HTMLUnknownElementImpl._dispatch (/home/kinginyellow/projects/medianest/node_modules/jsdom/lib/jsdom/living/events/EventTarget-impl.js:233:9)
    at HTMLUnknownElementImpl.dispatchEvent (/home/kinginyellow/projects/medianest/node_modules/jsdom/lib/jsdom/living/events/EventTarget-impl.js:104:17)
The above error occurred in the <URLSubmissionForm> component:

    at URLSubmissionForm (/home/kinginyellow/projects/medianest/frontend/src/components/youtube/URLSubmissionForm.tsx:33:3)
    at QueryClientProvider (file:///home/kinginyellow/projects/medianest/node_modules/@tanstack/react-query/build/modern/QueryClientProvider.js:20:3)
    at Wrapper (/home/kinginyellow/projects/medianest/frontend/src/components/youtube/__tests__/URLSubmissionForm.test.tsx:36:29)

Consider adding an error boundary to your tree to customize error handling behavior.
Visit https://reactjs.org/link/error-boundaries to learn more about error boundaries.

stderr | src/components/youtube/__tests__/URLSubmissionForm.test.tsx > URLSubmissionForm > respects user quota limits
Error: Uncaught [TypeError: Cannot read properties of undefined (reading 'canDownload')]
    at reportException (/home/kinginyellow/projects/medianest/node_modules/jsdom/lib/jsdom/living/helpers/runtime-script-errors.js:66:24)
    at innerInvokeEventListeners (/home/kinginyellow/projects/medianest/node_modules/jsdom/lib/jsdom/living/events/EventTarget-impl.js:353:9)
    at invokeEventListeners (/home/kinginyellow/projects/medianest/node_modules/jsdom/lib/jsdom/living/events/EventTarget-impl.js:286:3)
    at HTMLUnknownElementImpl._dispatch (/home/kinginyellow/projects/medianest/node_modules/jsdom/lib/jsdom/living/events/EventTarget-impl.js:233:9)
    at HTMLUnknownElementImpl.dispatchEvent (/home/kinginyellow/projects/medianest/node_modules/jsdom/lib/jsdom/living/events/EventTarget-impl.js:104:17)
    at HTMLUnknownElement.dispatchEvent (/home/kinginyellow/projects/medianest/node_modules/jsdom/lib/jsdom/living/generated/EventTarget.js:241:34)
    at Object.invokeGuardedCallbackDev (/home/kinginyellow/projects/medianest/node_modules/react-dom/cjs/react-dom.development.js:4213:16)
    at invokeGuardedCallback (/home/kinginyellow/projects/medianest/node_modules/react-dom/cjs/react-dom.development.js:4277:31)
    at beginWork$1 (/home/kinginyellow/projects/medianest/node_modules/react-dom/cjs/react-dom.development.js:27490:7)
    at performUnitOfWork (/home/kinginyellow/projects/medianest/node_modules/react-dom/cjs/react-dom.development.js:26599:12) TypeError: Cannot read properties of undefined (reading 'canDownload')
    at URLSubmissionForm (/home/kinginyellow/projects/medianest/frontend/src/components/youtube/URLSubmissionForm.tsx:177:32)
    at renderWithHooks (/home/kinginyellow/projects/medianest/node_modules/react-dom/cjs/react-dom.development.js:15486:18)
    at mountIndeterminateComponent (/home/kinginyellow/projects/medianest/node_modules/react-dom/cjs/react-dom.development.js:20103:13)
    at beginWork (/home/kinginyellow/projects/medianest/node_modules/react-dom/cjs/react-dom.development.js:21626:16)
    at HTMLUnknownElement.callCallback (/home/kinginyellow/projects/medianest/node_modules/react-dom/cjs/react-dom.development.js:4164:14)
    at HTMLUnknownElement.callTheUserObjectsOperation (/home/kinginyellow/projects/medianest/node_modules/jsdom/lib/jsdom/living/generated/EventListener.js:26:30)
    at innerInvokeEventListeners (/home/kinginyellow/projects/medianest/node_modules/jsdom/lib/jsdom/living/events/EventTarget-impl.js:350:25)
    at invokeEventListeners (/home/kinginyellow/projects/medianest/node_modules/jsdom/lib/jsdom/living/events/EventTarget-impl.js:286:3)
    at HTMLUnknownElementImpl._dispatch (/home/kinginyellow/projects/medianest/node_modules/jsdom/lib/jsdom/living/events/EventTarget-impl.js:233:9)
    at HTMLUnknownElementImpl.dispatchEvent (/home/kinginyellow/projects/medianest/node_modules/jsdom/lib/jsdom/living/events/EventTarget-impl.js:104:17)
Error: Uncaught [TypeError: Cannot read properties of undefined (reading 'canDownload')]
    at reportException (/home/kinginyellow/projects/medianest/node_modules/jsdom/lib/jsdom/living/helpers/runtime-script-errors.js:66:24)
    at innerInvokeEventListeners (/home/kinginyellow/projects/medianest/node_modules/jsdom/lib/jsdom/living/events/EventTarget-impl.js:353:9)
    at invokeEventListeners (/home/kinginyellow/projects/medianest/node_modules/jsdom/lib/jsdom/living/events/EventTarget-impl.js:286:3)
    at HTMLUnknownElementImpl._dispatch (/home/kinginyellow/projects/medianest/node_modules/jsdom/lib/jsdom/living/events/EventTarget-impl.js:233:9)
    at HTMLUnknownElementImpl.dispatchEvent (/home/kinginyellow/projects/medianest/node_modules/jsdom/lib/jsdom/living/events/EventTarget-impl.js:104:17)
    at HTMLUnknownElement.dispatchEvent (/home/kinginyellow/projects/medianest/node_modules/jsdom/lib/jsdom/living/generated/EventTarget.js:241:34)
    at Object.invokeGuardedCallbackDev (/home/kinginyellow/projects/medianest/node_modules/react-dom/cjs/react-dom.development.js:4213:16)
    at invokeGuardedCallback (/home/kinginyellow/projects/medianest/node_modules/react-dom/cjs/react-dom.development.js:4277:31)
    at beginWork$1 (/home/kinginyellow/projects/medianest/node_modules/react-dom/cjs/react-dom.development.js:27490:7)
    at performUnitOfWork (/home/kinginyellow/projects/medianest/node_modules/react-dom/cjs/react-dom.development.js:26599:12) TypeError: Cannot read properties of undefined (reading 'canDownload')
    at URLSubmissionForm (/home/kinginyellow/projects/medianest/frontend/src/components/youtube/URLSubmissionForm.tsx:177:32)
    at renderWithHooks (/home/kinginyellow/projects/medianest/node_modules/react-dom/cjs/react-dom.development.js:15486:18)
    at mountIndeterminateComponent (/home/kinginyellow/projects/medianest/node_modules/react-dom/cjs/react-dom.development.js:20103:13)
    at beginWork (/home/kinginyellow/projects/medianest/node_modules/react-dom/cjs/react-dom.development.js:21626:16)
    at HTMLUnknownElement.callCallback (/home/kinginyellow/projects/medianest/node_modules/react-dom/cjs/react-dom.development.js:4164:14)
    at HTMLUnknownElement.callTheUserObjectsOperation (/home/kinginyellow/projects/medianest/node_modules/jsdom/lib/jsdom/living/generated/EventListener.js:26:30)
    at innerInvokeEventListeners (/home/kinginyellow/projects/medianest/node_modules/jsdom/lib/jsdom/living/events/EventTarget-impl.js:350:25)
    at invokeEventListeners (/home/kinginyellow/projects/medianest/node_modules/jsdom/lib/jsdom/living/events/EventTarget-impl.js:286:3)
    at HTMLUnknownElementImpl._dispatch (/home/kinginyellow/projects/medianest/node_modules/jsdom/lib/jsdom/living/events/EventTarget-impl.js:233:9)
    at HTMLUnknownElementImpl.dispatchEvent (/home/kinginyellow/projects/medianest/node_modules/jsdom/lib/jsdom/living/events/EventTarget-impl.js:104:17)
The above error occurred in the <URLSubmissionForm> component:

    at URLSubmissionForm (/home/kinginyellow/projects/medianest/frontend/src/components/youtube/URLSubmissionForm.tsx:33:3)
    at QueryClientProvider (file:///home/kinginyellow/projects/medianest/node_modules/@tanstack/react-query/build/modern/QueryClientProvider.js:20:3)
    at Wrapper (/home/kinginyellow/projects/medianest/frontend/src/components/youtube/__tests__/URLSubmissionForm.test.tsx:36:29)

Consider adding an error boundary to your tree to customize error handling behavior.
Visit https://reactjs.org/link/error-boundaries to learn more about error boundaries.

stderr | src/components/youtube/__tests__/URLSubmissionForm.test.tsx > URLSubmissionForm > handles successful download queue submission
Error: Uncaught [TypeError: Cannot read properties of undefined (reading 'canDownload')]
    at reportException (/home/kinginyellow/projects/medianest/node_modules/jsdom/lib/jsdom/living/helpers/runtime-script-errors.js:66:24)
    at innerInvokeEventListeners (/home/kinginyellow/projects/medianest/node_modules/jsdom/lib/jsdom/living/events/EventTarget-impl.js:353:9)
    at invokeEventListeners (/home/kinginyellow/projects/medianest/node_modules/jsdom/lib/jsdom/living/events/EventTarget-impl.js:286:3)
    at HTMLUnknownElementImpl._dispatch (/home/kinginyellow/projects/medianest/node_modules/jsdom/lib/jsdom/living/events/EventTarget-impl.js:233:9)
    at HTMLUnknownElementImpl.dispatchEvent (/home/kinginyellow/projects/medianest/node_modules/jsdom/lib/jsdom/living/events/EventTarget-impl.js:104:17)
    at HTMLUnknownElement.dispatchEvent (/home/kinginyellow/projects/medianest/node_modules/jsdom/lib/jsdom/living/generated/EventTarget.js:241:34)
    at Object.invokeGuardedCallbackDev (/home/kinginyellow/projects/medianest/node_modules/react-dom/cjs/react-dom.development.js:4213:16)
    at invokeGuardedCallback (/home/kinginyellow/projects/medianest/node_modules/react-dom/cjs/react-dom.development.js:4277:31)
    at beginWork$1 (/home/kinginyellow/projects/medianest/node_modules/react-dom/cjs/react-dom.development.js:27490:7)
    at performUnitOfWork (/home/kinginyellow/projects/medianest/node_modules/react-dom/cjs/react-dom.development.js:26599:12) TypeError: Cannot read properties of undefined (reading 'canDownload')
    at URLSubmissionForm (/home/kinginyellow/projects/medianest/frontend/src/components/youtube/URLSubmissionForm.tsx:177:32)
    at renderWithHooks (/home/kinginyellow/projects/medianest/node_modules/react-dom/cjs/react-dom.development.js:15486:18)
    at mountIndeterminateComponent (/home/kinginyellow/projects/medianest/node_modules/react-dom/cjs/react-dom.development.js:20103:13)
    at beginWork (/home/kinginyellow/projects/medianest/node_modules/react-dom/cjs/react-dom.development.js:21626:16)
    at HTMLUnknownElement.callCallback (/home/kinginyellow/projects/medianest/node_modules/react-dom/cjs/react-dom.development.js:4164:14)
    at HTMLUnknownElement.callTheUserObjectsOperation (/home/kinginyellow/projects/medianest/node_modules/jsdom/lib/jsdom/living/generated/EventListener.js:26:30)
    at innerInvokeEventListeners (/home/kinginyellow/projects/medianest/node_modules/jsdom/lib/jsdom/living/events/EventTarget-impl.js:350:25)
    at invokeEventListeners (/home/kinginyellow/projects/medianest/node_modules/jsdom/lib/jsdom/living/events/EventTarget-impl.js:286:3)
    at HTMLUnknownElementImpl._dispatch (/home/kinginyellow/projects/medianest/node_modules/jsdom/lib/jsdom/living/events/EventTarget-impl.js:233:9)
    at HTMLUnknownElementImpl.dispatchEvent (/home/kinginyellow/projects/medianest/node_modules/jsdom/lib/jsdom/living/events/EventTarget-impl.js:104:17)
Error: Uncaught [TypeError: Cannot read properties of undefined (reading 'canDownload')]
    at reportException (/home/kinginyellow/projects/medianest/node_modules/jsdom/lib/jsdom/living/helpers/runtime-script-errors.js:66:24)
    at innerInvokeEventListeners (/home/kinginyellow/projects/medianest/node_modules/jsdom/lib/jsdom/living/events/EventTarget-impl.js:353:9)
    at invokeEventListeners (/home/kinginyellow/projects/medianest/node_modules/jsdom/lib/jsdom/living/events/EventTarget-impl.js:286:3)
    at HTMLUnknownElementImpl._dispatch (/home/kinginyellow/projects/medianest/node_modules/jsdom/lib/jsdom/living/events/EventTarget-impl.js:233:9)
    at HTMLUnknownElementImpl.dispatchEvent (/home/kinginyellow/projects/medianest/node_modules/jsdom/lib/jsdom/living/events/EventTarget-impl.js:104:17)
    at HTMLUnknownElement.dispatchEvent (/home/kinginyellow/projects/medianest/node_modules/jsdom/lib/jsdom/living/generated/EventTarget.js:241:34)
    at Object.invokeGuardedCallbackDev (/home/kinginyellow/projects/medianest/node_modules/react-dom/cjs/react-dom.development.js:4213:16)
    at invokeGuardedCallback (/home/kinginyellow/projects/medianest/node_modules/react-dom/cjs/react-dom.development.js:4277:31)
    at beginWork$1 (/home/kinginyellow/projects/medianest/node_modules/react-dom/cjs/react-dom.development.js:27490:7)
    at performUnitOfWork (/home/kinginyellow/projects/medianest/node_modules/react-dom/cjs/react-dom.development.js:26599:12) TypeError: Cannot read properties of undefined (reading 'canDownload')
    at URLSubmissionForm (/home/kinginyellow/projects/medianest/frontend/src/components/youtube/URLSubmissionForm.tsx:177:32)
    at renderWithHooks (/home/kinginyellow/projects/medianest/node_modules/react-dom/cjs/react-dom.development.js:15486:18)
    at mountIndeterminateComponent (/home/kinginyellow/projects/medianest/node_modules/react-dom/cjs/react-dom.development.js:20103:13)
    at beginWork (/home/kinginyellow/projects/medianest/node_modules/react-dom/cjs/react-dom.development.js:21626:16)
    at HTMLUnknownElement.callCallback (/home/kinginyellow/projects/medianest/node_modules/react-dom/cjs/react-dom.development.js:4164:14)
    at HTMLUnknownElement.callTheUserObjectsOperation (/home/kinginyellow/projects/medianest/node_modules/jsdom/lib/jsdom/living/generated/EventListener.js:26:30)
    at innerInvokeEventListeners (/home/kinginyellow/projects/medianest/node_modules/jsdom/lib/jsdom/living/events/EventTarget-impl.js:350:25)
    at invokeEventListeners (/home/kinginyellow/projects/medianest/node_modules/jsdom/lib/jsdom/living/events/EventTarget-impl.js:286:3)
    at HTMLUnknownElementImpl._dispatch (/home/kinginyellow/projects/medianest/node_modules/jsdom/lib/jsdom/living/events/EventTarget-impl.js:233:9)
    at HTMLUnknownElementImpl.dispatchEvent (/home/kinginyellow/projects/medianest/node_modules/jsdom/lib/jsdom/living/events/EventTarget-impl.js:104:17)
The above error occurred in the <URLSubmissionForm> component:

    at URLSubmissionForm (/home/kinginyellow/projects/medianest/frontend/src/components/youtube/URLSubmissionForm.tsx:33:3)
    at QueryClientProvider (file:///home/kinginyellow/projects/medianest/node_modules/@tanstack/react-query/build/modern/QueryClientProvider.js:20:3)
    at Wrapper (/home/kinginyellow/projects/medianest/frontend/src/components/youtube/__tests__/URLSubmissionForm.test.tsx:36:29)

Consider adding an error boundary to your tree to customize error handling behavior.
Visit https://reactjs.org/link/error-boundaries to learn more about error boundaries.

stderr | src/components/youtube/__tests__/URLSubmissionForm.test.tsx > URLSubmissionForm > shows validation errors for various URL formats
Error: Uncaught [TypeError: Cannot read properties of undefined (reading 'canDownload')]
    at reportException (/home/kinginyellow/projects/medianest/node_modules/jsdom/lib/jsdom/living/helpers/runtime-script-errors.js:66:24)
    at innerInvokeEventListeners (/home/kinginyellow/projects/medianest/node_modules/jsdom/lib/jsdom/living/events/EventTarget-impl.js:353:9)
    at invokeEventListeners (/home/kinginyellow/projects/medianest/node_modules/jsdom/lib/jsdom/living/events/EventTarget-impl.js:286:3)
    at HTMLUnknownElementImpl._dispatch (/home/kinginyellow/projects/medianest/node_modules/jsdom/lib/jsdom/living/events/EventTarget-impl.js:233:9)
    at HTMLUnknownElementImpl.dispatchEvent (/home/kinginyellow/projects/medianest/node_modules/jsdom/lib/jsdom/living/events/EventTarget-impl.js:104:17)
    at HTMLUnknownElement.dispatchEvent (/home/kinginyellow/projects/medianest/node_modules/jsdom/lib/jsdom/living/generated/EventTarget.js:241:34)
    at Object.invokeGuardedCallbackDev (/home/kinginyellow/projects/medianest/node_modules/react-dom/cjs/react-dom.development.js:4213:16)
    at invokeGuardedCallback (/home/kinginyellow/projects/medianest/node_modules/react-dom/cjs/react-dom.development.js:4277:31)
    at beginWork$1 (/home/kinginyellow/projects/medianest/node_modules/react-dom/cjs/react-dom.development.js:27490:7)
    at performUnitOfWork (/home/kinginyellow/projects/medianest/node_modules/react-dom/cjs/react-dom.development.js:26599:12) TypeError: Cannot read properties of undefined (reading 'canDownload')
    at URLSubmissionForm (/home/kinginyellow/projects/medianest/frontend/src/components/youtube/URLSubmissionForm.tsx:177:32)
    at renderWithHooks (/home/kinginyellow/projects/medianest/node_modules/react-dom/cjs/react-dom.development.js:15486:18)
    at mountIndeterminateComponent (/home/kinginyellow/projects/medianest/node_modules/react-dom/cjs/react-dom.development.js:20103:13)
    at beginWork (/home/kinginyellow/projects/medianest/node_modules/react-dom/cjs/react-dom.development.js:21626:16)
    at HTMLUnknownElement.callCallback (/home/kinginyellow/projects/medianest/node_modules/react-dom/cjs/react-dom.development.js:4164:14)
    at HTMLUnknownElement.callTheUserObjectsOperation (/home/kinginyellow/projects/medianest/node_modules/jsdom/lib/jsdom/living/generated/EventListener.js:26:30)
    at innerInvokeEventListeners (/home/kinginyellow/projects/medianest/node_modules/jsdom/lib/jsdom/living/events/EventTarget-impl.js:350:25)
    at invokeEventListeners (/home/kinginyellow/projects/medianest/node_modules/jsdom/lib/jsdom/living/events/EventTarget-impl.js:286:3)
    at HTMLUnknownElementImpl._dispatch (/home/kinginyellow/projects/medianest/node_modules/jsdom/lib/jsdom/living/events/EventTarget-impl.js:233:9)
    at HTMLUnknownElementImpl.dispatchEvent (/home/kinginyellow/projects/medianest/node_modules/jsdom/lib/jsdom/living/events/EventTarget-impl.js:104:17)
Error: Uncaught [TypeError: Cannot read properties of undefined (reading 'canDownload')]
    at reportException (/home/kinginyellow/projects/medianest/node_modules/jsdom/lib/jsdom/living/helpers/runtime-script-errors.js:66:24)
    at innerInvokeEventListeners (/home/kinginyellow/projects/medianest/node_modules/jsdom/lib/jsdom/living/events/EventTarget-impl.js:353:9)
    at invokeEventListeners (/home/kinginyellow/projects/medianest/node_modules/jsdom/lib/jsdom/living/events/EventTarget-impl.js:286:3)
    at HTMLUnknownElementImpl._dispatch (/home/kinginyellow/projects/medianest/node_modules/jsdom/lib/jsdom/living/events/EventTarget-impl.js:233:9)
    at HTMLUnknownElementImpl.dispatchEvent (/home/kinginyellow/projects/medianest/node_modules/jsdom/lib/jsdom/living/events/EventTarget-impl.js:104:17)
    at HTMLUnknownElement.dispatchEvent (/home/kinginyellow/projects/medianest/node_modules/jsdom/lib/jsdom/living/generated/EventTarget.js:241:34)
    at Object.invokeGuardedCallbackDev (/home/kinginyellow/projects/medianest/node_modules/react-dom/cjs/react-dom.development.js:4213:16)
    at invokeGuardedCallback (/home/kinginyellow/projects/medianest/node_modules/react-dom/cjs/react-dom.development.js:4277:31)
    at beginWork$1 (/home/kinginyellow/projects/medianest/node_modules/react-dom/cjs/react-dom.development.js:27490:7)
    at performUnitOfWork (/home/kinginyellow/projects/medianest/node_modules/react-dom/cjs/react-dom.development.js:26599:12) TypeError: Cannot read properties of undefined (reading 'canDownload')
    at URLSubmissionForm (/home/kinginyellow/projects/medianest/frontend/src/components/youtube/URLSubmissionForm.tsx:177:32)
    at renderWithHooks (/home/kinginyellow/projects/medianest/node_modules/react-dom/cjs/react-dom.development.js:15486:18)
    at mountIndeterminateComponent (/home/kinginyellow/projects/medianest/node_modules/react-dom/cjs/react-dom.development.js:20103:13)
    at beginWork (/home/kinginyellow/projects/medianest/node_modules/react-dom/cjs/react-dom.development.js:21626:16)
    at HTMLUnknownElement.callCallback (/home/kinginyellow/projects/medianest/node_modules/react-dom/cjs/react-dom.development.js:4164:14)
    at HTMLUnknownElement.callTheUserObjectsOperation (/home/kinginyellow/projects/medianest/node_modules/jsdom/lib/jsdom/living/generated/EventListener.js:26:30)
    at innerInvokeEventListeners (/home/kinginyellow/projects/medianest/node_modules/jsdom/lib/jsdom/living/events/EventTarget-impl.js:350:25)
    at invokeEventListeners (/home/kinginyellow/projects/medianest/node_modules/jsdom/lib/jsdom/living/events/EventTarget-impl.js:286:3)
    at HTMLUnknownElementImpl._dispatch (/home/kinginyellow/projects/medianest/node_modules/jsdom/lib/jsdom/living/events/EventTarget-impl.js:233:9)
    at HTMLUnknownElementImpl.dispatchEvent (/home/kinginyellow/projects/medianest/node_modules/jsdom/lib/jsdom/living/events/EventTarget-impl.js:104:17)
The above error occurred in the <URLSubmissionForm> component:

    at URLSubmissionForm (/home/kinginyellow/projects/medianest/frontend/src/components/youtube/URLSubmissionForm.tsx:33:3)
    at QueryClientProvider (file:///home/kinginyellow/projects/medianest/node_modules/@tanstack/react-query/build/modern/QueryClientProvider.js:20:3)
    at Wrapper (/home/kinginyellow/projects/medianest/frontend/src/components/youtube/__tests__/URLSubmissionForm.test.tsx:36:29)

Consider adding an error boundary to your tree to customize error handling behavior.
Visit https://reactjs.org/link/error-boundaries to learn more about error boundaries.

stderr | src/components/youtube/__tests__/URLSubmissionForm.test.tsx > URLSubmissionForm > handles API errors gracefully
Error: Uncaught [TypeError: Cannot read properties of undefined (reading 'canDownload')]
    at reportException (/home/kinginyellow/projects/medianest/node_modules/jsdom/lib/jsdom/living/helpers/runtime-script-errors.js:66:24)
    at innerInvokeEventListeners (/home/kinginyellow/projects/medianest/node_modules/jsdom/lib/jsdom/living/events/EventTarget-impl.js:353:9)
    at invokeEventListeners (/home/kinginyellow/projects/medianest/node_modules/jsdom/lib/jsdom/living/events/EventTarget-impl.js:286:3)
    at HTMLUnknownElementImpl._dispatch (/home/kinginyellow/projects/medianest/node_modules/jsdom/lib/jsdom/living/events/EventTarget-impl.js:233:9)
    at HTMLUnknownElementImpl.dispatchEvent (/home/kinginyellow/projects/medianest/node_modules/jsdom/lib/jsdom/living/events/EventTarget-impl.js:104:17)
    at HTMLUnknownElement.dispatchEvent (/home/kinginyellow/projects/medianest/node_modules/jsdom/lib/jsdom/living/generated/EventTarget.js:241:34)
    at Object.invokeGuardedCallbackDev (/home/kinginyellow/projects/medianest/node_modules/react-dom/cjs/react-dom.development.js:4213:16)
    at invokeGuardedCallback (/home/kinginyellow/projects/medianest/node_modules/react-dom/cjs/react-dom.development.js:4277:31)
    at beginWork$1 (/home/kinginyellow/projects/medianest/node_modules/react-dom/cjs/react-dom.development.js:27490:7)
    at performUnitOfWork (/home/kinginyellow/projects/medianest/node_modules/react-dom/cjs/react-dom.development.js:26599:12) TypeError: Cannot read properties of undefined (reading 'canDownload')
    at URLSubmissionForm (/home/kinginyellow/projects/medianest/frontend/src/components/youtube/URLSubmissionForm.tsx:177:32)
    at renderWithHooks (/home/kinginyellow/projects/medianest/node_modules/react-dom/cjs/react-dom.development.js:15486:18)
    at mountIndeterminateComponent (/home/kinginyellow/projects/medianest/node_modules/react-dom/cjs/react-dom.development.js:20103:13)
    at beginWork (/home/kinginyellow/projects/medianest/node_modules/react-dom/cjs/react-dom.development.js:21626:16)
    at HTMLUnknownElement.callCallback (/home/kinginyellow/projects/medianest/node_modules/react-dom/cjs/react-dom.development.js:4164:14)
    at HTMLUnknownElement.callTheUserObjectsOperation (/home/kinginyellow/projects/medianest/node_modules/jsdom/lib/jsdom/living/generated/EventListener.js:26:30)
    at innerInvokeEventListeners (/home/kinginyellow/projects/medianest/node_modules/jsdom/lib/jsdom/living/events/EventTarget-impl.js:350:25)
    at invokeEventListeners (/home/kinginyellow/projects/medianest/node_modules/jsdom/lib/jsdom/living/events/EventTarget-impl.js:286:3)
    at HTMLUnknownElementImpl._dispatch (/home/kinginyellow/projects/medianest/node_modules/jsdom/lib/jsdom/living/events/EventTarget-impl.js:233:9)
    at HTMLUnknownElementImpl.dispatchEvent (/home/kinginyellow/projects/medianest/node_modules/jsdom/lib/jsdom/living/events/EventTarget-impl.js:104:17)
Error: Uncaught [TypeError: Cannot read properties of undefined (reading 'canDownload')]
    at reportException (/home/kinginyellow/projects/medianest/node_modules/jsdom/lib/jsdom/living/helpers/runtime-script-errors.js:66:24)
    at innerInvokeEventListeners (/home/kinginyellow/projects/medianest/node_modules/jsdom/lib/jsdom/living/events/EventTarget-impl.js:353:9)
    at invokeEventListeners (/home/kinginyellow/projects/medianest/node_modules/jsdom/lib/jsdom/living/events/EventTarget-impl.js:286:3)
    at HTMLUnknownElementImpl._dispatch (/home/kinginyellow/projects/medianest/node_modules/jsdom/lib/jsdom/living/events/EventTarget-impl.js:233:9)
    at HTMLUnknownElementImpl.dispatchEvent (/home/kinginyellow/projects/medianest/node_modules/jsdom/lib/jsdom/living/events/EventTarget-impl.js:104:17)
    at HTMLUnknownElement.dispatchEvent (/home/kinginyellow/projects/medianest/node_modules/jsdom/lib/jsdom/living/generated/EventTarget.js:241:34)
    at Object.invokeGuardedCallbackDev (/home/kinginyellow/projects/medianest/node_modules/react-dom/cjs/react-dom.development.js:4213:16)
    at invokeGuardedCallback (/home/kinginyellow/projects/medianest/node_modules/react-dom/cjs/react-dom.development.js:4277:31)
    at beginWork$1 (/home/kinginyellow/projects/medianest/node_modules/react-dom/cjs/react-dom.development.js:27490:7)
    at performUnitOfWork (/home/kinginyellow/projects/medianest/node_modules/react-dom/cjs/react-dom.development.js:26599:12) TypeError: Cannot read properties of undefined (reading 'canDownload')
    at URLSubmissionForm (/home/kinginyellow/projects/medianest/frontend/src/components/youtube/URLSubmissionForm.tsx:177:32)
    at renderWithHooks (/home/kinginyellow/projects/medianest/node_modules/react-dom/cjs/react-dom.development.js:15486:18)
    at mountIndeterminateComponent (/home/kinginyellow/projects/medianest/node_modules/react-dom/cjs/react-dom.development.js:20103:13)
    at beginWork (/home/kinginyellow/projects/medianest/node_modules/react-dom/cjs/react-dom.development.js:21626:16)
    at HTMLUnknownElement.callCallback (/home/kinginyellow/projects/medianest/node_modules/react-dom/cjs/react-dom.development.js:4164:14)
    at HTMLUnknownElement.callTheUserObjectsOperation (/home/kinginyellow/projects/medianest/node_modules/jsdom/lib/jsdom/living/generated/EventListener.js:26:30)
    at innerInvokeEventListeners (/home/kinginyellow/projects/medianest/node_modules/jsdom/lib/jsdom/living/events/EventTarget-impl.js:350:25)
    at invokeEventListeners (/home/kinginyellow/projects/medianest/node_modules/jsdom/lib/jsdom/living/events/EventTarget-impl.js:286:3)
    at HTMLUnknownElementImpl._dispatch (/home/kinginyellow/projects/medianest/node_modules/jsdom/lib/jsdom/living/events/EventTarget-impl.js:233:9)
    at HTMLUnknownElementImpl.dispatchEvent (/home/kinginyellow/projects/medianest/node_modules/jsdom/lib/jsdom/living/events/EventTarget-impl.js:104:17)
The above error occurred in the <URLSubmissionForm> component:

    at URLSubmissionForm (/home/kinginyellow/projects/medianest/frontend/src/components/youtube/URLSubmissionForm.tsx:33:3)
    at QueryClientProvider (file:///home/kinginyellow/projects/medianest/node_modules/@tanstack/react-query/build/modern/QueryClientProvider.js:20:3)
    at Wrapper (/home/kinginyellow/projects/medianest/frontend/src/components/youtube/__tests__/URLSubmissionForm.test.tsx:36:29)

Consider adding an error boundary to your tree to customize error handling behavior.
Visit https://reactjs.org/link/error-boundaries to learn more about error boundaries.

 ❯ |backend| tests/integration/uptime-kuma/uptime-kuma.client.test.ts  (0 test)
 ❯ |backend| tests/integration/overseerr/overseerr.client.test.ts  (0 test)
 ❯ |backend| src/controllers/__tests__/plex.collections.test.ts  (0 test)
 ❯ |backend| tests/unit/utils/jwt.test.ts  (0 test)
 ❯ |backend| tests/unit/utils/retry.test.ts  (0 test)
 ❯ |backend| tests/unit/middleware/correlation-id.test.ts  (0 test)
 ❯ |frontend| src/lib/api/__tests__/requests.test.ts  (0 test)
 ❯ |frontend| src/components/youtube/__tests__/CollectionProgress.test.tsx  (0 test)
 ✓ |backend| tests/integration/api/health.test.ts  (3 tests) 92ms
 ❯ |frontend| src/hooks/__tests__/useMediaRequest.test.ts  (0 test)
 ❯ |frontend| src/components/media/__tests__/RequestModal.test.tsx  (13 tests | 12 failed) 79ms
   ❯ src/components/media/__tests__/RequestModal.test.tsx > RequestModal > should render movie details when open
     → Element type is invalid: expected a string (for built-in components) or a class/function (for composite components) but got: undefined. You likely forgot to export your component from the file it's defined in, or you might have mixed up default and named imports.

Check the render method of `RequestModal`.
   ❯ src/components/media/__tests__/RequestModal.test.tsx > RequestModal > should render TV show details with season selector
     → Element type is invalid: expected a string (for built-in components) or a class/function (for composite components) but got: undefined. You likely forgot to export your component from the file it's defined in, or you might have mixed up default and named imports.

Check the render method of `RequestModal`.
   ❯ src/components/media/__tests__/RequestModal.test.tsx > RequestModal > should handle season selection for TV shows
     → Element type is invalid: expected a string (for built-in components) or a class/function (for composite components) but got: undefined. You likely forgot to export your component from the file it's defined in, or you might have mixed up default and named imports.

Check the render method of `RequestModal`.
   ❯ src/components/media/__tests__/RequestModal.test.tsx > RequestModal > should disable submit button when rate limit is exceeded
     → Element type is invalid: expected a string (for built-in components) or a class/function (for composite components) but got: undefined. You likely forgot to export your component from the file it's defined in, or you might have mixed up default and named imports.

Check the render method of `RequestModal`.
   ❯ src/components/media/__tests__/RequestModal.test.tsx > RequestModal > should show remaining requests when available
     → Element type is invalid: expected a string (for built-in components) or a class/function (for composite components) but got: undefined. You likely forgot to export your component from the file it's defined in, or you might have mixed up default and named imports.

Check the render method of `RequestModal`.
   ❯ src/components/media/__tests__/RequestModal.test.tsx > RequestModal > should submit movie request
     → Element type is invalid: expected a string (for built-in components) or a class/function (for composite components) but got: undefined. You likely forgot to export your component from the file it's defined in, or you might have mixed up default and named imports.

Check the render method of `RequestModal`.
   ❯ src/components/media/__tests__/RequestModal.test.tsx > RequestModal > should submit TV show request with selected seasons
     → Element type is invalid: expected a string (for built-in components) or a class/function (for composite components) but got: undefined. You likely forgot to export your component from the file it's defined in, or you might have mixed up default and named imports.

Check the render method of `RequestModal`.
   ❯ src/components/media/__tests__/RequestModal.test.tsx > RequestModal > should disable submit button for TV shows with no seasons selected
     → Element type is invalid: expected a string (for built-in components) or a class/function (for composite components) but got: undefined. You likely forgot to export your component from the file it's defined in, or you might have mixed up default and named imports.

Check the render method of `RequestModal`.
   ❯ src/components/media/__tests__/RequestModal.test.tsx > RequestModal > should close modal when cancel is clicked
     → Element type is invalid: expected a string (for built-in components) or a class/function (for composite components) but got: undefined. You likely forgot to export your component from the file it's defined in, or you might have mixed up default and named imports.

Check the render method of `RequestModal`.
   ❯ src/components/media/__tests__/RequestModal.test.tsx > RequestModal > should close modal when X button is clicked
     → Element type is invalid: expected a string (for built-in components) or a class/function (for composite components) but got: undefined. You likely forgot to export your component from the file it's defined in, or you might have mixed up default and named imports.

Check the render method of `RequestModal`.
   ❯ src/components/media/__tests__/RequestModal.test.tsx > RequestModal > should show loading state while submitting
     → Element type is invalid: expected a string (for built-in components) or a class/function (for composite components) but got: undefined. You likely forgot to export your component from the file it's defined in, or you might have mixed up default and named imports.

Check the render method of `RequestModal`.
   ❯ src/components/media/__tests__/RequestModal.test.tsx > RequestModal > should handle unavailable media
     → Element type is invalid: expected a string (for built-in components) or a class/function (for composite components) but got: undefined. You likely forgot to export your component from the file it's defined in, or you might have mixed up default and named imports.

Check the render method of `RequestModal`.
stderr | src/components/media/__tests__/RequestModal.test.tsx > RequestModal > should not render when isOpen is false
Warning: React.jsx: type is invalid -- expected a string (for built-in components) or a class/function (for composite components) but got: undefined. You likely forgot to export your component from the file it's defined in, or you might have mixed up default and named imports.

Check your code at RequestModal.tsx:81.
    at RequestModal (/home/kinginyellow/projects/medianest/frontend/src/components/media/RequestModal.tsx:19:25)
Warning: React.jsx: type is invalid -- expected a string (for built-in components) or a class/function (for composite components) but got: undefined. You likely forgot to export your component from the file it's defined in, or you might have mixed up default and named imports.

Check your code at RequestModal.tsx:60.
    at RequestModal (/home/kinginyellow/projects/medianest/frontend/src/components/media/RequestModal.tsx:19:25)

stderr | src/components/media/__tests__/RequestModal.test.tsx > RequestModal > should render movie details when open
Warning: React.jsx: type is invalid -- expected a string (for built-in components) or a class/function (for composite components) but got: undefined. You likely forgot to export your component from the file it's defined in, or you might have mixed up default and named imports.

Check your code at RequestModal.tsx:81.
    at RequestModal (/home/kinginyellow/projects/medianest/frontend/src/components/media/RequestModal.tsx:19:25)
Warning: React.jsx: type is invalid -- expected a string (for built-in components) or a class/function (for composite components) but got: undefined. You likely forgot to export your component from the file it's defined in, or you might have mixed up default and named imports.

Check your code at RequestModal.tsx:60.
    at RequestModal (/home/kinginyellow/projects/medianest/frontend/src/components/media/RequestModal.tsx:19:25)
Error: Uncaught [Error: Element type is invalid: expected a string (for built-in components) or a class/function (for composite components) but got: undefined. You likely forgot to export your component from the file it's defined in, or you might have mixed up default and named imports.

Check the render method of `RequestModal`.]
    at reportException (/home/kinginyellow/projects/medianest/node_modules/jsdom/lib/jsdom/living/helpers/runtime-script-errors.js:66:24)
    at innerInvokeEventListeners (/home/kinginyellow/projects/medianest/node_modules/jsdom/lib/jsdom/living/events/EventTarget-impl.js:353:9)
    at invokeEventListeners (/home/kinginyellow/projects/medianest/node_modules/jsdom/lib/jsdom/living/events/EventTarget-impl.js:286:3)
    at HTMLUnknownElementImpl._dispatch (/home/kinginyellow/projects/medianest/node_modules/jsdom/lib/jsdom/living/events/EventTarget-impl.js:233:9)
    at HTMLUnknownElementImpl.dispatchEvent (/home/kinginyellow/projects/medianest/node_modules/jsdom/lib/jsdom/living/events/EventTarget-impl.js:104:17)
    at HTMLUnknownElement.dispatchEvent (/home/kinginyellow/projects/medianest/node_modules/jsdom/lib/jsdom/living/generated/EventTarget.js:241:34)
    at Object.invokeGuardedCallbackDev (/home/kinginyellow/projects/medianest/node_modules/react-dom/cjs/react-dom.development.js:4213:16)
    at invokeGuardedCallback (/home/kinginyellow/projects/medianest/node_modules/react-dom/cjs/react-dom.development.js:4277:31)
    at beginWork$1 (/home/kinginyellow/projects/medianest/node_modules/react-dom/cjs/react-dom.development.js:27490:7)
    at performUnitOfWork (/home/kinginyellow/projects/medianest/node_modules/react-dom/cjs/react-dom.development.js:26599:12) Error: Element type is invalid: expected a string (for built-in components) or a class/function (for composite components) but got: undefined. You likely forgot to export your component from the file it's defined in, or you might have mixed up default and named imports.

Check the render method of `RequestModal`.
    at createFiberFromTypeAndProps (/home/kinginyellow/projects/medianest/node_modules/react-dom/cjs/react-dom.development.js:28478:17)
    at createFiberFromElement (/home/kinginyellow/projects/medianest/node_modules/react-dom/cjs/react-dom.development.js:28504:15)
    at reconcileSingleElement (/home/kinginyellow/projects/medianest/node_modules/react-dom/cjs/react-dom.development.js:13986:23)
    at reconcileChildFibers (/home/kinginyellow/projects/medianest/node_modules/react-dom/cjs/react-dom.development.js:14044:35)
    at reconcileChildren (/home/kinginyellow/projects/medianest/node_modules/react-dom/cjs/react-dom.development.js:19186:28)
    at updateHostComponent (/home/kinginyellow/projects/medianest/node_modules/react-dom/cjs/react-dom.development.js:19953:3)
    at beginWork (/home/kinginyellow/projects/medianest/node_modules/react-dom/cjs/react-dom.development.js:21657:14)
    at HTMLUnknownElement.callCallback (/home/kinginyellow/projects/medianest/node_modules/react-dom/cjs/react-dom.development.js:4164:14)
    at HTMLUnknownElement.callTheUserObjectsOperation (/home/kinginyellow/projects/medianest/node_modules/jsdom/lib/jsdom/living/generated/EventListener.js:26:30)
    at innerInvokeEventListeners (/home/kinginyellow/projects/medianest/node_modules/jsdom/lib/jsdom/living/events/EventTarget-impl.js:350:25)
Warning: React.jsx: type is invalid -- expected a string (for built-in components) or a class/function (for composite components) but got: undefined. You likely forgot to export your component from the file it's defined in, or you might have mixed up default and named imports.

Check your code at RequestModal.tsx:81.
    at RequestModal (/home/kinginyellow/projects/medianest/frontend/src/components/media/RequestModal.tsx:19:25)
Warning: React.jsx: type is invalid -- expected a string (for built-in components) or a class/function (for composite components) but got: undefined. You likely forgot to export your component from the file it's defined in, or you might have mixed up default and named imports.

Check your code at RequestModal.tsx:60.
    at RequestModal (/home/kinginyellow/projects/medianest/frontend/src/components/media/RequestModal.tsx:19:25)
Error: Uncaught [Error: Element type is invalid: expected a string (for built-in components) or a class/function (for composite components) but got: undefined. You likely forgot to export your component from the file it's defined in, or you might have mixed up default and named imports.

Check the render method of `RequestModal`.]
    at reportException (/home/kinginyellow/projects/medianest/node_modules/jsdom/lib/jsdom/living/helpers/runtime-script-errors.js:66:24)
    at innerInvokeEventListeners (/home/kinginyellow/projects/medianest/node_modules/jsdom/lib/jsdom/living/events/EventTarget-impl.js:353:9)
    at invokeEventListeners (/home/kinginyellow/projects/medianest/node_modules/jsdom/lib/jsdom/living/events/EventTarget-impl.js:286:3)
    at HTMLUnknownElementImpl._dispatch (/home/kinginyellow/projects/medianest/node_modules/jsdom/lib/jsdom/living/events/EventTarget-impl.js:233:9)
    at HTMLUnknownElementImpl.dispatchEvent (/home/kinginyellow/projects/medianest/node_modules/jsdom/lib/jsdom/living/events/EventTarget-impl.js:104:17)
    at HTMLUnknownElement.dispatchEvent (/home/kinginyellow/projects/medianest/node_modules/jsdom/lib/jsdom/living/generated/EventTarget.js:241:34)
    at Object.invokeGuardedCallbackDev (/home/kinginyellow/projects/medianest/node_modules/react-dom/cjs/react-dom.development.js:4213:16)
    at invokeGuardedCallback (/home/kinginyellow/projects/medianest/node_modules/react-dom/cjs/react-dom.development.js:4277:31)
    at beginWork$1 (/home/kinginyellow/projects/medianest/node_modules/react-dom/cjs/react-dom.development.js:27490:7)
    at performUnitOfWork (/home/kinginyellow/projects/medianest/node_modules/react-dom/cjs/react-dom.development.js:26599:12) Error: Element type is invalid: expected a string (for built-in components) or a class/function (for composite components) but got: undefined. You likely forgot to export your component from the file it's defined in, or you might have mixed up default and named imports.

Check the render method of `RequestModal`.
    at createFiberFromTypeAndProps (/home/kinginyellow/projects/medianest/node_modules/react-dom/cjs/react-dom.development.js:28478:17)
    at createFiberFromElement (/home/kinginyellow/projects/medianest/node_modules/react-dom/cjs/react-dom.development.js:28504:15)
    at reconcileSingleElement (/home/kinginyellow/projects/medianest/node_modules/react-dom/cjs/react-dom.development.js:13986:23)
    at reconcileChildFibers (/home/kinginyellow/projects/medianest/node_modules/react-dom/cjs/react-dom.development.js:14044:35)
    at reconcileChildren (/home/kinginyellow/projects/medianest/node_modules/react-dom/cjs/react-dom.development.js:19186:28)
    at updateHostComponent (/home/kinginyellow/projects/medianest/node_modules/react-dom/cjs/react-dom.development.js:19953:3)
    at beginWork (/home/kinginyellow/projects/medianest/node_modules/react-dom/cjs/react-dom.development.js:21657:14)
    at HTMLUnknownElement.callCallback (/home/kinginyellow/projects/medianest/node_modules/react-dom/cjs/react-dom.development.js:4164:14)
    at HTMLUnknownElement.callTheUserObjectsOperation (/home/kinginyellow/projects/medianest/node_modules/jsdom/lib/jsdom/living/generated/EventListener.js:26:30)
    at innerInvokeEventListeners (/home/kinginyellow/projects/medianest/node_modules/jsdom/lib/jsdom/living/events/EventTarget-impl.js:350:25)
The above error occurred in the <div> component:

    at div
    at div
    at Dialog (/home/kinginyellow/projects/medianest/frontend/src/components/media/__tests__/RequestModal.test.tsx:4:14)
    at RequestModal (/home/kinginyellow/projects/medianest/frontend/src/components/media/RequestModal.tsx:19:25)

Consider adding an error boundary to your tree to customize error handling behavior.
Visit https://reactjs.org/link/error-boundaries to learn more about error boundaries.

stderr | src/components/media/__tests__/RequestModal.test.tsx > RequestModal > should render TV show details with season selector
Warning: React.jsx: type is invalid -- expected a string (for built-in components) or a class/function (for composite components) but got: undefined. You likely forgot to export your component from the file it's defined in, or you might have mixed up default and named imports.

Check your code at RequestModal.tsx:81.
    at RequestModal (/home/kinginyellow/projects/medianest/frontend/src/components/media/RequestModal.tsx:19:25)
Warning: React.jsx: type is invalid -- expected a string (for built-in components) or a class/function (for composite components) but got: undefined. You likely forgot to export your component from the file it's defined in, or you might have mixed up default and named imports.

Check your code at RequestModal.tsx:60.
    at RequestModal (/home/kinginyellow/projects/medianest/frontend/src/components/media/RequestModal.tsx:19:25)
Error: Uncaught [Error: Element type is invalid: expected a string (for built-in components) or a class/function (for composite components) but got: undefined. You likely forgot to export your component from the file it's defined in, or you might have mixed up default and named imports.

Check the render method of `RequestModal`.]
    at reportException (/home/kinginyellow/projects/medianest/node_modules/jsdom/lib/jsdom/living/helpers/runtime-script-errors.js:66:24)
    at innerInvokeEventListeners (/home/kinginyellow/projects/medianest/node_modules/jsdom/lib/jsdom/living/events/EventTarget-impl.js:353:9)
    at invokeEventListeners (/home/kinginyellow/projects/medianest/node_modules/jsdom/lib/jsdom/living/events/EventTarget-impl.js:286:3)
    at HTMLUnknownElementImpl._dispatch (/home/kinginyellow/projects/medianest/node_modules/jsdom/lib/jsdom/living/events/EventTarget-impl.js:233:9)
    at HTMLUnknownElementImpl.dispatchEvent (/home/kinginyellow/projects/medianest/node_modules/jsdom/lib/jsdom/living/events/EventTarget-impl.js:104:17)
    at HTMLUnknownElement.dispatchEvent (/home/kinginyellow/projects/medianest/node_modules/jsdom/lib/jsdom/living/generated/EventTarget.js:241:34)
    at Object.invokeGuardedCallbackDev (/home/kinginyellow/projects/medianest/node_modules/react-dom/cjs/react-dom.development.js:4213:16)
    at invokeGuardedCallback (/home/kinginyellow/projects/medianest/node_modules/react-dom/cjs/react-dom.development.js:4277:31)
    at beginWork$1 (/home/kinginyellow/projects/medianest/node_modules/react-dom/cjs/react-dom.development.js:27490:7)
    at performUnitOfWork (/home/kinginyellow/projects/medianest/node_modules/react-dom/cjs/react-dom.development.js:26599:12) Error: Element type is invalid: expected a string (for built-in components) or a class/function (for composite components) but got: undefined. You likely forgot to export your component from the file it's defined in, or you might have mixed up default and named imports.

Check the render method of `RequestModal`.
    at createFiberFromTypeAndProps (/home/kinginyellow/projects/medianest/node_modules/react-dom/cjs/react-dom.development.js:28478:17)
    at createFiberFromElement (/home/kinginyellow/projects/medianest/node_modules/react-dom/cjs/react-dom.development.js:28504:15)
    at reconcileSingleElement (/home/kinginyellow/projects/medianest/node_modules/react-dom/cjs/react-dom.development.js:13986:23)
    at reconcileChildFibers (/home/kinginyellow/projects/medianest/node_modules/react-dom/cjs/react-dom.development.js:14044:35)
    at reconcileChildren (/home/kinginyellow/projects/medianest/node_modules/react-dom/cjs/react-dom.development.js:19186:28)
    at updateHostComponent (/home/kinginyellow/projects/medianest/node_modules/react-dom/cjs/react-dom.development.js:19953:3)
    at beginWork (/home/kinginyellow/projects/medianest/node_modules/react-dom/cjs/react-dom.development.js:21657:14)
    at HTMLUnknownElement.callCallback (/home/kinginyellow/projects/medianest/node_modules/react-dom/cjs/react-dom.development.js:4164:14)
    at HTMLUnknownElement.callTheUserObjectsOperation (/home/kinginyellow/projects/medianest/node_modules/jsdom/lib/jsdom/living/generated/EventListener.js:26:30)
    at innerInvokeEventListeners (/home/kinginyellow/projects/medianest/node_modules/jsdom/lib/jsdom/living/events/EventTarget-impl.js:350:25)
Warning: React.jsx: type is invalid -- expected a string (for built-in components) or a class/function (for composite components) but got: undefined. You likely forgot to export your component from the file it's defined in, or you might have mixed up default and named imports.

Check your code at RequestModal.tsx:81.
    at RequestModal (/home/kinginyellow/projects/medianest/frontend/src/components/media/RequestModal.tsx:19:25)
Warning: React.jsx: type is invalid -- expected a string (for built-in components) or a class/function (for composite components) but got: undefined. You likely forgot to export your component from the file it's defined in, or you might have mixed up default and named imports.

Check your code at RequestModal.tsx:60.
    at RequestModal (/home/kinginyellow/projects/medianest/frontend/src/components/media/RequestModal.tsx:19:25)
Error: Uncaught [Error: Element type is invalid: expected a string (for built-in components) or a class/function (for composite components) but got: undefined. You likely forgot to export your component from the file it's defined in, or you might have mixed up default and named imports.

Check the render method of `RequestModal`.]
    at reportException (/home/kinginyellow/projects/medianest/node_modules/jsdom/lib/jsdom/living/helpers/runtime-script-errors.js:66:24)
    at innerInvokeEventListeners (/home/kinginyellow/projects/medianest/node_modules/jsdom/lib/jsdom/living/events/EventTarget-impl.js:353:9)
    at invokeEventListeners (/home/kinginyellow/projects/medianest/node_modules/jsdom/lib/jsdom/living/events/EventTarget-impl.js:286:3)
    at HTMLUnknownElementImpl._dispatch (/home/kinginyellow/projects/medianest/node_modules/jsdom/lib/jsdom/living/events/EventTarget-impl.js:233:9)
    at HTMLUnknownElementImpl.dispatchEvent (/home/kinginyellow/projects/medianest/node_modules/jsdom/lib/jsdom/living/events/EventTarget-impl.js:104:17)
    at HTMLUnknownElement.dispatchEvent (/home/kinginyellow/projects/medianest/node_modules/jsdom/lib/jsdom/living/generated/EventTarget.js:241:34)
    at Object.invokeGuardedCallbackDev (/home/kinginyellow/projects/medianest/node_modules/react-dom/cjs/react-dom.development.js:4213:16)
    at invokeGuardedCallback (/home/kinginyellow/projects/medianest/node_modules/react-dom/cjs/react-dom.development.js:4277:31)
    at beginWork$1 (/home/kinginyellow/projects/medianest/node_modules/react-dom/cjs/react-dom.development.js:27490:7)
    at performUnitOfWork (/home/kinginyellow/projects/medianest/node_modules/react-dom/cjs/react-dom.development.js:26599:12) Error: Element type is invalid: expected a string (for built-in components) or a class/function (for composite components) but got: undefined. You likely forgot to export your component from the file it's defined in, or you might have mixed up default and named imports.

Check the render method of `RequestModal`.
    at createFiberFromTypeAndProps (/home/kinginyellow/projects/medianest/node_modules/react-dom/cjs/react-dom.development.js:28478:17)
    at createFiberFromElement (/home/kinginyellow/projects/medianest/node_modules/react-dom/cjs/react-dom.development.js:28504:15)
    at reconcileSingleElement (/home/kinginyellow/projects/medianest/node_modules/react-dom/cjs/react-dom.development.js:13986:23)
    at reconcileChildFibers (/home/kinginyellow/projects/medianest/node_modules/react-dom/cjs/react-dom.development.js:14044:35)
    at reconcileChildren (/home/kinginyellow/projects/medianest/node_modules/react-dom/cjs/react-dom.development.js:19186:28)
    at updateHostComponent (/home/kinginyellow/projects/medianest/node_modules/react-dom/cjs/react-dom.development.js:19953:3)
    at beginWork (/home/kinginyellow/projects/medianest/node_modules/react-dom/cjs/react-dom.development.js:21657:14)
    at HTMLUnknownElement.callCallback (/home/kinginyellow/projects/medianest/node_modules/react-dom/cjs/react-dom.development.js:4164:14)
    at HTMLUnknownElement.callTheUserObjectsOperation (/home/kinginyellow/projects/medianest/node_modules/jsdom/lib/jsdom/living/generated/EventListener.js:26:30)
    at innerInvokeEventListeners (/home/kinginyellow/projects/medianest/node_modules/jsdom/lib/jsdom/living/events/EventTarget-impl.js:350:25)
The above error occurred in the <div> component:

    at div
    at div
    at Dialog (/home/kinginyellow/projects/medianest/frontend/src/components/media/__tests__/RequestModal.test.tsx:4:14)
    at RequestModal (/home/kinginyellow/projects/medianest/frontend/src/components/media/RequestModal.tsx:19:25)

Consider adding an error boundary to your tree to customize error handling behavior.
Visit https://reactjs.org/link/error-boundaries to learn more about error boundaries.

stderr | src/components/media/__tests__/RequestModal.test.tsx > RequestModal > should handle season selection for TV shows
Warning: React.jsx: type is invalid -- expected a string (for built-in components) or a class/function (for composite components) but got: undefined. You likely forgot to export your component from the file it's defined in, or you might have mixed up default and named imports.

Check your code at RequestModal.tsx:81.
    at RequestModal (/home/kinginyellow/projects/medianest/frontend/src/components/media/RequestModal.tsx:19:25)
Warning: React.jsx: type is invalid -- expected a string (for built-in components) or a class/function (for composite components) but got: undefined. You likely forgot to export your component from the file it's defined in, or you might have mixed up default and named imports.

Check your code at RequestModal.tsx:60.
    at RequestModal (/home/kinginyellow/projects/medianest/frontend/src/components/media/RequestModal.tsx:19:25)
Error: Uncaught [Error: Element type is invalid: expected a string (for built-in components) or a class/function (for composite components) but got: undefined. You likely forgot to export your component from the file it's defined in, or you might have mixed up default and named imports.

Check the render method of `RequestModal`.]
    at reportException (/home/kinginyellow/projects/medianest/node_modules/jsdom/lib/jsdom/living/helpers/runtime-script-errors.js:66:24)
    at innerInvokeEventListeners (/home/kinginyellow/projects/medianest/node_modules/jsdom/lib/jsdom/living/events/EventTarget-impl.js:353:9)
    at invokeEventListeners (/home/kinginyellow/projects/medianest/node_modules/jsdom/lib/jsdom/living/events/EventTarget-impl.js:286:3)
    at HTMLUnknownElementImpl._dispatch (/home/kinginyellow/projects/medianest/node_modules/jsdom/lib/jsdom/living/events/EventTarget-impl.js:233:9)
    at HTMLUnknownElementImpl.dispatchEvent (/home/kinginyellow/projects/medianest/node_modules/jsdom/lib/jsdom/living/events/EventTarget-impl.js:104:17)
    at HTMLUnknownElement.dispatchEvent (/home/kinginyellow/projects/medianest/node_modules/jsdom/lib/jsdom/living/generated/EventTarget.js:241:34)
    at Object.invokeGuardedCallbackDev (/home/kinginyellow/projects/medianest/node_modules/react-dom/cjs/react-dom.development.js:4213:16)
    at invokeGuardedCallback (/home/kinginyellow/projects/medianest/node_modules/react-dom/cjs/react-dom.development.js:4277:31)
    at beginWork$1 (/home/kinginyellow/projects/medianest/node_modules/react-dom/cjs/react-dom.development.js:27490:7)
    at performUnitOfWork (/home/kinginyellow/projects/medianest/node_modules/react-dom/cjs/react-dom.development.js:26599:12) Error: Element type is invalid: expected a string (for built-in components) or a class/function (for composite components) but got: undefined. You likely forgot to export your component from the file it's defined in, or you might have mixed up default and named imports.

Check the render method of `RequestModal`.
    at createFiberFromTypeAndProps (/home/kinginyellow/projects/medianest/node_modules/react-dom/cjs/react-dom.development.js:28478:17)
    at createFiberFromElement (/home/kinginyellow/projects/medianest/node_modules/react-dom/cjs/react-dom.development.js:28504:15)
    at reconcileSingleElement (/home/kinginyellow/projects/medianest/node_modules/react-dom/cjs/react-dom.development.js:13986:23)
    at reconcileChildFibers (/home/kinginyellow/projects/medianest/node_modules/react-dom/cjs/react-dom.development.js:14044:35)
    at reconcileChildren (/home/kinginyellow/projects/medianest/node_modules/react-dom/cjs/react-dom.development.js:19186:28)
    at updateHostComponent (/home/kinginyellow/projects/medianest/node_modules/react-dom/cjs/react-dom.development.js:19953:3)
    at beginWork (/home/kinginyellow/projects/medianest/node_modules/react-dom/cjs/react-dom.development.js:21657:14)
    at HTMLUnknownElement.callCallback (/home/kinginyellow/projects/medianest/node_modules/react-dom/cjs/react-dom.development.js:4164:14)
    at HTMLUnknownElement.callTheUserObjectsOperation (/home/kinginyellow/projects/medianest/node_modules/jsdom/lib/jsdom/living/generated/EventListener.js:26:30)
    at innerInvokeEventListeners (/home/kinginyellow/projects/medianest/node_modules/jsdom/lib/jsdom/living/events/EventTarget-impl.js:350:25)
Warning: React.jsx: type is invalid -- expected a string (for built-in components) or a class/function (for composite components) but got: undefined. You likely forgot to export your component from the file it's defined in, or you might have mixed up default and named imports.

Check your code at RequestModal.tsx:81.
    at RequestModal (/home/kinginyellow/projects/medianest/frontend/src/components/media/RequestModal.tsx:19:25)
Warning: React.jsx: type is invalid -- expected a string (for built-in components) or a class/function (for composite components) but got: undefined. You likely forgot to export your component from the file it's defined in, or you might have mixed up default and named imports.

Check your code at RequestModal.tsx:60.
    at RequestModal (/home/kinginyellow/projects/medianest/frontend/src/components/media/RequestModal.tsx:19:25)
Error: Uncaught [Error: Element type is invalid: expected a string (for built-in components) or a class/function (for composite components) but got: undefined. You likely forgot to export your component from the file it's defined in, or you might have mixed up default and named imports.

Check the render method of `RequestModal`.]
    at reportException (/home/kinginyellow/projects/medianest/node_modules/jsdom/lib/jsdom/living/helpers/runtime-script-errors.js:66:24)
    at innerInvokeEventListeners (/home/kinginyellow/projects/medianest/node_modules/jsdom/lib/jsdom/living/events/EventTarget-impl.js:353:9)
    at invokeEventListeners (/home/kinginyellow/projects/medianest/node_modules/jsdom/lib/jsdom/living/events/EventTarget-impl.js:286:3)
    at HTMLUnknownElementImpl._dispatch (/home/kinginyellow/projects/medianest/node_modules/jsdom/lib/jsdom/living/events/EventTarget-impl.js:233:9)
    at HTMLUnknownElementImpl.dispatchEvent (/home/kinginyellow/projects/medianest/node_modules/jsdom/lib/jsdom/living/events/EventTarget-impl.js:104:17)
    at HTMLUnknownElement.dispatchEvent (/home/kinginyellow/projects/medianest/node_modules/jsdom/lib/jsdom/living/generated/EventTarget.js:241:34)
    at Object.invokeGuardedCallbackDev (/home/kinginyellow/projects/medianest/node_modules/react-dom/cjs/react-dom.development.js:4213:16)
    at invokeGuardedCallback (/home/kinginyellow/projects/medianest/node_modules/react-dom/cjs/react-dom.development.js:4277:31)
    at beginWork$1 (/home/kinginyellow/projects/medianest/node_modules/react-dom/cjs/react-dom.development.js:27490:7)
    at performUnitOfWork (/home/kinginyellow/projects/medianest/node_modules/react-dom/cjs/react-dom.development.js:26599:12) Error: Element type is invalid: expected a string (for built-in components) or a class/function (for composite components) but got: undefined. You likely forgot to export your component from the file it's defined in, or you might have mixed up default and named imports.

Check the render method of `RequestModal`.
    at createFiberFromTypeAndProps (/home/kinginyellow/projects/medianest/node_modules/react-dom/cjs/react-dom.development.js:28478:17)
    at createFiberFromElement (/home/kinginyellow/projects/medianest/node_modules/react-dom/cjs/react-dom.development.js:28504:15)
    at reconcileSingleElement (/home/kinginyellow/projects/medianest/node_modules/react-dom/cjs/react-dom.development.js:13986:23)
    at reconcileChildFibers (/home/kinginyellow/projects/medianest/node_modules/react-dom/cjs/react-dom.development.js:14044:35)
    at reconcileChildren (/home/kinginyellow/projects/medianest/node_modules/react-dom/cjs/react-dom.development.js:19186:28)
    at updateHostComponent (/home/kinginyellow/projects/medianest/node_modules/react-dom/cjs/react-dom.development.js:19953:3)
    at beginWork (/home/kinginyellow/projects/medianest/node_modules/react-dom/cjs/react-dom.development.js:21657:14)
    at HTMLUnknownElement.callCallback (/home/kinginyellow/projects/medianest/node_modules/react-dom/cjs/react-dom.development.js:4164:14)
    at HTMLUnknownElement.callTheUserObjectsOperation (/home/kinginyellow/projects/medianest/node_modules/jsdom/lib/jsdom/living/generated/EventListener.js:26:30)
    at innerInvokeEventListeners (/home/kinginyellow/projects/medianest/node_modules/jsdom/lib/jsdom/living/events/EventTarget-impl.js:350:25)
The above error occurred in the <div> component:

    at div
    at div
    at Dialog (/home/kinginyellow/projects/medianest/frontend/src/components/media/__tests__/RequestModal.test.tsx:4:14)
    at RequestModal (/home/kinginyellow/projects/medianest/frontend/src/components/media/RequestModal.tsx:19:25)

Consider adding an error boundary to your tree to customize error handling behavior.
Visit https://reactjs.org/link/error-boundaries to learn more about error boundaries.

stderr | src/components/media/__tests__/RequestModal.test.tsx > RequestModal > should disable submit button when rate limit is exceeded
Warning: React.jsx: type is invalid -- expected a string (for built-in components) or a class/function (for composite components) but got: undefined. You likely forgot to export your component from the file it's defined in, or you might have mixed up default and named imports.

Check your code at RequestModal.tsx:81.
    at RequestModal (/home/kinginyellow/projects/medianest/frontend/src/components/media/RequestModal.tsx:19:25)
Warning: React.jsx: type is invalid -- expected a string (for built-in components) or a class/function (for composite components) but got: undefined. You likely forgot to export your component from the file it's defined in, or you might have mixed up default and named imports.

Check your code at RequestModal.tsx:60.
    at RequestModal (/home/kinginyellow/projects/medianest/frontend/src/components/media/RequestModal.tsx:19:25)
Error: Uncaught [Error: Element type is invalid: expected a string (for built-in components) or a class/function (for composite components) but got: undefined. You likely forgot to export your component from the file it's defined in, or you might have mixed up default and named imports.

Check the render method of `RequestModal`.]
    at reportException (/home/kinginyellow/projects/medianest/node_modules/jsdom/lib/jsdom/living/helpers/runtime-script-errors.js:66:24)
    at innerInvokeEventListeners (/home/kinginyellow/projects/medianest/node_modules/jsdom/lib/jsdom/living/events/EventTarget-impl.js:353:9)
    at invokeEventListeners (/home/kinginyellow/projects/medianest/node_modules/jsdom/lib/jsdom/living/events/EventTarget-impl.js:286:3)
    at HTMLUnknownElementImpl._dispatch (/home/kinginyellow/projects/medianest/node_modules/jsdom/lib/jsdom/living/events/EventTarget-impl.js:233:9)
    at HTMLUnknownElementImpl.dispatchEvent (/home/kinginyellow/projects/medianest/node_modules/jsdom/lib/jsdom/living/events/EventTarget-impl.js:104:17)
    at HTMLUnknownElement.dispatchEvent (/home/kinginyellow/projects/medianest/node_modules/jsdom/lib/jsdom/living/generated/EventTarget.js:241:34)
    at Object.invokeGuardedCallbackDev (/home/kinginyellow/projects/medianest/node_modules/react-dom/cjs/react-dom.development.js:4213:16)
    at invokeGuardedCallback (/home/kinginyellow/projects/medianest/node_modules/react-dom/cjs/react-dom.development.js:4277:31)
    at beginWork$1 (/home/kinginyellow/projects/medianest/node_modules/react-dom/cjs/react-dom.development.js:27490:7)
    at performUnitOfWork (/home/kinginyellow/projects/medianest/node_modules/react-dom/cjs/react-dom.development.js:26599:12) Error: Element type is invalid: expected a string (for built-in components) or a class/function (for composite components) but got: undefined. You likely forgot to export your component from the file it's defined in, or you might have mixed up default and named imports.

Check the render method of `RequestModal`.
    at createFiberFromTypeAndProps (/home/kinginyellow/projects/medianest/node_modules/react-dom/cjs/react-dom.development.js:28478:17)
    at createFiberFromElement (/home/kinginyellow/projects/medianest/node_modules/react-dom/cjs/react-dom.development.js:28504:15)
    at reconcileSingleElement (/home/kinginyellow/projects/medianest/node_modules/react-dom/cjs/react-dom.development.js:13986:23)
    at reconcileChildFibers (/home/kinginyellow/projects/medianest/node_modules/react-dom/cjs/react-dom.development.js:14044:35)
    at reconcileChildren (/home/kinginyellow/projects/medianest/node_modules/react-dom/cjs/react-dom.development.js:19186:28)
    at updateHostComponent (/home/kinginyellow/projects/medianest/node_modules/react-dom/cjs/react-dom.development.js:19953:3)
    at beginWork (/home/kinginyellow/projects/medianest/node_modules/react-dom/cjs/react-dom.development.js:21657:14)
    at HTMLUnknownElement.callCallback (/home/kinginyellow/projects/medianest/node_modules/react-dom/cjs/react-dom.development.js:4164:14)
    at HTMLUnknownElement.callTheUserObjectsOperation (/home/kinginyellow/projects/medianest/node_modules/jsdom/lib/jsdom/living/generated/EventListener.js:26:30)
    at innerInvokeEventListeners (/home/kinginyellow/projects/medianest/node_modules/jsdom/lib/jsdom/living/events/EventTarget-impl.js:350:25)
Warning: React.jsx: type is invalid -- expected a string (for built-in components) or a class/function (for composite components) but got: undefined. You likely forgot to export your component from the file it's defined in, or you might have mixed up default and named imports.

Check your code at RequestModal.tsx:81.
    at RequestModal (/home/kinginyellow/projects/medianest/frontend/src/components/media/RequestModal.tsx:19:25)
Warning: React.jsx: type is invalid -- expected a string (for built-in components) or a class/function (for composite components) but got: undefined. You likely forgot to export your component from the file it's defined in, or you might have mixed up default and named imports.

Check your code at RequestModal.tsx:60.
    at RequestModal (/home/kinginyellow/projects/medianest/frontend/src/components/media/RequestModal.tsx:19:25)
Error: Uncaught [Error: Element type is invalid: expected a string (for built-in components) or a class/function (for composite components) but got: undefined. You likely forgot to export your component from the file it's defined in, or you might have mixed up default and named imports.

Check the render method of `RequestModal`.]
    at reportException (/home/kinginyellow/projects/medianest/node_modules/jsdom/lib/jsdom/living/helpers/runtime-script-errors.js:66:24)
    at innerInvokeEventListeners (/home/kinginyellow/projects/medianest/node_modules/jsdom/lib/jsdom/living/events/EventTarget-impl.js:353:9)
    at invokeEventListeners (/home/kinginyellow/projects/medianest/node_modules/jsdom/lib/jsdom/living/events/EventTarget-impl.js:286:3)
    at HTMLUnknownElementImpl._dispatch (/home/kinginyellow/projects/medianest/node_modules/jsdom/lib/jsdom/living/events/EventTarget-impl.js:233:9)
    at HTMLUnknownElementImpl.dispatchEvent (/home/kinginyellow/projects/medianest/node_modules/jsdom/lib/jsdom/living/events/EventTarget-impl.js:104:17)
    at HTMLUnknownElement.dispatchEvent (/home/kinginyellow/projects/medianest/node_modules/jsdom/lib/jsdom/living/generated/EventTarget.js:241:34)
    at Object.invokeGuardedCallbackDev (/home/kinginyellow/projects/medianest/node_modules/react-dom/cjs/react-dom.development.js:4213:16)
    at invokeGuardedCallback (/home/kinginyellow/projects/medianest/node_modules/react-dom/cjs/react-dom.development.js:4277:31)
    at beginWork$1 (/home/kinginyellow/projects/medianest/node_modules/react-dom/cjs/react-dom.development.js:27490:7)
    at performUnitOfWork (/home/kinginyellow/projects/medianest/node_modules/react-dom/cjs/react-dom.development.js:26599:12) Error: Element type is invalid: expected a string (for built-in components) or a class/function (for composite components) but got: undefined. You likely forgot to export your component from the file it's defined in, or you might have mixed up default and named imports.

Check the render method of `RequestModal`.
    at createFiberFromTypeAndProps (/home/kinginyellow/projects/medianest/node_modules/react-dom/cjs/react-dom.development.js:28478:17)
    at createFiberFromElement (/home/kinginyellow/projects/medianest/node_modules/react-dom/cjs/react-dom.development.js:28504:15)
    at reconcileSingleElement (/home/kinginyellow/projects/medianest/node_modules/react-dom/cjs/react-dom.development.js:13986:23)
    at reconcileChildFibers (/home/kinginyellow/projects/medianest/node_modules/react-dom/cjs/react-dom.development.js:14044:35)
    at reconcileChildren (/home/kinginyellow/projects/medianest/node_modules/react-dom/cjs/react-dom.development.js:19186:28)
    at updateHostComponent (/home/kinginyellow/projects/medianest/node_modules/react-dom/cjs/react-dom.development.js:19953:3)
    at beginWork (/home/kinginyellow/projects/medianest/node_modules/react-dom/cjs/react-dom.development.js:21657:14)
    at HTMLUnknownElement.callCallback (/home/kinginyellow/projects/medianest/node_modules/react-dom/cjs/react-dom.development.js:4164:14)
    at HTMLUnknownElement.callTheUserObjectsOperation (/home/kinginyellow/projects/medianest/node_modules/jsdom/lib/jsdom/living/generated/EventListener.js:26:30)
    at innerInvokeEventListeners (/home/kinginyellow/projects/medianest/node_modules/jsdom/lib/jsdom/living/events/EventTarget-impl.js:350:25)
The above error occurred in the <div> component:

    at div
    at div
    at Dialog (/home/kinginyellow/projects/medianest/frontend/src/components/media/__tests__/RequestModal.test.tsx:4:14)
    at RequestModal (/home/kinginyellow/projects/medianest/frontend/src/components/media/RequestModal.tsx:19:25)

Consider adding an error boundary to your tree to customize error handling behavior.
Visit https://reactjs.org/link/error-boundaries to learn more about error boundaries.

stderr | src/components/media/__tests__/RequestModal.test.tsx > RequestModal > should show remaining requests when available
Warning: React.jsx: type is invalid -- expected a string (for built-in components) or a class/function (for composite components) but got: undefined. You likely forgot to export your component from the file it's defined in, or you might have mixed up default and named imports.

Check your code at RequestModal.tsx:81.
    at RequestModal (/home/kinginyellow/projects/medianest/frontend/src/components/media/RequestModal.tsx:19:25)
Warning: React.jsx: type is invalid -- expected a string (for built-in components) or a class/function (for composite components) but got: undefined. You likely forgot to export your component from the file it's defined in, or you might have mixed up default and named imports.

Check your code at RequestModal.tsx:60.
    at RequestModal (/home/kinginyellow/projects/medianest/frontend/src/components/media/RequestModal.tsx:19:25)
Error: Uncaught [Error: Element type is invalid: expected a string (for built-in components) or a class/function (for composite components) but got: undefined. You likely forgot to export your component from the file it's defined in, or you might have mixed up default and named imports.

Check the render method of `RequestModal`.]
    at reportException (/home/kinginyellow/projects/medianest/node_modules/jsdom/lib/jsdom/living/helpers/runtime-script-errors.js:66:24)
    at innerInvokeEventListeners (/home/kinginyellow/projects/medianest/node_modules/jsdom/lib/jsdom/living/events/EventTarget-impl.js:353:9)
    at invokeEventListeners (/home/kinginyellow/projects/medianest/node_modules/jsdom/lib/jsdom/living/events/EventTarget-impl.js:286:3)
    at HTMLUnknownElementImpl._dispatch (/home/kinginyellow/projects/medianest/node_modules/jsdom/lib/jsdom/living/events/EventTarget-impl.js:233:9)
    at HTMLUnknownElementImpl.dispatchEvent (/home/kinginyellow/projects/medianest/node_modules/jsdom/lib/jsdom/living/events/EventTarget-impl.js:104:17)
    at HTMLUnknownElement.dispatchEvent (/home/kinginyellow/projects/medianest/node_modules/jsdom/lib/jsdom/living/generated/EventTarget.js:241:34)
    at Object.invokeGuardedCallbackDev (/home/kinginyellow/projects/medianest/node_modules/react-dom/cjs/react-dom.development.js:4213:16)
    at invokeGuardedCallback (/home/kinginyellow/projects/medianest/node_modules/react-dom/cjs/react-dom.development.js:4277:31)
    at beginWork$1 (/home/kinginyellow/projects/medianest/node_modules/react-dom/cjs/react-dom.development.js:27490:7)
    at performUnitOfWork (/home/kinginyellow/projects/medianest/node_modules/react-dom/cjs/react-dom.development.js:26599:12) Error: Element type is invalid: expected a string (for built-in components) or a class/function (for composite components) but got: undefined. You likely forgot to export your component from the file it's defined in, or you might have mixed up default and named imports.

Check the render method of `RequestModal`.
    at createFiberFromTypeAndProps (/home/kinginyellow/projects/medianest/node_modules/react-dom/cjs/react-dom.development.js:28478:17)
    at createFiberFromElement (/home/kinginyellow/projects/medianest/node_modules/react-dom/cjs/react-dom.development.js:28504:15)
    at reconcileSingleElement (/home/kinginyellow/projects/medianest/node_modules/react-dom/cjs/react-dom.development.js:13986:23)
    at reconcileChildFibers (/home/kinginyellow/projects/medianest/node_modules/react-dom/cjs/react-dom.development.js:14044:35)
    at reconcileChildren (/home/kinginyellow/projects/medianest/node_modules/react-dom/cjs/react-dom.development.js:19186:28)
    at updateHostComponent (/home/kinginyellow/projects/medianest/node_modules/react-dom/cjs/react-dom.development.js:19953:3)
    at beginWork (/home/kinginyellow/projects/medianest/node_modules/react-dom/cjs/react-dom.development.js:21657:14)
    at HTMLUnknownElement.callCallback (/home/kinginyellow/projects/medianest/node_modules/react-dom/cjs/react-dom.development.js:4164:14)
    at HTMLUnknownElement.callTheUserObjectsOperation (/home/kinginyellow/projects/medianest/node_modules/jsdom/lib/jsdom/living/generated/EventListener.js:26:30)
    at innerInvokeEventListeners (/home/kinginyellow/projects/medianest/node_modules/jsdom/lib/jsdom/living/events/EventTarget-impl.js:350:25)
Warning: React.jsx: type is invalid -- expected a string (for built-in components) or a class/function (for composite components) but got: undefined. You likely forgot to export your component from the file it's defined in, or you might have mixed up default and named imports.

Check your code at RequestModal.tsx:81.
    at RequestModal (/home/kinginyellow/projects/medianest/frontend/src/components/media/RequestModal.tsx:19:25)
Warning: React.jsx: type is invalid -- expected a string (for built-in components) or a class/function (for composite components) but got: undefined. You likely forgot to export your component from the file it's defined in, or you might have mixed up default and named imports.

Check your code at RequestModal.tsx:60.
    at RequestModal (/home/kinginyellow/projects/medianest/frontend/src/components/media/RequestModal.tsx:19:25)
Error: Uncaught [Error: Element type is invalid: expected a string (for built-in components) or a class/function (for composite components) but got: undefined. You likely forgot to export your component from the file it's defined in, or you might have mixed up default and named imports.

Check the render method of `RequestModal`.]
    at reportException (/home/kinginyellow/projects/medianest/node_modules/jsdom/lib/jsdom/living/helpers/runtime-script-errors.js:66:24)
    at innerInvokeEventListeners (/home/kinginyellow/projects/medianest/node_modules/jsdom/lib/jsdom/living/events/EventTarget-impl.js:353:9)
    at invokeEventListeners (/home/kinginyellow/projects/medianest/node_modules/jsdom/lib/jsdom/living/events/EventTarget-impl.js:286:3)
    at HTMLUnknownElementImpl._dispatch (/home/kinginyellow/projects/medianest/node_modules/jsdom/lib/jsdom/living/events/EventTarget-impl.js:233:9)
    at HTMLUnknownElementImpl.dispatchEvent (/home/kinginyellow/projects/medianest/node_modules/jsdom/lib/jsdom/living/events/EventTarget-impl.js:104:17)
    at HTMLUnknownElement.dispatchEvent (/home/kinginyellow/projects/medianest/node_modules/jsdom/lib/jsdom/living/generated/EventTarget.js:241:34)
    at Object.invokeGuardedCallbackDev (/home/kinginyellow/projects/medianest/node_modules/react-dom/cjs/react-dom.development.js:4213:16)
    at invokeGuardedCallback (/home/kinginyellow/projects/medianest/node_modules/react-dom/cjs/react-dom.development.js:4277:31)
    at beginWork$1 (/home/kinginyellow/projects/medianest/node_modules/react-dom/cjs/react-dom.development.js:27490:7)
    at performUnitOfWork (/home/kinginyellow/projects/medianest/node_modules/react-dom/cjs/react-dom.development.js:26599:12) Error: Element type is invalid: expected a string (for built-in components) or a class/function (for composite components) but got: undefined. You likely forgot to export your component from the file it's defined in, or you might have mixed up default and named imports.

Check the render method of `RequestModal`.
    at createFiberFromTypeAndProps (/home/kinginyellow/projects/medianest/node_modules/react-dom/cjs/react-dom.development.js:28478:17)
    at createFiberFromElement (/home/kinginyellow/projects/medianest/node_modules/react-dom/cjs/react-dom.development.js:28504:15)
    at reconcileSingleElement (/home/kinginyellow/projects/medianest/node_modules/react-dom/cjs/react-dom.development.js:13986:23)
    at reconcileChildFibers (/home/kinginyellow/projects/medianest/node_modules/react-dom/cjs/react-dom.development.js:14044:35)
    at reconcileChildren (/home/kinginyellow/projects/medianest/node_modules/react-dom/cjs/react-dom.development.js:19186:28)
    at updateHostComponent (/home/kinginyellow/projects/medianest/node_modules/react-dom/cjs/react-dom.development.js:19953:3)
    at beginWork (/home/kinginyellow/projects/medianest/node_modules/react-dom/cjs/react-dom.development.js:21657:14)
    at HTMLUnknownElement.callCallback (/home/kinginyellow/projects/medianest/node_modules/react-dom/cjs/react-dom.development.js:4164:14)
    at HTMLUnknownElement.callTheUserObjectsOperation (/home/kinginyellow/projects/medianest/node_modules/jsdom/lib/jsdom/living/generated/EventListener.js:26:30)
    at innerInvokeEventListeners (/home/kinginyellow/projects/medianest/node_modules/jsdom/lib/jsdom/living/events/EventTarget-impl.js:350:25)
The above error occurred in the <div> component:

    at div
    at div
    at Dialog (/home/kinginyellow/projects/medianest/frontend/src/components/media/__tests__/RequestModal.test.tsx:4:14)
    at RequestModal (/home/kinginyellow/projects/medianest/frontend/src/components/media/RequestModal.tsx:19:25)

Consider adding an error boundary to your tree to customize error handling behavior.
Visit https://reactjs.org/link/error-boundaries to learn more about error boundaries.

stderr | src/components/media/__tests__/RequestModal.test.tsx > RequestModal > should submit movie request
Warning: React.jsx: type is invalid -- expected a string (for built-in components) or a class/function (for composite components) but got: undefined. You likely forgot to export your component from the file it's defined in, or you might have mixed up default and named imports.

Check your code at RequestModal.tsx:81.
    at RequestModal (/home/kinginyellow/projects/medianest/frontend/src/components/media/RequestModal.tsx:19:25)
Warning: React.jsx: type is invalid -- expected a string (for built-in components) or a class/function (for composite components) but got: undefined. You likely forgot to export your component from the file it's defined in, or you might have mixed up default and named imports.

Check your code at RequestModal.tsx:60.
    at RequestModal (/home/kinginyellow/projects/medianest/frontend/src/components/media/RequestModal.tsx:19:25)
Error: Uncaught [Error: Element type is invalid: expected a string (for built-in components) or a class/function (for composite components) but got: undefined. You likely forgot to export your component from the file it's defined in, or you might have mixed up default and named imports.

Check the render method of `RequestModal`.]
    at reportException (/home/kinginyellow/projects/medianest/node_modules/jsdom/lib/jsdom/living/helpers/runtime-script-errors.js:66:24)
    at innerInvokeEventListeners (/home/kinginyellow/projects/medianest/node_modules/jsdom/lib/jsdom/living/events/EventTarget-impl.js:353:9)
    at invokeEventListeners (/home/kinginyellow/projects/medianest/node_modules/jsdom/lib/jsdom/living/events/EventTarget-impl.js:286:3)
    at HTMLUnknownElementImpl._dispatch (/home/kinginyellow/projects/medianest/node_modules/jsdom/lib/jsdom/living/events/EventTarget-impl.js:233:9)
    at HTMLUnknownElementImpl.dispatchEvent (/home/kinginyellow/projects/medianest/node_modules/jsdom/lib/jsdom/living/events/EventTarget-impl.js:104:17)
    at HTMLUnknownElement.dispatchEvent (/home/kinginyellow/projects/medianest/node_modules/jsdom/lib/jsdom/living/generated/EventTarget.js:241:34)
    at Object.invokeGuardedCallbackDev (/home/kinginyellow/projects/medianest/node_modules/react-dom/cjs/react-dom.development.js:4213:16)
    at invokeGuardedCallback (/home/kinginyellow/projects/medianest/node_modules/react-dom/cjs/react-dom.development.js:4277:31)
    at beginWork$1 (/home/kinginyellow/projects/medianest/node_modules/react-dom/cjs/react-dom.development.js:27490:7)
    at performUnitOfWork (/home/kinginyellow/projects/medianest/node_modules/react-dom/cjs/react-dom.development.js:26599:12) Error: Element type is invalid: expected a string (for built-in components) or a class/function (for composite components) but got: undefined. You likely forgot to export your component from the file it's defined in, or you might have mixed up default and named imports.

Check the render method of `RequestModal`.
    at createFiberFromTypeAndProps (/home/kinginyellow/projects/medianest/node_modules/react-dom/cjs/react-dom.development.js:28478:17)
    at createFiberFromElement (/home/kinginyellow/projects/medianest/node_modules/react-dom/cjs/react-dom.development.js:28504:15)
    at reconcileSingleElement (/home/kinginyellow/projects/medianest/node_modules/react-dom/cjs/react-dom.development.js:13986:23)
    at reconcileChildFibers (/home/kinginyellow/projects/medianest/node_modules/react-dom/cjs/react-dom.development.js:14044:35)
    at reconcileChildren (/home/kinginyellow/projects/medianest/node_modules/react-dom/cjs/react-dom.development.js:19186:28)
    at updateHostComponent (/home/kinginyellow/projects/medianest/node_modules/react-dom/cjs/react-dom.development.js:19953:3)
    at beginWork (/home/kinginyellow/projects/medianest/node_modules/react-dom/cjs/react-dom.development.js:21657:14)
    at HTMLUnknownElement.callCallback (/home/kinginyellow/projects/medianest/node_modules/react-dom/cjs/react-dom.development.js:4164:14)
    at HTMLUnknownElement.callTheUserObjectsOperation (/home/kinginyellow/projects/medianest/node_modules/jsdom/lib/jsdom/living/generated/EventListener.js:26:30)
    at innerInvokeEventListeners (/home/kinginyellow/projects/medianest/node_modules/jsdom/lib/jsdom/living/events/EventTarget-impl.js:350:25)
Warning: React.jsx: type is invalid -- expected a string (for built-in components) or a class/function (for composite components) but got: undefined. You likely forgot to export your component from the file it's defined in, or you might have mixed up default and named imports.

Check your code at RequestModal.tsx:81.
    at RequestModal (/home/kinginyellow/projects/medianest/frontend/src/components/media/RequestModal.tsx:19:25)
Warning: React.jsx: type is invalid -- expected a string (for built-in components) or a class/function (for composite components) but got: undefined. You likely forgot to export your component from the file it's defined in, or you might have mixed up default and named imports.

Check your code at RequestModal.tsx:60.
    at RequestModal (/home/kinginyellow/projects/medianest/frontend/src/components/media/RequestModal.tsx:19:25)
Error: Uncaught [Error: Element type is invalid: expected a string (for built-in components) or a class/function (for composite components) but got: undefined. You likely forgot to export your component from the file it's defined in, or you might have mixed up default and named imports.

Check the render method of `RequestModal`.]
    at reportException (/home/kinginyellow/projects/medianest/node_modules/jsdom/lib/jsdom/living/helpers/runtime-script-errors.js:66:24)
    at innerInvokeEventListeners (/home/kinginyellow/projects/medianest/node_modules/jsdom/lib/jsdom/living/events/EventTarget-impl.js:353:9)
    at invokeEventListeners (/home/kinginyellow/projects/medianest/node_modules/jsdom/lib/jsdom/living/events/EventTarget-impl.js:286:3)
    at HTMLUnknownElementImpl._dispatch (/home/kinginyellow/projects/medianest/node_modules/jsdom/lib/jsdom/living/events/EventTarget-impl.js:233:9)
    at HTMLUnknownElementImpl.dispatchEvent (/home/kinginyellow/projects/medianest/node_modules/jsdom/lib/jsdom/living/events/EventTarget-impl.js:104:17)
    at HTMLUnknownElement.dispatchEvent (/home/kinginyellow/projects/medianest/node_modules/jsdom/lib/jsdom/living/generated/EventTarget.js:241:34)
    at Object.invokeGuardedCallbackDev (/home/kinginyellow/projects/medianest/node_modules/react-dom/cjs/react-dom.development.js:4213:16)
    at invokeGuardedCallback (/home/kinginyellow/projects/medianest/node_modules/react-dom/cjs/react-dom.development.js:4277:31)
    at beginWork$1 (/home/kinginyellow/projects/medianest/node_modules/react-dom/cjs/react-dom.development.js:27490:7)
    at performUnitOfWork (/home/kinginyellow/projects/medianest/node_modules/react-dom/cjs/react-dom.development.js:26599:12) Error: Element type is invalid: expected a string (for built-in components) or a class/function (for composite components) but got: undefined. You likely forgot to export your component from the file it's defined in, or you might have mixed up default and named imports.

Check the render method of `RequestModal`.
    at createFiberFromTypeAndProps (/home/kinginyellow/projects/medianest/node_modules/react-dom/cjs/react-dom.development.js:28478:17)
    at createFiberFromElement (/home/kinginyellow/projects/medianest/node_modules/react-dom/cjs/react-dom.development.js:28504:15)
    at reconcileSingleElement (/home/kinginyellow/projects/medianest/node_modules/react-dom/cjs/react-dom.development.js:13986:23)
    at reconcileChildFibers (/home/kinginyellow/projects/medianest/node_modules/react-dom/cjs/react-dom.development.js:14044:35)
    at reconcileChildren (/home/kinginyellow/projects/medianest/node_modules/react-dom/cjs/react-dom.development.js:19186:28)
    at updateHostComponent (/home/kinginyellow/projects/medianest/node_modules/react-dom/cjs/react-dom.development.js:19953:3)
    at beginWork (/home/kinginyellow/projects/medianest/node_modules/react-dom/cjs/react-dom.development.js:21657:14)
    at HTMLUnknownElement.callCallback (/home/kinginyellow/projects/medianest/node_modules/react-dom/cjs/react-dom.development.js:4164:14)
    at HTMLUnknownElement.callTheUserObjectsOperation (/home/kinginyellow/projects/medianest/node_modules/jsdom/lib/jsdom/living/generated/EventListener.js:26:30)
    at innerInvokeEventListeners (/home/kinginyellow/projects/medianest/node_modules/jsdom/lib/jsdom/living/events/EventTarget-impl.js:350:25)
The above error occurred in the <div> component:

    at div
    at div
    at Dialog (/home/kinginyellow/projects/medianest/frontend/src/components/media/__tests__/RequestModal.test.tsx:4:14)
    at RequestModal (/home/kinginyellow/projects/medianest/frontend/src/components/media/RequestModal.tsx:19:25)

Consider adding an error boundary to your tree to customize error handling behavior.
Visit https://reactjs.org/link/error-boundaries to learn more about error boundaries.

stderr | src/components/media/__tests__/RequestModal.test.tsx > RequestModal > should submit TV show request with selected seasons
Warning: React.jsx: type is invalid -- expected a string (for built-in components) or a class/function (for composite components) but got: undefined. You likely forgot to export your component from the file it's defined in, or you might have mixed up default and named imports.

Check your code at RequestModal.tsx:81.
    at RequestModal (/home/kinginyellow/projects/medianest/frontend/src/components/media/RequestModal.tsx:19:25)
Warning: React.jsx: type is invalid -- expected a string (for built-in components) or a class/function (for composite components) but got: undefined. You likely forgot to export your component from the file it's defined in, or you might have mixed up default and named imports.

Check your code at RequestModal.tsx:60.
    at RequestModal (/home/kinginyellow/projects/medianest/frontend/src/components/media/RequestModal.tsx:19:25)
Error: Uncaught [Error: Element type is invalid: expected a string (for built-in components) or a class/function (for composite components) but got: undefined. You likely forgot to export your component from the file it's defined in, or you might have mixed up default and named imports.

Check the render method of `RequestModal`.]
    at reportException (/home/kinginyellow/projects/medianest/node_modules/jsdom/lib/jsdom/living/helpers/runtime-script-errors.js:66:24)
    at innerInvokeEventListeners (/home/kinginyellow/projects/medianest/node_modules/jsdom/lib/jsdom/living/events/EventTarget-impl.js:353:9)
    at invokeEventListeners (/home/kinginyellow/projects/medianest/node_modules/jsdom/lib/jsdom/living/events/EventTarget-impl.js:286:3)
    at HTMLUnknownElementImpl._dispatch (/home/kinginyellow/projects/medianest/node_modules/jsdom/lib/jsdom/living/events/EventTarget-impl.js:233:9)
    at HTMLUnknownElementImpl.dispatchEvent (/home/kinginyellow/projects/medianest/node_modules/jsdom/lib/jsdom/living/events/EventTarget-impl.js:104:17)
    at HTMLUnknownElement.dispatchEvent (/home/kinginyellow/projects/medianest/node_modules/jsdom/lib/jsdom/living/generated/EventTarget.js:241:34)
    at Object.invokeGuardedCallbackDev (/home/kinginyellow/projects/medianest/node_modules/react-dom/cjs/react-dom.development.js:4213:16)
    at invokeGuardedCallback (/home/kinginyellow/projects/medianest/node_modules/react-dom/cjs/react-dom.development.js:4277:31)
    at beginWork$1 (/home/kinginyellow/projects/medianest/node_modules/react-dom/cjs/react-dom.development.js:27490:7)
    at performUnitOfWork (/home/kinginyellow/projects/medianest/node_modules/react-dom/cjs/react-dom.development.js:26599:12) Error: Element type is invalid: expected a string (for built-in components) or a class/function (for composite components) but got: undefined. You likely forgot to export your component from the file it's defined in, or you might have mixed up default and named imports.

Check the render method of `RequestModal`.
    at createFiberFromTypeAndProps (/home/kinginyellow/projects/medianest/node_modules/react-dom/cjs/react-dom.development.js:28478:17)
    at createFiberFromElement (/home/kinginyellow/projects/medianest/node_modules/react-dom/cjs/react-dom.development.js:28504:15)
    at reconcileSingleElement (/home/kinginyellow/projects/medianest/node_modules/react-dom/cjs/react-dom.development.js:13986:23)
    at reconcileChildFibers (/home/kinginyellow/projects/medianest/node_modules/react-dom/cjs/react-dom.development.js:14044:35)
    at reconcileChildren (/home/kinginyellow/projects/medianest/node_modules/react-dom/cjs/react-dom.development.js:19186:28)
    at updateHostComponent (/home/kinginyellow/projects/medianest/node_modules/react-dom/cjs/react-dom.development.js:19953:3)
    at beginWork (/home/kinginyellow/projects/medianest/node_modules/react-dom/cjs/react-dom.development.js:21657:14)
    at HTMLUnknownElement.callCallback (/home/kinginyellow/projects/medianest/node_modules/react-dom/cjs/react-dom.development.js:4164:14)
    at HTMLUnknownElement.callTheUserObjectsOperation (/home/kinginyellow/projects/medianest/node_modules/jsdom/lib/jsdom/living/generated/EventListener.js:26:30)
    at innerInvokeEventListeners (/home/kinginyellow/projects/medianest/node_modules/jsdom/lib/jsdom/living/events/EventTarget-impl.js:350:25)
Warning: React.jsx: type is invalid -- expected a string (for built-in components) or a class/function (for composite components) but got: undefined. You likely forgot to export your component from the file it's defined in, or you might have mixed up default and named imports.

Check your code at RequestModal.tsx:81.
    at RequestModal (/home/kinginyellow/projects/medianest/frontend/src/components/media/RequestModal.tsx:19:25)
Warning: React.jsx: type is invalid -- expected a string (for built-in components) or a class/function (for composite components) but got: undefined. You likely forgot to export your component from the file it's defined in, or you might have mixed up default and named imports.

Check your code at RequestModal.tsx:60.
    at RequestModal (/home/kinginyellow/projects/medianest/frontend/src/components/media/RequestModal.tsx:19:25)
Error: Uncaught [Error: Element type is invalid: expected a string (for built-in components) or a class/function (for composite components) but got: undefined. You likely forgot to export your component from the file it's defined in, or you might have mixed up default and named imports.

Check the render method of `RequestModal`.]
    at reportException (/home/kinginyellow/projects/medianest/node_modules/jsdom/lib/jsdom/living/helpers/runtime-script-errors.js:66:24)
    at innerInvokeEventListeners (/home/kinginyellow/projects/medianest/node_modules/jsdom/lib/jsdom/living/events/EventTarget-impl.js:353:9)
    at invokeEventListeners (/home/kinginyellow/projects/medianest/node_modules/jsdom/lib/jsdom/living/events/EventTarget-impl.js:286:3)
    at HTMLUnknownElementImpl._dispatch (/home/kinginyellow/projects/medianest/node_modules/jsdom/lib/jsdom/living/events/EventTarget-impl.js:233:9)
    at HTMLUnknownElementImpl.dispatchEvent (/home/kinginyellow/projects/medianest/node_modules/jsdom/lib/jsdom/living/events/EventTarget-impl.js:104:17)
    at HTMLUnknownElement.dispatchEvent (/home/kinginyellow/projects/medianest/node_modules/jsdom/lib/jsdom/living/generated/EventTarget.js:241:34)
    at Object.invokeGuardedCallbackDev (/home/kinginyellow/projects/medianest/node_modules/react-dom/cjs/react-dom.development.js:4213:16)
    at invokeGuardedCallback (/home/kinginyellow/projects/medianest/node_modules/react-dom/cjs/react-dom.development.js:4277:31)
    at beginWork$1 (/home/kinginyellow/projects/medianest/node_modules/react-dom/cjs/react-dom.development.js:27490:7)
    at performUnitOfWork (/home/kinginyellow/projects/medianest/node_modules/react-dom/cjs/react-dom.development.js:26599:12) Error: Element type is invalid: expected a string (for built-in components) or a class/function (for composite components) but got: undefined. You likely forgot to export your component from the file it's defined in, or you might have mixed up default and named imports.

Check the render method of `RequestModal`.
    at createFiberFromTypeAndProps (/home/kinginyellow/projects/medianest/node_modules/react-dom/cjs/react-dom.development.js:28478:17)
    at createFiberFromElement (/home/kinginyellow/projects/medianest/node_modules/react-dom/cjs/react-dom.development.js:28504:15)
    at reconcileSingleElement (/home/kinginyellow/projects/medianest/node_modules/react-dom/cjs/react-dom.development.js:13986:23)
    at reconcileChildFibers (/home/kinginyellow/projects/medianest/node_modules/react-dom/cjs/react-dom.development.js:14044:35)
    at reconcileChildren (/home/kinginyellow/projects/medianest/node_modules/react-dom/cjs/react-dom.development.js:19186:28)
    at updateHostComponent (/home/kinginyellow/projects/medianest/node_modules/react-dom/cjs/react-dom.development.js:19953:3)
    at beginWork (/home/kinginyellow/projects/medianest/node_modules/react-dom/cjs/react-dom.development.js:21657:14)
    at HTMLUnknownElement.callCallback (/home/kinginyellow/projects/medianest/node_modules/react-dom/cjs/react-dom.development.js:4164:14)
    at HTMLUnknownElement.callTheUserObjectsOperation (/home/kinginyellow/projects/medianest/node_modules/jsdom/lib/jsdom/living/generated/EventListener.js:26:30)
    at innerInvokeEventListeners (/home/kinginyellow/projects/medianest/node_modules/jsdom/lib/jsdom/living/events/EventTarget-impl.js:350:25)
The above error occurred in the <div> component:

    at div
    at div
    at Dialog (/home/kinginyellow/projects/medianest/frontend/src/components/media/__tests__/RequestModal.test.tsx:4:14)
    at RequestModal (/home/kinginyellow/projects/medianest/frontend/src/components/media/RequestModal.tsx:19:25)

Consider adding an error boundary to your tree to customize error handling behavior.
Visit https://reactjs.org/link/error-boundaries to learn more about error boundaries.

stderr | src/components/media/__tests__/RequestModal.test.tsx > RequestModal > should disable submit button for TV shows with no seasons selected
Warning: React.jsx: type is invalid -- expected a string (for built-in components) or a class/function (for composite components) but got: undefined. You likely forgot to export your component from the file it's defined in, or you might have mixed up default and named imports.

Check your code at RequestModal.tsx:81.
    at RequestModal (/home/kinginyellow/projects/medianest/frontend/src/components/media/RequestModal.tsx:19:25)
Warning: React.jsx: type is invalid -- expected a string (for built-in components) or a class/function (for composite components) but got: undefined. You likely forgot to export your component from the file it's defined in, or you might have mixed up default and named imports.

Check your code at RequestModal.tsx:60.
    at RequestModal (/home/kinginyellow/projects/medianest/frontend/src/components/media/RequestModal.tsx:19:25)
Error: Uncaught [Error: Element type is invalid: expected a string (for built-in components) or a class/function (for composite components) but got: undefined. You likely forgot to export your component from the file it's defined in, or you might have mixed up default and named imports.

Check the render method of `RequestModal`.]
    at reportException (/home/kinginyellow/projects/medianest/node_modules/jsdom/lib/jsdom/living/helpers/runtime-script-errors.js:66:24)
    at innerInvokeEventListeners (/home/kinginyellow/projects/medianest/node_modules/jsdom/lib/jsdom/living/events/EventTarget-impl.js:353:9)
    at invokeEventListeners (/home/kinginyellow/projects/medianest/node_modules/jsdom/lib/jsdom/living/events/EventTarget-impl.js:286:3)
    at HTMLUnknownElementImpl._dispatch (/home/kinginyellow/projects/medianest/node_modules/jsdom/lib/jsdom/living/events/EventTarget-impl.js:233:9)
    at HTMLUnknownElementImpl.dispatchEvent (/home/kinginyellow/projects/medianest/node_modules/jsdom/lib/jsdom/living/events/EventTarget-impl.js:104:17)
    at HTMLUnknownElement.dispatchEvent (/home/kinginyellow/projects/medianest/node_modules/jsdom/lib/jsdom/living/generated/EventTarget.js:241:34)
    at Object.invokeGuardedCallbackDev (/home/kinginyellow/projects/medianest/node_modules/react-dom/cjs/react-dom.development.js:4213:16)
    at invokeGuardedCallback (/home/kinginyellow/projects/medianest/node_modules/react-dom/cjs/react-dom.development.js:4277:31)
    at beginWork$1 (/home/kinginyellow/projects/medianest/node_modules/react-dom/cjs/react-dom.development.js:27490:7)
    at performUnitOfWork (/home/kinginyellow/projects/medianest/node_modules/react-dom/cjs/react-dom.development.js:26599:12) Error: Element type is invalid: expected a string (for built-in components) or a class/function (for composite components) but got: undefined. You likely forgot to export your component from the file it's defined in, or you might have mixed up default and named imports.

Check the render method of `RequestModal`.
    at createFiberFromTypeAndProps (/home/kinginyellow/projects/medianest/node_modules/react-dom/cjs/react-dom.development.js:28478:17)
    at createFiberFromElement (/home/kinginyellow/projects/medianest/node_modules/react-dom/cjs/react-dom.development.js:28504:15)
    at reconcileSingleElement (/home/kinginyellow/projects/medianest/node_modules/react-dom/cjs/react-dom.development.js:13986:23)
    at reconcileChildFibers (/home/kinginyellow/projects/medianest/node_modules/react-dom/cjs/react-dom.development.js:14044:35)
    at reconcileChildren (/home/kinginyellow/projects/medianest/node_modules/react-dom/cjs/react-dom.development.js:19186:28)
    at updateHostComponent (/home/kinginyellow/projects/medianest/node_modules/react-dom/cjs/react-dom.development.js:19953:3)
    at beginWork (/home/kinginyellow/projects/medianest/node_modules/react-dom/cjs/react-dom.development.js:21657:14)
    at HTMLUnknownElement.callCallback (/home/kinginyellow/projects/medianest/node_modules/react-dom/cjs/react-dom.development.js:4164:14)
    at HTMLUnknownElement.callTheUserObjectsOperation (/home/kinginyellow/projects/medianest/node_modules/jsdom/lib/jsdom/living/generated/EventListener.js:26:30)
    at innerInvokeEventListeners (/home/kinginyellow/projects/medianest/node_modules/jsdom/lib/jsdom/living/events/EventTarget-impl.js:350:25)
Warning: React.jsx: type is invalid -- expected a string (for built-in components) or a class/function (for composite components) but got: undefined. You likely forgot to export your component from the file it's defined in, or you might have mixed up default and named imports.

Check your code at RequestModal.tsx:81.
    at RequestModal (/home/kinginyellow/projects/medianest/frontend/src/components/media/RequestModal.tsx:19:25)
Warning: React.jsx: type is invalid -- expected a string (for built-in components) or a class/function (for composite components) but got: undefined. You likely forgot to export your component from the file it's defined in, or you might have mixed up default and named imports.

Check your code at RequestModal.tsx:60.
    at RequestModal (/home/kinginyellow/projects/medianest/frontend/src/components/media/RequestModal.tsx:19:25)
Error: Uncaught [Error: Element type is invalid: expected a string (for built-in components) or a class/function (for composite components) but got: undefined. You likely forgot to export your component from the file it's defined in, or you might have mixed up default and named imports.

Check the render method of `RequestModal`.]
    at reportException (/home/kinginyellow/projects/medianest/node_modules/jsdom/lib/jsdom/living/helpers/runtime-script-errors.js:66:24)
    at innerInvokeEventListeners (/home/kinginyellow/projects/medianest/node_modules/jsdom/lib/jsdom/living/events/EventTarget-impl.js:353:9)
    at invokeEventListeners (/home/kinginyellow/projects/medianest/node_modules/jsdom/lib/jsdom/living/events/EventTarget-impl.js:286:3)
    at HTMLUnknownElementImpl._dispatch (/home/kinginyellow/projects/medianest/node_modules/jsdom/lib/jsdom/living/events/EventTarget-impl.js:233:9)
    at HTMLUnknownElementImpl.dispatchEvent (/home/kinginyellow/projects/medianest/node_modules/jsdom/lib/jsdom/living/events/EventTarget-impl.js:104:17)
    at HTMLUnknownElement.dispatchEvent (/home/kinginyellow/projects/medianest/node_modules/jsdom/lib/jsdom/living/generated/EventTarget.js:241:34)
    at Object.invokeGuardedCallbackDev (/home/kinginyellow/projects/medianest/node_modules/react-dom/cjs/react-dom.development.js:4213:16)
    at invokeGuardedCallback (/home/kinginyellow/projects/medianest/node_modules/react-dom/cjs/react-dom.development.js:4277:31)
    at beginWork$1 (/home/kinginyellow/projects/medianest/node_modules/react-dom/cjs/react-dom.development.js:27490:7)
    at performUnitOfWork (/home/kinginyellow/projects/medianest/node_modules/react-dom/cjs/react-dom.development.js:26599:12) Error: Element type is invalid: expected a string (for built-in components) or a class/function (for composite components) but got: undefined. You likely forgot to export your component from the file it's defined in, or you might have mixed up default and named imports.

Check the render method of `RequestModal`.
    at createFiberFromTypeAndProps (/home/kinginyellow/projects/medianest/node_modules/react-dom/cjs/react-dom.development.js:28478:17)
    at createFiberFromElement (/home/kinginyellow/projects/medianest/node_modules/react-dom/cjs/react-dom.development.js:28504:15)
    at reconcileSingleElement (/home/kinginyellow/projects/medianest/node_modules/react-dom/cjs/react-dom.development.js:13986:23)
    at reconcileChildFibers (/home/kinginyellow/projects/medianest/node_modules/react-dom/cjs/react-dom.development.js:14044:35)
    at reconcileChildren (/home/kinginyellow/projects/medianest/node_modules/react-dom/cjs/react-dom.development.js:19186:28)
    at updateHostComponent (/home/kinginyellow/projects/medianest/node_modules/react-dom/cjs/react-dom.development.js:19953:3)
    at beginWork (/home/kinginyellow/projects/medianest/node_modules/react-dom/cjs/react-dom.development.js:21657:14)
    at HTMLUnknownElement.callCallback (/home/kinginyellow/projects/medianest/node_modules/react-dom/cjs/react-dom.development.js:4164:14)
    at HTMLUnknownElement.callTheUserObjectsOperation (/home/kinginyellow/projects/medianest/node_modules/jsdom/lib/jsdom/living/generated/EventListener.js:26:30)
    at innerInvokeEventListeners (/home/kinginyellow/projects/medianest/node_modules/jsdom/lib/jsdom/living/events/EventTarget-impl.js:350:25)
The above error occurred in the <div> component:

    at div
    at div
    at Dialog (/home/kinginyellow/projects/medianest/frontend/src/components/media/__tests__/RequestModal.test.tsx:4:14)
    at RequestModal (/home/kinginyellow/projects/medianest/frontend/src/components/media/RequestModal.tsx:19:25)

Consider adding an error boundary to your tree to customize error handling behavior.
Visit https://reactjs.org/link/error-boundaries to learn more about error boundaries.

stderr | src/components/media/__tests__/RequestModal.test.tsx > RequestModal > should close modal when cancel is clicked
Warning: React.jsx: type is invalid -- expected a string (for built-in components) or a class/function (for composite components) but got: undefined. You likely forgot to export your component from the file it's defined in, or you might have mixed up default and named imports.

Check your code at RequestModal.tsx:81.
    at RequestModal (/home/kinginyellow/projects/medianest/frontend/src/components/media/RequestModal.tsx:19:25)
Warning: React.jsx: type is invalid -- expected a string (for built-in components) or a class/function (for composite components) but got: undefined. You likely forgot to export your component from the file it's defined in, or you might have mixed up default and named imports.

Check your code at RequestModal.tsx:60.
    at RequestModal (/home/kinginyellow/projects/medianest/frontend/src/components/media/RequestModal.tsx:19:25)
Error: Uncaught [Error: Element type is invalid: expected a string (for built-in components) or a class/function (for composite components) but got: undefined. You likely forgot to export your component from the file it's defined in, or you might have mixed up default and named imports.

Check the render method of `RequestModal`.]
    at reportException (/home/kinginyellow/projects/medianest/node_modules/jsdom/lib/jsdom/living/helpers/runtime-script-errors.js:66:24)
    at innerInvokeEventListeners (/home/kinginyellow/projects/medianest/node_modules/jsdom/lib/jsdom/living/events/EventTarget-impl.js:353:9)
    at invokeEventListeners (/home/kinginyellow/projects/medianest/node_modules/jsdom/lib/jsdom/living/events/EventTarget-impl.js:286:3)
    at HTMLUnknownElementImpl._dispatch (/home/kinginyellow/projects/medianest/node_modules/jsdom/lib/jsdom/living/events/EventTarget-impl.js:233:9)
    at HTMLUnknownElementImpl.dispatchEvent (/home/kinginyellow/projects/medianest/node_modules/jsdom/lib/jsdom/living/events/EventTarget-impl.js:104:17)
    at HTMLUnknownElement.dispatchEvent (/home/kinginyellow/projects/medianest/node_modules/jsdom/lib/jsdom/living/generated/EventTarget.js:241:34)
    at Object.invokeGuardedCallbackDev (/home/kinginyellow/projects/medianest/node_modules/react-dom/cjs/react-dom.development.js:4213:16)
    at invokeGuardedCallback (/home/kinginyellow/projects/medianest/node_modules/react-dom/cjs/react-dom.development.js:4277:31)
    at beginWork$1 (/home/kinginyellow/projects/medianest/node_modules/react-dom/cjs/react-dom.development.js:27490:7)
    at performUnitOfWork (/home/kinginyellow/projects/medianest/node_modules/react-dom/cjs/react-dom.development.js:26599:12) Error: Element type is invalid: expected a string (for built-in components) or a class/function (for composite components) but got: undefined. You likely forgot to export your component from the file it's defined in, or you might have mixed up default and named imports.

Check the render method of `RequestModal`.
    at createFiberFromTypeAndProps (/home/kinginyellow/projects/medianest/node_modules/react-dom/cjs/react-dom.development.js:28478:17)
    at createFiberFromElement (/home/kinginyellow/projects/medianest/node_modules/react-dom/cjs/react-dom.development.js:28504:15)
    at reconcileSingleElement (/home/kinginyellow/projects/medianest/node_modules/react-dom/cjs/react-dom.development.js:13986:23)
    at reconcileChildFibers (/home/kinginyellow/projects/medianest/node_modules/react-dom/cjs/react-dom.development.js:14044:35)
    at reconcileChildren (/home/kinginyellow/projects/medianest/node_modules/react-dom/cjs/react-dom.development.js:19186:28)
    at updateHostComponent (/home/kinginyellow/projects/medianest/node_modules/react-dom/cjs/react-dom.development.js:19953:3)
    at beginWork (/home/kinginyellow/projects/medianest/node_modules/react-dom/cjs/react-dom.development.js:21657:14)
    at HTMLUnknownElement.callCallback (/home/kinginyellow/projects/medianest/node_modules/react-dom/cjs/react-dom.development.js:4164:14)
    at HTMLUnknownElement.callTheUserObjectsOperation (/home/kinginyellow/projects/medianest/node_modules/jsdom/lib/jsdom/living/generated/EventListener.js:26:30)
    at innerInvokeEventListeners (/home/kinginyellow/projects/medianest/node_modules/jsdom/lib/jsdom/living/events/EventTarget-impl.js:350:25)
Warning: React.jsx: type is invalid -- expected a string (for built-in components) or a class/function (for composite components) but got: undefined. You likely forgot to export your component from the file it's defined in, or you might have mixed up default and named imports.

Check your code at RequestModal.tsx:81.
    at RequestModal (/home/kinginyellow/projects/medianest/frontend/src/components/media/RequestModal.tsx:19:25)
Warning: React.jsx: type is invalid -- expected a string (for built-in components) or a class/function (for composite components) but got: undefined. You likely forgot to export your component from the file it's defined in, or you might have mixed up default and named imports.

Check your code at RequestModal.tsx:60.
    at RequestModal (/home/kinginyellow/projects/medianest/frontend/src/components/media/RequestModal.tsx:19:25)
Error: Uncaught [Error: Element type is invalid: expected a string (for built-in components) or a class/function (for composite components) but got: undefined. You likely forgot to export your component from the file it's defined in, or you might have mixed up default and named imports.

Check the render method of `RequestModal`.]
    at reportException (/home/kinginyellow/projects/medianest/node_modules/jsdom/lib/jsdom/living/helpers/runtime-script-errors.js:66:24)
    at innerInvokeEventListeners (/home/kinginyellow/projects/medianest/node_modules/jsdom/lib/jsdom/living/events/EventTarget-impl.js:353:9)
    at invokeEventListeners (/home/kinginyellow/projects/medianest/node_modules/jsdom/lib/jsdom/living/events/EventTarget-impl.js:286:3)
    at HTMLUnknownElementImpl._dispatch (/home/kinginyellow/projects/medianest/node_modules/jsdom/lib/jsdom/living/events/EventTarget-impl.js:233:9)
    at HTMLUnknownElementImpl.dispatchEvent (/home/kinginyellow/projects/medianest/node_modules/jsdom/lib/jsdom/living/events/EventTarget-impl.js:104:17)
    at HTMLUnknownElement.dispatchEvent (/home/kinginyellow/projects/medianest/node_modules/jsdom/lib/jsdom/living/generated/EventTarget.js:241:34)
    at Object.invokeGuardedCallbackDev (/home/kinginyellow/projects/medianest/node_modules/react-dom/cjs/react-dom.development.js:4213:16)
    at invokeGuardedCallback (/home/kinginyellow/projects/medianest/node_modules/react-dom/cjs/react-dom.development.js:4277:31)
    at beginWork$1 (/home/kinginyellow/projects/medianest/node_modules/react-dom/cjs/react-dom.development.js:27490:7)
    at performUnitOfWork (/home/kinginyellow/projects/medianest/node_modules/react-dom/cjs/react-dom.development.js:26599:12) Error: Element type is invalid: expected a string (for built-in components) or a class/function (for composite components) but got: undefined. You likely forgot to export your component from the file it's defined in, or you might have mixed up default and named imports.

Check the render method of `RequestModal`.
    at createFiberFromTypeAndProps (/home/kinginyellow/projects/medianest/node_modules/react-dom/cjs/react-dom.development.js:28478:17)
    at createFiberFromElement (/home/kinginyellow/projects/medianest/node_modules/react-dom/cjs/react-dom.development.js:28504:15)
    at reconcileSingleElement (/home/kinginyellow/projects/medianest/node_modules/react-dom/cjs/react-dom.development.js:13986:23)
    at reconcileChildFibers (/home/kinginyellow/projects/medianest/node_modules/react-dom/cjs/react-dom.development.js:14044:35)
    at reconcileChildren (/home/kinginyellow/projects/medianest/node_modules/react-dom/cjs/react-dom.development.js:19186:28)
    at updateHostComponent (/home/kinginyellow/projects/medianest/node_modules/react-dom/cjs/react-dom.development.js:19953:3)
    at beginWork (/home/kinginyellow/projects/medianest/node_modules/react-dom/cjs/react-dom.development.js:21657:14)
    at HTMLUnknownElement.callCallback (/home/kinginyellow/projects/medianest/node_modules/react-dom/cjs/react-dom.development.js:4164:14)
    at HTMLUnknownElement.callTheUserObjectsOperation (/home/kinginyellow/projects/medianest/node_modules/jsdom/lib/jsdom/living/generated/EventListener.js:26:30)
    at innerInvokeEventListeners (/home/kinginyellow/projects/medianest/node_modules/jsdom/lib/jsdom/living/events/EventTarget-impl.js:350:25)
The above error occurred in the <div> component:

    at div
    at div
    at Dialog (/home/kinginyellow/projects/medianest/frontend/src/components/media/__tests__/RequestModal.test.tsx:4:14)
    at RequestModal (/home/kinginyellow/projects/medianest/frontend/src/components/media/RequestModal.tsx:19:25)

Consider adding an error boundary to your tree to customize error handling behavior.
Visit https://reactjs.org/link/error-boundaries to learn more about error boundaries.

stderr | src/components/media/__tests__/RequestModal.test.tsx > RequestModal > should close modal when X button is clicked
Warning: React.jsx: type is invalid -- expected a string (for built-in components) or a class/function (for composite components) but got: undefined. You likely forgot to export your component from the file it's defined in, or you might have mixed up default and named imports.

Check your code at RequestModal.tsx:81.
    at RequestModal (/home/kinginyellow/projects/medianest/frontend/src/components/media/RequestModal.tsx:19:25)
Warning: React.jsx: type is invalid -- expected a string (for built-in components) or a class/function (for composite components) but got: undefined. You likely forgot to export your component from the file it's defined in, or you might have mixed up default and named imports.

Check your code at RequestModal.tsx:60.
    at RequestModal (/home/kinginyellow/projects/medianest/frontend/src/components/media/RequestModal.tsx:19:25)
Error: Uncaught [Error: Element type is invalid: expected a string (for built-in components) or a class/function (for composite components) but got: undefined. You likely forgot to export your component from the file it's defined in, or you might have mixed up default and named imports.

Check the render method of `RequestModal`.]
    at reportException (/home/kinginyellow/projects/medianest/node_modules/jsdom/lib/jsdom/living/helpers/runtime-script-errors.js:66:24)
    at innerInvokeEventListeners (/home/kinginyellow/projects/medianest/node_modules/jsdom/lib/jsdom/living/events/EventTarget-impl.js:353:9)
    at invokeEventListeners (/home/kinginyellow/projects/medianest/node_modules/jsdom/lib/jsdom/living/events/EventTarget-impl.js:286:3)
    at HTMLUnknownElementImpl._dispatch (/home/kinginyellow/projects/medianest/node_modules/jsdom/lib/jsdom/living/events/EventTarget-impl.js:233:9)
    at HTMLUnknownElementImpl.dispatchEvent (/home/kinginyellow/projects/medianest/node_modules/jsdom/lib/jsdom/living/events/EventTarget-impl.js:104:17)
    at HTMLUnknownElement.dispatchEvent (/home/kinginyellow/projects/medianest/node_modules/jsdom/lib/jsdom/living/generated/EventTarget.js:241:34)
    at Object.invokeGuardedCallbackDev (/home/kinginyellow/projects/medianest/node_modules/react-dom/cjs/react-dom.development.js:4213:16)
    at invokeGuardedCallback (/home/kinginyellow/projects/medianest/node_modules/react-dom/cjs/react-dom.development.js:4277:31)
    at beginWork$1 (/home/kinginyellow/projects/medianest/node_modules/react-dom/cjs/react-dom.development.js:27490:7)
    at performUnitOfWork (/home/kinginyellow/projects/medianest/node_modules/react-dom/cjs/react-dom.development.js:26599:12) Error: Element type is invalid: expected a string (for built-in components) or a class/function (for composite components) but got: undefined. You likely forgot to export your component from the file it's defined in, or you might have mixed up default and named imports.

Check the render method of `RequestModal`.
    at createFiberFromTypeAndProps (/home/kinginyellow/projects/medianest/node_modules/react-dom/cjs/react-dom.development.js:28478:17)
    at createFiberFromElement (/home/kinginyellow/projects/medianest/node_modules/react-dom/cjs/react-dom.development.js:28504:15)
    at reconcileSingleElement (/home/kinginyellow/projects/medianest/node_modules/react-dom/cjs/react-dom.development.js:13986:23)
    at reconcileChildFibers (/home/kinginyellow/projects/medianest/node_modules/react-dom/cjs/react-dom.development.js:14044:35)
    at reconcileChildren (/home/kinginyellow/projects/medianest/node_modules/react-dom/cjs/react-dom.development.js:19186:28)
    at updateHostComponent (/home/kinginyellow/projects/medianest/node_modules/react-dom/cjs/react-dom.development.js:19953:3)
    at beginWork (/home/kinginyellow/projects/medianest/node_modules/react-dom/cjs/react-dom.development.js:21657:14)
    at HTMLUnknownElement.callCallback (/home/kinginyellow/projects/medianest/node_modules/react-dom/cjs/react-dom.development.js:4164:14)
    at HTMLUnknownElement.callTheUserObjectsOperation (/home/kinginyellow/projects/medianest/node_modules/jsdom/lib/jsdom/living/generated/EventListener.js:26:30)
    at innerInvokeEventListeners (/home/kinginyellow/projects/medianest/node_modules/jsdom/lib/jsdom/living/events/EventTarget-impl.js:350:25)
Warning: React.jsx: type is invalid -- expected a string (for built-in components) or a class/function (for composite components) but got: undefined. You likely forgot to export your component from the file it's defined in, or you might have mixed up default and named imports.

Check your code at RequestModal.tsx:81.
    at RequestModal (/home/kinginyellow/projects/medianest/frontend/src/components/media/RequestModal.tsx:19:25)
Warning: React.jsx: type is invalid -- expected a string (for built-in components) or a class/function (for composite components) but got: undefined. You likely forgot to export your component from the file it's defined in, or you might have mixed up default and named imports.

Check your code at RequestModal.tsx:60.
    at RequestModal (/home/kinginyellow/projects/medianest/frontend/src/components/media/RequestModal.tsx:19:25)
Error: Uncaught [Error: Element type is invalid: expected a string (for built-in components) or a class/function (for composite components) but got: undefined. You likely forgot to export your component from the file it's defined in, or you might have mixed up default and named imports.

Check the render method of `RequestModal`.]
    at reportException (/home/kinginyellow/projects/medianest/node_modules/jsdom/lib/jsdom/living/helpers/runtime-script-errors.js:66:24)
    at innerInvokeEventListeners (/home/kinginyellow/projects/medianest/node_modules/jsdom/lib/jsdom/living/events/EventTarget-impl.js:353:9)
    at invokeEventListeners (/home/kinginyellow/projects/medianest/node_modules/jsdom/lib/jsdom/living/events/EventTarget-impl.js:286:3)
    at HTMLUnknownElementImpl._dispatch (/home/kinginyellow/projects/medianest/node_modules/jsdom/lib/jsdom/living/events/EventTarget-impl.js:233:9)
    at HTMLUnknownElementImpl.dispatchEvent (/home/kinginyellow/projects/medianest/node_modules/jsdom/lib/jsdom/living/events/EventTarget-impl.js:104:17)
    at HTMLUnknownElement.dispatchEvent (/home/kinginyellow/projects/medianest/node_modules/jsdom/lib/jsdom/living/generated/EventTarget.js:241:34)
    at Object.invokeGuardedCallbackDev (/home/kinginyellow/projects/medianest/node_modules/react-dom/cjs/react-dom.development.js:4213:16)
    at invokeGuardedCallback (/home/kinginyellow/projects/medianest/node_modules/react-dom/cjs/react-dom.development.js:4277:31)
    at beginWork$1 (/home/kinginyellow/projects/medianest/node_modules/react-dom/cjs/react-dom.development.js:27490:7)
    at performUnitOfWork (/home/kinginyellow/projects/medianest/node_modules/react-dom/cjs/react-dom.development.js:26599:12) Error: Element type is invalid: expected a string (for built-in components) or a class/function (for composite components) but got: undefined. You likely forgot to export your component from the file it's defined in, or you might have mixed up default and named imports.

Check the render method of `RequestModal`.
    at createFiberFromTypeAndProps (/home/kinginyellow/projects/medianest/node_modules/react-dom/cjs/react-dom.development.js:28478:17)
    at createFiberFromElement (/home/kinginyellow/projects/medianest/node_modules/react-dom/cjs/react-dom.development.js:28504:15)
    at reconcileSingleElement (/home/kinginyellow/projects/medianest/node_modules/react-dom/cjs/react-dom.development.js:13986:23)
    at reconcileChildFibers (/home/kinginyellow/projects/medianest/node_modules/react-dom/cjs/react-dom.development.js:14044:35)
    at reconcileChildren (/home/kinginyellow/projects/medianest/node_modules/react-dom/cjs/react-dom.development.js:19186:28)
    at updateHostComponent (/home/kinginyellow/projects/medianest/node_modules/react-dom/cjs/react-dom.development.js:19953:3)
    at beginWork (/home/kinginyellow/projects/medianest/node_modules/react-dom/cjs/react-dom.development.js:21657:14)
    at HTMLUnknownElement.callCallback (/home/kinginyellow/projects/medianest/node_modules/react-dom/cjs/react-dom.development.js:4164:14)
    at HTMLUnknownElement.callTheUserObjectsOperation (/home/kinginyellow/projects/medianest/node_modules/jsdom/lib/jsdom/living/generated/EventListener.js:26:30)
    at innerInvokeEventListeners (/home/kinginyellow/projects/medianest/node_modules/jsdom/lib/jsdom/living/events/EventTarget-impl.js:350:25)
The above error occurred in the <div> component:

    at div
    at div
    at Dialog (/home/kinginyellow/projects/medianest/frontend/src/components/media/__tests__/RequestModal.test.tsx:4:14)
    at RequestModal (/home/kinginyellow/projects/medianest/frontend/src/components/media/RequestModal.tsx:19:25)

Consider adding an error boundary to your tree to customize error handling behavior.
Visit https://reactjs.org/link/error-boundaries to learn more about error boundaries.

stderr | src/components/media/__tests__/RequestModal.test.tsx > RequestModal > should show loading state while submitting
Warning: React.jsx: type is invalid -- expected a string (for built-in components) or a class/function (for composite components) but got: undefined. You likely forgot to export your component from the file it's defined in, or you might have mixed up default and named imports.

Check your code at RequestModal.tsx:81.
    at RequestModal (/home/kinginyellow/projects/medianest/frontend/src/components/media/RequestModal.tsx:19:25)
Warning: React.jsx: type is invalid -- expected a string (for built-in components) or a class/function (for composite components) but got: undefined. You likely forgot to export your component from the file it's defined in, or you might have mixed up default and named imports.

Check your code at RequestModal.tsx:60.
    at RequestModal (/home/kinginyellow/projects/medianest/frontend/src/components/media/RequestModal.tsx:19:25)
Error: Uncaught [Error: Element type is invalid: expected a string (for built-in components) or a class/function (for composite components) but got: undefined. You likely forgot to export your component from the file it's defined in, or you might have mixed up default and named imports.

Check the render method of `RequestModal`.]
    at reportException (/home/kinginyellow/projects/medianest/node_modules/jsdom/lib/jsdom/living/helpers/runtime-script-errors.js:66:24)
    at innerInvokeEventListeners (/home/kinginyellow/projects/medianest/node_modules/jsdom/lib/jsdom/living/events/EventTarget-impl.js:353:9)
    at invokeEventListeners (/home/kinginyellow/projects/medianest/node_modules/jsdom/lib/jsdom/living/events/EventTarget-impl.js:286:3)
    at HTMLUnknownElementImpl._dispatch (/home/kinginyellow/projects/medianest/node_modules/jsdom/lib/jsdom/living/events/EventTarget-impl.js:233:9)
    at HTMLUnknownElementImpl.dispatchEvent (/home/kinginyellow/projects/medianest/node_modules/jsdom/lib/jsdom/living/events/EventTarget-impl.js:104:17)
    at HTMLUnknownElement.dispatchEvent (/home/kinginyellow/projects/medianest/node_modules/jsdom/lib/jsdom/living/generated/EventTarget.js:241:34)
    at Object.invokeGuardedCallbackDev (/home/kinginyellow/projects/medianest/node_modules/react-dom/cjs/react-dom.development.js:4213:16)
    at invokeGuardedCallback (/home/kinginyellow/projects/medianest/node_modules/react-dom/cjs/react-dom.development.js:4277:31)
    at beginWork$1 (/home/kinginyellow/projects/medianest/node_modules/react-dom/cjs/react-dom.development.js:27490:7)
    at performUnitOfWork (/home/kinginyellow/projects/medianest/node_modules/react-dom/cjs/react-dom.development.js:26599:12) Error: Element type is invalid: expected a string (for built-in components) or a class/function (for composite components) but got: undefined. You likely forgot to export your component from the file it's defined in, or you might have mixed up default and named imports.

Check the render method of `RequestModal`.
    at createFiberFromTypeAndProps (/home/kinginyellow/projects/medianest/node_modules/react-dom/cjs/react-dom.development.js:28478:17)
    at createFiberFromElement (/home/kinginyellow/projects/medianest/node_modules/react-dom/cjs/react-dom.development.js:28504:15)
    at reconcileSingleElement (/home/kinginyellow/projects/medianest/node_modules/react-dom/cjs/react-dom.development.js:13986:23)
    at reconcileChildFibers (/home/kinginyellow/projects/medianest/node_modules/react-dom/cjs/react-dom.development.js:14044:35)
    at reconcileChildren (/home/kinginyellow/projects/medianest/node_modules/react-dom/cjs/react-dom.development.js:19186:28)
    at updateHostComponent (/home/kinginyellow/projects/medianest/node_modules/react-dom/cjs/react-dom.development.js:19953:3)
    at beginWork (/home/kinginyellow/projects/medianest/node_modules/react-dom/cjs/react-dom.development.js:21657:14)
    at HTMLUnknownElement.callCallback (/home/kinginyellow/projects/medianest/node_modules/react-dom/cjs/react-dom.development.js:4164:14)
    at HTMLUnknownElement.callTheUserObjectsOperation (/home/kinginyellow/projects/medianest/node_modules/jsdom/lib/jsdom/living/generated/EventListener.js:26:30)
    at innerInvokeEventListeners (/home/kinginyellow/projects/medianest/node_modules/jsdom/lib/jsdom/living/events/EventTarget-impl.js:350:25)
Warning: React.jsx: type is invalid -- expected a string (for built-in components) or a class/function (for composite components) but got: undefined. You likely forgot to export your component from the file it's defined in, or you might have mixed up default and named imports.

Check your code at RequestModal.tsx:81.
    at RequestModal (/home/kinginyellow/projects/medianest/frontend/src/components/media/RequestModal.tsx:19:25)
Warning: React.jsx: type is invalid -- expected a string (for built-in components) or a class/function (for composite components) but got: undefined. You likely forgot to export your component from the file it's defined in, or you might have mixed up default and named imports.

Check your code at RequestModal.tsx:60.
    at RequestModal (/home/kinginyellow/projects/medianest/frontend/src/components/media/RequestModal.tsx:19:25)
Error: Uncaught [Error: Element type is invalid: expected a string (for built-in components) or a class/function (for composite components) but got: undefined. You likely forgot to export your component from the file it's defined in, or you might have mixed up default and named imports.

Check the render method of `RequestModal`.]
    at reportException (/home/kinginyellow/projects/medianest/node_modules/jsdom/lib/jsdom/living/helpers/runtime-script-errors.js:66:24)
    at innerInvokeEventListeners (/home/kinginyellow/projects/medianest/node_modules/jsdom/lib/jsdom/living/events/EventTarget-impl.js:353:9)
    at invokeEventListeners (/home/kinginyellow/projects/medianest/node_modules/jsdom/lib/jsdom/living/events/EventTarget-impl.js:286:3)
    at HTMLUnknownElementImpl._dispatch (/home/kinginyellow/projects/medianest/node_modules/jsdom/lib/jsdom/living/events/EventTarget-impl.js:233:9)
    at HTMLUnknownElementImpl.dispatchEvent (/home/kinginyellow/projects/medianest/node_modules/jsdom/lib/jsdom/living/events/EventTarget-impl.js:104:17)
    at HTMLUnknownElement.dispatchEvent (/home/kinginyellow/projects/medianest/node_modules/jsdom/lib/jsdom/living/generated/EventTarget.js:241:34)
    at Object.invokeGuardedCallbackDev (/home/kinginyellow/projects/medianest/node_modules/react-dom/cjs/react-dom.development.js:4213:16)
    at invokeGuardedCallback (/home/kinginyellow/projects/medianest/node_modules/react-dom/cjs/react-dom.development.js:4277:31)
    at beginWork$1 (/home/kinginyellow/projects/medianest/node_modules/react-dom/cjs/react-dom.development.js:27490:7)
    at performUnitOfWork (/home/kinginyellow/projects/medianest/node_modules/react-dom/cjs/react-dom.development.js:26599:12) Error: Element type is invalid: expected a string (for built-in components) or a class/function (for composite components) but got: undefined. You likely forgot to export your component from the file it's defined in, or you might have mixed up default and named imports.

Check the render method of `RequestModal`.
    at createFiberFromTypeAndProps (/home/kinginyellow/projects/medianest/node_modules/react-dom/cjs/react-dom.development.js:28478:17)
    at createFiberFromElement (/home/kinginyellow/projects/medianest/node_modules/react-dom/cjs/react-dom.development.js:28504:15)
    at reconcileSingleElement (/home/kinginyellow/projects/medianest/node_modules/react-dom/cjs/react-dom.development.js:13986:23)
    at reconcileChildFibers (/home/kinginyellow/projects/medianest/node_modules/react-dom/cjs/react-dom.development.js:14044:35)
    at reconcileChildren (/home/kinginyellow/projects/medianest/node_modules/react-dom/cjs/react-dom.development.js:19186:28)
    at updateHostComponent (/home/kinginyellow/projects/medianest/node_modules/react-dom/cjs/react-dom.development.js:19953:3)
    at beginWork (/home/kinginyellow/projects/medianest/node_modules/react-dom/cjs/react-dom.development.js:21657:14)
    at HTMLUnknownElement.callCallback (/home/kinginyellow/projects/medianest/node_modules/react-dom/cjs/react-dom.development.js:4164:14)
    at HTMLUnknownElement.callTheUserObjectsOperation (/home/kinginyellow/projects/medianest/node_modules/jsdom/lib/jsdom/living/generated/EventListener.js:26:30)
    at innerInvokeEventListeners (/home/kinginyellow/projects/medianest/node_modules/jsdom/lib/jsdom/living/events/EventTarget-impl.js:350:25)
The above error occurred in the <div> component:

    at div
    at div
    at Dialog (/home/kinginyellow/projects/medianest/frontend/src/components/media/__tests__/RequestModal.test.tsx:4:14)
    at RequestModal (/home/kinginyellow/projects/medianest/frontend/src/components/media/RequestModal.tsx:19:25)

Consider adding an error boundary to your tree to customize error handling behavior.
Visit https://reactjs.org/link/error-boundaries to learn more about error boundaries.

stderr | src/components/media/__tests__/RequestModal.test.tsx > RequestModal > should handle unavailable media
Warning: React.jsx: type is invalid -- expected a string (for built-in components) or a class/function (for composite components) but got: undefined. You likely forgot to export your component from the file it's defined in, or you might have mixed up default and named imports.

Check your code at RequestModal.tsx:81.
    at RequestModal (/home/kinginyellow/projects/medianest/frontend/src/components/media/RequestModal.tsx:19:25)
Warning: React.jsx: type is invalid -- expected a string (for built-in components) or a class/function (for composite components) but got: undefined. You likely forgot to export your component from the file it's defined in, or you might have mixed up default and named imports.

Check your code at RequestModal.tsx:60.
    at RequestModal (/home/kinginyellow/projects/medianest/frontend/src/components/media/RequestModal.tsx:19:25)
Error: Uncaught [Error: Element type is invalid: expected a string (for built-in components) or a class/function (for composite components) but got: undefined. You likely forgot to export your component from the file it's defined in, or you might have mixed up default and named imports.

Check the render method of `RequestModal`.]
    at reportException (/home/kinginyellow/projects/medianest/node_modules/jsdom/lib/jsdom/living/helpers/runtime-script-errors.js:66:24)
    at innerInvokeEventListeners (/home/kinginyellow/projects/medianest/node_modules/jsdom/lib/jsdom/living/events/EventTarget-impl.js:353:9)
    at invokeEventListeners (/home/kinginyellow/projects/medianest/node_modules/jsdom/lib/jsdom/living/events/EventTarget-impl.js:286:3)
    at HTMLUnknownElementImpl._dispatch (/home/kinginyellow/projects/medianest/node_modules/jsdom/lib/jsdom/living/events/EventTarget-impl.js:233:9)
    at HTMLUnknownElementImpl.dispatchEvent (/home/kinginyellow/projects/medianest/node_modules/jsdom/lib/jsdom/living/events/EventTarget-impl.js:104:17)
    at HTMLUnknownElement.dispatchEvent (/home/kinginyellow/projects/medianest/node_modules/jsdom/lib/jsdom/living/generated/EventTarget.js:241:34)
    at Object.invokeGuardedCallbackDev (/home/kinginyellow/projects/medianest/node_modules/react-dom/cjs/react-dom.development.js:4213:16)
    at invokeGuardedCallback (/home/kinginyellow/projects/medianest/node_modules/react-dom/cjs/react-dom.development.js:4277:31)
    at beginWork$1 (/home/kinginyellow/projects/medianest/node_modules/react-dom/cjs/react-dom.development.js:27490:7)
    at performUnitOfWork (/home/kinginyellow/projects/medianest/node_modules/react-dom/cjs/react-dom.development.js:26599:12) Error: Element type is invalid: expected a string (for built-in components) or a class/function (for composite components) but got: undefined. You likely forgot to export your component from the file it's defined in, or you might have mixed up default and named imports.

Check the render method of `RequestModal`.
    at createFiberFromTypeAndProps (/home/kinginyellow/projects/medianest/node_modules/react-dom/cjs/react-dom.development.js:28478:17)
    at createFiberFromElement (/home/kinginyellow/projects/medianest/node_modules/react-dom/cjs/react-dom.development.js:28504:15)
    at reconcileSingleElement (/home/kinginyellow/projects/medianest/node_modules/react-dom/cjs/react-dom.development.js:13986:23)
    at reconcileChildFibers (/home/kinginyellow/projects/medianest/node_modules/react-dom/cjs/react-dom.development.js:14044:35)
    at reconcileChildren (/home/kinginyellow/projects/medianest/node_modules/react-dom/cjs/react-dom.development.js:19186:28)
    at updateHostComponent (/home/kinginyellow/projects/medianest/node_modules/react-dom/cjs/react-dom.development.js:19953:3)
    at beginWork (/home/kinginyellow/projects/medianest/node_modules/react-dom/cjs/react-dom.development.js:21657:14)
    at HTMLUnknownElement.callCallback (/home/kinginyellow/projects/medianest/node_modules/react-dom/cjs/react-dom.development.js:4164:14)
    at HTMLUnknownElement.callTheUserObjectsOperation (/home/kinginyellow/projects/medianest/node_modules/jsdom/lib/jsdom/living/generated/EventListener.js:26:30)
    at innerInvokeEventListeners (/home/kinginyellow/projects/medianest/node_modules/jsdom/lib/jsdom/living/events/EventTarget-impl.js:350:25)
Warning: React.jsx: type is invalid -- expected a string (for built-in components) or a class/function (for composite components) but got: undefined. You likely forgot to export your component from the file it's defined in, or you might have mixed up default and named imports.

Check your code at RequestModal.tsx:81.
    at RequestModal (/home/kinginyellow/projects/medianest/frontend/src/components/media/RequestModal.tsx:19:25)
Warning: React.jsx: type is invalid -- expected a string (for built-in components) or a class/function (for composite components) but got: undefined. You likely forgot to export your component from the file it's defined in, or you might have mixed up default and named imports.

Check your code at RequestModal.tsx:60.
    at RequestModal (/home/kinginyellow/projects/medianest/frontend/src/components/media/RequestModal.tsx:19:25)
Error: Uncaught [Error: Element type is invalid: expected a string (for built-in components) or a class/function (for composite components) but got: undefined. You likely forgot to export your component from the file it's defined in, or you might have mixed up default and named imports.

Check the render method of `RequestModal`.]
    at reportException (/home/kinginyellow/projects/medianest/node_modules/jsdom/lib/jsdom/living/helpers/runtime-script-errors.js:66:24)
    at innerInvokeEventListeners (/home/kinginyellow/projects/medianest/node_modules/jsdom/lib/jsdom/living/events/EventTarget-impl.js:353:9)
    at invokeEventListeners (/home/kinginyellow/projects/medianest/node_modules/jsdom/lib/jsdom/living/events/EventTarget-impl.js:286:3)
    at HTMLUnknownElementImpl._dispatch (/home/kinginyellow/projects/medianest/node_modules/jsdom/lib/jsdom/living/events/EventTarget-impl.js:233:9)
    at HTMLUnknownElementImpl.dispatchEvent (/home/kinginyellow/projects/medianest/node_modules/jsdom/lib/jsdom/living/events/EventTarget-impl.js:104:17)
    at HTMLUnknownElement.dispatchEvent (/home/kinginyellow/projects/medianest/node_modules/jsdom/lib/jsdom/living/generated/EventTarget.js:241:34)
    at Object.invokeGuardedCallbackDev (/home/kinginyellow/projects/medianest/node_modules/react-dom/cjs/react-dom.development.js:4213:16)
    at invokeGuardedCallback (/home/kinginyellow/projects/medianest/node_modules/react-dom/cjs/react-dom.development.js:4277:31)
    at beginWork$1 (/home/kinginyellow/projects/medianest/node_modules/react-dom/cjs/react-dom.development.js:27490:7)
    at performUnitOfWork (/home/kinginyellow/projects/medianest/node_modules/react-dom/cjs/react-dom.development.js:26599:12) Error: Element type is invalid: expected a string (for built-in components) or a class/function (for composite components) but got: undefined. You likely forgot to export your component from the file it's defined in, or you might have mixed up default and named imports.

Check the render method of `RequestModal`.
    at createFiberFromTypeAndProps (/home/kinginyellow/projects/medianest/node_modules/react-dom/cjs/react-dom.development.js:28478:17)
    at createFiberFromElement (/home/kinginyellow/projects/medianest/node_modules/react-dom/cjs/react-dom.development.js:28504:15)
    at reconcileSingleElement (/home/kinginyellow/projects/medianest/node_modules/react-dom/cjs/react-dom.development.js:13986:23)
    at reconcileChildFibers (/home/kinginyellow/projects/medianest/node_modules/react-dom/cjs/react-dom.development.js:14044:35)
    at reconcileChildren (/home/kinginyellow/projects/medianest/node_modules/react-dom/cjs/react-dom.development.js:19186:28)
    at updateHostComponent (/home/kinginyellow/projects/medianest/node_modules/react-dom/cjs/react-dom.development.js:19953:3)
    at beginWork (/home/kinginyellow/projects/medianest/node_modules/react-dom/cjs/react-dom.development.js:21657:14)
    at HTMLUnknownElement.callCallback (/home/kinginyellow/projects/medianest/node_modules/react-dom/cjs/react-dom.development.js:4164:14)
    at HTMLUnknownElement.callTheUserObjectsOperation (/home/kinginyellow/projects/medianest/node_modules/jsdom/lib/jsdom/living/generated/EventListener.js:26:30)
    at innerInvokeEventListeners (/home/kinginyellow/projects/medianest/node_modules/jsdom/lib/jsdom/living/events/EventTarget-impl.js:350:25)
The above error occurred in the <div> component:

    at div
    at div
    at Dialog (/home/kinginyellow/projects/medianest/frontend/src/components/media/__tests__/RequestModal.test.tsx:4:14)
    at RequestModal (/home/kinginyellow/projects/medianest/frontend/src/components/media/RequestModal.tsx:19:25)

Consider adding an error boundary to your tree to customize error handling behavior.
Visit https://reactjs.org/link/error-boundaries to learn more about error boundaries.

 ❯ |frontend| src/lib/__tests__/socket.test.ts  (0 test)
 ❯ |frontend| src/hooks/__tests__/useRequestStatus.test.ts  (0 test)
 ❯ |frontend| src/components/plex/__tests__/PlexBrowser.test.tsx  (0 test)
 ❯ |frontend| src/components/media/__tests__/SeasonSelector.test.tsx  (11 tests | 10 failed) 257ms
   ❯ src/components/media/__tests__/SeasonSelector.test.tsx > SeasonSelector > should render all seasons
     → Unable to find an element with the text: Select Seasons. This could be because the text is broken up by multiple elements. In this case, you can provide a function for your text matcher to make your matcher more flexible.

Ignored nodes: comments, script, style
[36m<body>[39m
  [36m<div>[39m
    [36m<div[39m
      [33mclass[39m=[32m"grid grid-cols-2 sm:grid-cols-3 md:grid-cols-4 gap-3"[39m
    [36m>[39m
      [36m<button[39m
        [33mclass[39m=[32m"relative p-3 rounded-lg border-2 transition-all duration-150 border-green-500/50 bg-green-500/10 cursor-not-allowed"[39m
        [33mdisabled[39m=[32m""[39m
      [36m>[39m
        [36m<div[39m
          [33mclass[39m=[32m"flex items-center justify-between"[39m
        [36m>[39m
          [36m<span[39m
            [33mclass[39m=[32m"text-sm font-medium"[39m
          [36m>[39m
            [0mSeason [0m
            [0m1[0m
          [36m</span>[39m
          [36m<span[39m
            [33mclass[39m=[32m"text-xs text-green-500"[39m
          [36m>[39m
            [0mAvailable[0m
          [36m</span>[39m
        [36m</div>[39m
      [36m</button>[39m
      [36m<button[39m
        [33mclass[39m=[32m"relative p-3 rounded-lg border-2 transition-all duration-150 border-green-500/50 bg-green-500/10 cursor-not-allowed"[39m
        [33mdisabled[39m=[32m""[39m
      [36m>[39m
        [36m<div[39m
          [33mclass[39m=[32m"flex items-center justify-between"[39m
        [36m>[39m
          [36m<span[39m
            [33mclass[39m=[32m"text-sm font-medium"[39m
          [36m>[39m
            [0mSeason [0m
            [0m2[0m
          [36m</span>[39m
          [36m<span[39m
            [33mclass[39m=[32m"text-xs text-green-500"[39m
          [36m>[39m
            [0mAvailable[0m
          [36m</span>[39m
        [36m</div>[39m
      [36m</button>[39m
      [36m<button[39m
        [33mclass[39m=[32m"relative p-3 rounded-lg border-2 transition-all duration-150 border-gray-700 hover:border-gray-600"[39m
      [36m>[39m
        [36m<div[39m
          [33mclass[39m=[32m"flex items-center justify-between"[39m
        [36m>[39m
          [36m<span[39m
            [33mclass[39m=[32m"text-sm font-medium"[39m
          [36m>[39m
            [0mSeason [0m
            [0m3[0m
          [36m</span>[39m
        [36m</div>[39m
      [36m</button>[39m
      [36m<button[39m
        [33mclass[39m=[32m"relative p-3 rounded-lg border-2 transition-all duration-150 border-green-500/50 bg-green-500/10 cursor-not-allowed"[39m
        [33mdisabled[39m=[32m""[39m
      [36m>[39m
        [36m<div[39m
          [33mclass[39m=[32m"flex items-center justify-between"[39m
        [36m>[39m
          [36m<span[39m
            [33mclass[39m=[32m"text-sm font-medium"[39m
          [36m>[39m
            [0mSeason [0m
            [0m4[0m
          [36m</span>[39m
          [36m<span[39m
            [33mclass[39m=[32m"text-xs text-green-500"[39m
          [36m>[39m
            [0mAvailable[0m
          [36m</span>[39m
        [36m</div>[39m
      [36m</button>[39m
      [36m<button[39m
        [33mclass[39m=[32m"relative p-3 rounded-lg border-2 transition-all duration-150 border-gray-700 hover:border-gray-600"[39m
      [36m>[39m
        [36m<div[39m
          [33mclass[39m=[32m"flex items-center justify-between"[39m
        [36m>[39m
          [36m<span[39m
            [33mclass[39m=[32m"text-sm font-medium"[39m
          [36m>[39m
            [0mSeason [0m
            [0m5[0m
          [36m</span>[39m
        [36m</div>[39m
      [36m</button>[39m
    [36m</div>[39m
  [36m</div>[39m
[36m</body>[39m
   ❯ src/components/media/__tests__/SeasonSelector.test.tsx > SeasonSelector > should show available seasons with check icon
     → expect(received).toBeInTheDocument()

received value must be an HTMLElement or an SVGElement.

   ❯ src/components/media/__tests__/SeasonSelector.test.tsx > SeasonSelector > should highlight selected seasons
     → expect(element).toHaveClass("ring-2")

Expected the element to have class:
  ring-2
Received:
  relative p-3 rounded-lg border-2 transition-all duration-150 border-green-500/50 bg-green-500/10 cursor-not-allowed
   ❯ src/components/media/__tests__/SeasonSelector.test.tsx > SeasonSelector > should call onSeasonToggle when a season is clicked
     → expected "spy" to be called with arguments: [ 2 ]

Received: 



Number of calls: 0

   ❯ src/components/media/__tests__/SeasonSelector.test.tsx > SeasonSelector > should render select/deselect all buttons
     → Unable to find an element with the text: Select All. This could be because the text is broken up by multiple elements. In this case, you can provide a function for your text matcher to make your matcher more flexible.

Ignored nodes: comments, script, style
[36m<body>[39m
  [36m<div>[39m
    [36m<div[39m
      [33mclass[39m=[32m"grid grid-cols-2 sm:grid-cols-3 md:grid-cols-4 gap-3"[39m
    [36m>[39m
      [36m<button[39m
        [33mclass[39m=[32m"relative p-3 rounded-lg border-2 transition-all duration-150 border-green-500/50 bg-green-500/10 cursor-not-allowed"[39m
        [33mdisabled[39m=[32m""[39m
      [36m>[39m
        [36m<div[39m
          [33mclass[39m=[32m"flex items-center justify-between"[39m
        [36m>[39m
          [36m<span[39m
            [33mclass[39m=[32m"text-sm font-medium"[39m
          [36m>[39m
            [0mSeason [0m
            [0m1[0m
          [36m</span>[39m
          [36m<span[39m
            [33mclass[39m=[32m"text-xs text-green-500"[39m
          [36m>[39m
            [0mAvailable[0m
          [36m</span>[39m
        [36m</div>[39m
      [36m</button>[39m
      [36m<button[39m
        [33mclass[39m=[32m"relative p-3 rounded-lg border-2 transition-all duration-150 border-green-500/50 bg-green-500/10 cursor-not-allowed"[39m
        [33mdisabled[39m=[32m""[39m
      [36m>[39m
        [36m<div[39m
          [33mclass[39m=[32m"flex items-center justify-between"[39m
        [36m>[39m
          [36m<span[39m
            [33mclass[39m=[32m"text-sm font-medium"[39m
          [36m>[39m
            [0mSeason [0m
            [0m2[0m
          [36m</span>[39m
          [36m<span[39m
            [33mclass[39m=[32m"text-xs text-green-500"[39m
          [36m>[39m
            [0mAvailable[0m
          [36m</span>[39m
        [36m</div>[39m
      [36m</button>[39m
      [36m<button[39m
        [33mclass[39m=[32m"relative p-3 rounded-lg border-2 transition-all duration-150 border-gray-700 hover:border-gray-600"[39m
      [36m>[39m
        [36m<div[39m
          [33mclass[39m=[32m"flex items-center justify-between"[39m
        [36m>[39m
          [36m<span[39m
            [33mclass[39m=[32m"text-sm font-medium"[39m
          [36m>[39m
            [0mSeason [0m
            [0m3[0m
          [36m</span>[39m
        [36m</div>[39m
      [36m</button>[39m
      [36m<button[39m
        [33mclass[39m=[32m"relative p-3 rounded-lg border-2 transition-all duration-150 border-green-500/50 bg-green-500/10 cursor-not-allowed"[39m
        [33mdisabled[39m=[32m""[39m
      [36m>[39m
        [36m<div[39m
          [33mclass[39m=[32m"flex items-center justify-between"[39m
        [36m>[39m
          [36m<span[39m
            [33mclass[39m=[32m"text-sm font-medium"[39m
          [36m>[39m
            [0mSeason [0m
            [0m4[0m
          [36m</span>[39m
          [36m<span[39m
            [33mclass[39m=[32m"text-xs text-green-500"[39m
          [36m>[39m
            [0mAvailable[0m
          [36m</span>[39m
        [36m</div>[39m
      [36m</button>[39m
      [36m<button[39m
        [33mclass[39m=[32m"relative p-3 rounded-lg border-2 transition-all duration-150 border-gray-700 hover:border-gray-600"[39m
      [36m>[39m
        [36m<div[39m
          [33mclass[39m=[32m"flex items-center justify-between"[39m
        [36m>[39m
          [36m<span[39m
            [33mclass[39m=[32m"text-sm font-medium"[39m
          [36m>[39m
            [0mSeason [0m
            [0m5[0m
          [36m</span>[39m
        [36m</div>[39m
      [36m</button>[39m
    [36m</div>[39m
  [36m</div>[39m
[36m</body>[39m
   ❯ src/components/media/__tests__/SeasonSelector.test.tsx > SeasonSelector > should select all seasons when Select All is clicked
     → Unable to find an element with the text: Select All. This could be because the text is broken up by multiple elements. In this case, you can provide a function for your text matcher to make your matcher more flexible.

Ignored nodes: comments, script, style
[36m<body>[39m
  [36m<div>[39m
    [36m<div[39m
      [33mclass[39m=[32m"grid grid-cols-2 sm:grid-cols-3 md:grid-cols-4 gap-3"[39m
    [36m>[39m
      [36m<button[39m
        [33mclass[39m=[32m"relative p-3 rounded-lg border-2 transition-all duration-150 border-green-500/50 bg-green-500/10 cursor-not-allowed"[39m
        [33mdisabled[39m=[32m""[39m
      [36m>[39m
        [36m<div[39m
          [33mclass[39m=[32m"flex items-center justify-between"[39m
        [36m>[39m
          [36m<span[39m
            [33mclass[39m=[32m"text-sm font-medium"[39m
          [36m>[39m
            [0mSeason [0m
            [0m1[0m
          [36m</span>[39m
          [36m<span[39m
            [33mclass[39m=[32m"text-xs text-green-500"[39m
          [36m>[39m
            [0mAvailable[0m
          [36m</span>[39m
        [36m</div>[39m
      [36m</button>[39m
      [36m<button[39m
        [33mclass[39m=[32m"relative p-3 rounded-lg border-2 transition-all duration-150 border-green-500/50 bg-green-500/10 cursor-not-allowed"[39m
        [33mdisabled[39m=[32m""[39m
      [36m>[39m
        [36m<div[39m
          [33mclass[39m=[32m"flex items-center justify-between"[39m
        [36m>[39m
          [36m<span[39m
            [33mclass[39m=[32m"text-sm font-medium"[39m
          [36m>[39m
            [0mSeason [0m
            [0m2[0m
          [36m</span>[39m
          [36m<span[39m
            [33mclass[39m=[32m"text-xs text-green-500"[39m
          [36m>[39m
            [0mAvailable[0m
          [36m</span>[39m
        [36m</div>[39m
      [36m</button>[39m
      [36m<button[39m
        [33mclass[39m=[32m"relative p-3 rounded-lg border-2 transition-all duration-150 border-gray-700 hover:border-gray-600"[39m
      [36m>[39m
        [36m<div[39m
          [33mclass[39m=[32m"flex items-center justify-between"[39m
        [36m>[39m
          [36m<span[39m
            [33mclass[39m=[32m"text-sm font-medium"[39m
          [36m>[39m
            [0mSeason [0m
            [0m3[0m
          [36m</span>[39m
        [36m</div>[39m
      [36m</button>[39m
      [36m<button[39m
        [33mclass[39m=[32m"relative p-3 rounded-lg border-2 transition-all duration-150 border-green-500/50 bg-green-500/10 cursor-not-allowed"[39m
        [33mdisabled[39m=[32m""[39m
      [36m>[39m
        [36m<div[39m
          [33mclass[39m=[32m"flex items-center justify-between"[39m
        [36m>[39m
          [36m<span[39m
            [33mclass[39m=[32m"text-sm font-medium"[39m
          [36m>[39m
            [0mSeason [0m
            [0m4[0m
          [36m</span>[39m
          [36m<span[39m
            [33mclass[39m=[32m"text-xs text-green-500"[39m
          [36m>[39m
            [0mAvailable[0m
          [36m</span>[39m
        [36m</div>[39m
      [36m</button>[39m
      [36m<button[39m
        [33mclass[39m=[32m"relative p-3 rounded-lg border-2 transition-all duration-150 border-gray-700 hover:border-gray-600"[39m
      [36m>[39m
        [36m<div[39m
          [33mclass[39m=[32m"flex items-center justify-between"[39m
        [36m>[39m
          [36m<span[39m
            [33mclass[39m=[32m"text-sm font-medium"[39m
          [36m>[39m
            [0mSeason [0m
            [0m5[0m
          [36m</span>[39m
        [36m</div>[39m
      [36m</button>[39m
    [36m</div>[39m
  [36m</div>[39m
[36m</body>[39m
   ❯ src/components/media/__tests__/SeasonSelector.test.tsx > SeasonSelector > should deselect all seasons when Deselect All is clicked
     → Unable to find an element with the text: Deselect All. This could be because the text is broken up by multiple elements. In this case, you can provide a function for your text matcher to make your matcher more flexible.

Ignored nodes: comments, script, style
[36m<body>[39m
  [36m<div>[39m
    [36m<div[39m
      [33mclass[39m=[32m"grid grid-cols-2 sm:grid-cols-3 md:grid-cols-4 gap-3"[39m
    [36m>[39m
      [36m<button[39m
        [33mclass[39m=[32m"relative p-3 rounded-lg border-2 transition-all duration-150 border-green-500/50 bg-green-500/10 cursor-not-allowed"[39m
        [33mdisabled[39m=[32m""[39m
      [36m>[39m
        [36m<div[39m
          [33mclass[39m=[32m"flex items-center justify-between"[39m
        [36m>[39m
          [36m<span[39m
            [33mclass[39m=[32m"text-sm font-medium"[39m
          [36m>[39m
            [0mSeason [0m
            [0m1[0m
          [36m</span>[39m
          [36m<span[39m
            [33mclass[39m=[32m"text-xs text-green-500"[39m
          [36m>[39m
            [0mAvailable[0m
          [36m</span>[39m
        [36m</div>[39m
      [36m</button>[39m
      [36m<button[39m
        [33mclass[39m=[32m"relative p-3 rounded-lg border-2 transition-all duration-150 border-green-500/50 bg-green-500/10 cursor-not-allowed"[39m
        [33mdisabled[39m=[32m""[39m
      [36m>[39m
        [36m<div[39m
          [33mclass[39m=[32m"flex items-center justify-between"[39m
        [36m>[39m
          [36m<span[39m
            [33mclass[39m=[32m"text-sm font-medium"[39m
          [36m>[39m
            [0mSeason [0m
            [0m2[0m
          [36m</span>[39m
          [36m<span[39m
            [33mclass[39m=[32m"text-xs text-green-500"[39m
          [36m>[39m
            [0mAvailable[0m
          [36m</span>[39m
        [36m</div>[39m
      [36m</button>[39m
      [36m<button[39m
        [33mclass[39m=[32m"relative p-3 rounded-lg border-2 transition-all duration-150 border-blue-500 bg-blue-500/20"[39m
      [36m>[39m
        [36m<div[39m
          [33mclass[39m=[32m"flex items-center justify-between"[39m
        [36m>[39m
          [36m<span[39m
            [33mclass[39m=[32m"text-sm font-medium"[39m
          [36m>[39m
            [0mSeason [0m
            [0m3[0m
          [36m</span>[39m
          [36m<svg[39m
            [33mclass[39m=[32m"lucide lucide-check w-4 h-4 text-blue-500"[39m
            [33mfill[39m=[32m"none"[39m
            [33mheight[39m=[32m"24"[39m
            [33mstroke[39m=[32m"currentColor"[39m
            [33mstroke-linecap[39m=[32m"round"[39m
            [33mstroke-linejoin[39m=[32m"round"[39m
            [33mstroke-width[39m=[32m"2"[39m
            [33mviewBox[39m=[32m"0 0 24 24"[39m
            [33mwidth[39m=[32m"24"[39m
            [33mxmlns[39m=[32m"http://www.w3.org/2000/svg"[39m
          [36m>[39m
            [36m<path[39m
              [33md[39m=[32m"M20 6 9 17l-5-5"[39m
            [36m/>[39m
          [36m</svg>[39m
        [36m</div>[39m
      [36m</button>[39m
      [36m<button[39m
        [33mclass[39m=[32m"relative p-3 rounded-lg border-2 transition-all duration-150 border-green-500/50 bg-green-500/10 cursor-not-allowed"[39m
        [33mdisabled[39m=[32m""[39m
      [36m>[39m
        [36m<div[39m
          [33mclass[39m=[32m"flex items-center justify-between"[39m
        [36m>[39m
          [36m<span[39m
            [33mclass[39m=[32m"text-sm font-medium"[39m
          [36m>[39m
            [0mSeason [0m
            [0m4[0m
          [36m</span>[39m
          [36m<span[39m
            [33mclass[39m=[32m"text-xs text-green-500"[39m
          [36m>[39m
            [0mAvailable[0m
          [36m</span>[39m
        [36m</div>[39m
      [36m</button>[39m
      [36m<button[39m
        [33mclass[39m=[32m"relative p-3 rounded-lg border-2 transition-all duration-150 border-blue-500 bg-blue-500/20"[39m
      [36m>[39m
        [36m<div[39m
          [33mclass[39m=[32m"flex items-center justify-between"[39m
        [36m>[39m
          [36m<span[39m
            [33mclass[39m=[32m"text-sm font-medium"[39m
          [36m>[39m
            [0mSeason [0m
            [0m5[0m
          [36m</span>[39m
          [36m<svg[39m
            [33mclass[39m=[32m"lucide lucide-check w-4 h-4 text-blue-500"[39m
            [33mfill[39m=[32m"none"[39m
            [33mheight[39m=[32m"24"[39m
            [33mstroke[39m=[32m"currentColor"[39m
            [33mstroke-linecap[39m=[32m"round"[39m
            [33mstroke-linejoin[39m=[32m"round"[39m
            [33mstroke-width[39m=[32m"2"[39m
            [33mviewBox[39m=[32m"0 0 24 24"[39m
            [33mwidth[39m=[32m"24"[39m
            [33mxmlns[39m=[32m"http://www.w3.org/2000/svg"[39m
          [36m>[39m
            [36m<path[39m
              [33md[39m=[32m"M20 6 9 17l-5-5"[39m
            [36m/>[39m
          [36m</svg>[39m
        [36m</div>[39m
      [36m</button>[39m
    [36m</div>[39m
  [36m</div>[39m
[36m</body>[39m
   ❯ src/components/media/__tests__/SeasonSelector.test.tsx > SeasonSelector > should apply correct styles for unavailable but selected seasons
     → expect(element).toHaveClass("ring-2")

Expected the element to have class:
  ring-2
Received:
  relative p-3 rounded-lg border-2 transition-all duration-150 border-blue-500 bg-blue-500/20
   ❯ src/components/media/__tests__/SeasonSelector.test.tsx > SeasonSelector > should not render if tvShow is not a TV show
     → expected <div …(1)>…(5)</div> to be null
   ❯ src/components/media/__tests__/SeasonSelector.test.tsx > SeasonSelector > should not render if numberOfSeasons is missing
     → expected <div …(1)></div> to be null
 ❯ |frontend| src/hooks/__tests__/useRateLimit.test.ts  (12 tests | 6 failed) 36ms
   ❯ src/hooks/__tests__/useRateLimit.test.ts > useRateLimit > should track requests and update remaining count
     → expected [] to have a length of 1 but got +0
   ❯ src/hooks/__tests__/useRateLimit.test.ts > useRateLimit > should persist requests across component remounts
     → expected 20 to be 17 // Object.is equality
   ❯ src/hooks/__tests__/useRateLimit.test.ts > useRateLimit > should return null reset time when no requests
     → expected 2023-01-01T13:00:00.000Z to be null
   ❯ src/hooks/__tests__/useRateLimit.test.ts > useRateLimit > should update reset time as requests expire
     → expected 1672581660000 to be 1672579800000 // Object.is equality
   ❯ src/hooks/__tests__/useRateLimit.test.ts > useRateLimit > should handle rapid successive requests
     → expected [] to have a length of 10 but got +0
   ❯ src/hooks/__tests__/useRateLimit.test.ts > useRateLimit > should maintain accurate count with mixed old and new requests
     → expected 20 to be 15 // Object.is equality
 ❯ |frontend| src/hooks/__tests__/useServiceStatus.test.tsx  (0 test)
 ✓ |frontend| src/hooks/__tests__/useRealtimeStatus.test.ts  (6 tests) 17ms
 ❯ |frontend| src/components/requests/__tests__/RequestStatusBadge.test.tsx  (11 tests | 10 failed) 42ms
   ❯ src/components/requests/__tests__/RequestStatusBadge.test.tsx > RequestStatusBadge > should render pending status correctly
     → expect(element).toHaveClass("bg-yellow-900/50")

Expected the element to have class:
  bg-yellow-900/50
Received:

   ❯ src/components/requests/__tests__/RequestStatusBadge.test.tsx > RequestStatusBadge > should render approved status correctly
     → expect(element).toHaveClass("bg-blue-900/50")

Expected the element to have class:
  bg-blue-900/50
Received:

   ❯ src/components/requests/__tests__/RequestStatusBadge.test.tsx > RequestStatusBadge > should render processing status correctly
     → expect(element).toHaveClass("bg-purple-900/50")

Expected the element to have class:
  bg-purple-900/50
Received:

   ❯ src/components/requests/__tests__/RequestStatusBadge.test.tsx > RequestStatusBadge > should render partially-available status correctly
     → Unable to find an element with the text: Partially Available. This could be because the text is broken up by multiple elements. In this case, you can provide a function for your text matcher to make your matcher more flexible.

Ignored nodes: comments, script, style
[36m<body>[39m
  [36m<div>[39m
    [36m<div[39m
      [33mclass[39m=[32m"inline-flex items-center gap-1.5 px-2.5 py-1 rounded-full text-xs font-medium text-orange-500 bg-orange-500/10"[39m
    [36m>[39m
      [36m<svg[39m
        [33mclass[39m=[32m"lucide lucide-download w-3.5 h-3.5"[39m
        [33mfill[39m=[32m"none"[39m
        [33mheight[39m=[32m"24"[39m
        [33mstroke[39m=[32m"currentColor"[39m
        [33mstroke-linecap[39m=[32m"round"[39m
        [33mstroke-linejoin[39m=[32m"round"[39m
        [33mstroke-width[39m=[32m"2"[39m
        [33mviewBox[39m=[32m"0 0 24 24"[39m
        [33mwidth[39m=[32m"24"[39m
        [33mxmlns[39m=[32m"http://www.w3.org/2000/svg"[39m
      [36m>[39m
        [36m<path[39m
          [33md[39m=[32m"M21 15v4a2 2 0 0 1-2 2H5a2 2 0 0 1-2-2v-4"[39m
        [36m/>[39m
        [36m<polyline[39m
          [33mpoints[39m=[32m"7 10 12 15 17 10"[39m
        [36m/>[39m
        [36m<line[39m
          [33mx1[39m=[32m"12"[39m
          [33mx2[39m=[32m"12"[39m
          [33my1[39m=[32m"15"[39m
          [33my2[39m=[32m"3"[39m
        [36m/>[39m
      [36m</svg>[39m
      [36m<span>[39m
        [0mPartial[0m
      [36m</span>[39m
    [36m</div>[39m
  [36m</div>[39m
[36m</body>[39m
   ❯ src/components/requests/__tests__/RequestStatusBadge.test.tsx > RequestStatusBadge > should render available status correctly
     → expect(element).toHaveClass("bg-green-900/50")

Expected the element to have class:
  bg-green-900/50
Received:

   ❯ src/components/requests/__tests__/RequestStatusBadge.test.tsx > RequestStatusBadge > should render denied status correctly
     → expect(element).toHaveClass("bg-red-900/50")

Expected the element to have class:
  bg-red-900/50
Received:

   ❯ src/components/requests/__tests__/RequestStatusBadge.test.tsx > RequestStatusBadge > should render failed status correctly
     → expect(element).toHaveClass("bg-gray-900/50")

Expected the element to have class:
  bg-gray-900/50
Received:

   ❯ src/components/requests/__tests__/RequestStatusBadge.test.tsx > RequestStatusBadge > should render correct icons for each status
     → expect(element).toHaveClass("w-4")

Expected the element to have class:
  w-4
Received:
  lucide lucide-clock w-3.5 h-3.5
   ❯ src/components/requests/__tests__/RequestStatusBadge.test.tsx > RequestStatusBadge > should handle className prop if provided
     → expect(element).toHaveClass("custom-class")

Expected the element to have class:
  custom-class
Received:
  inline-flex items-center gap-1.5 px-2.5 py-1 rounded-full text-xs font-medium text-green-500 bg-green-500/10
   ❯ src/components/requests/__tests__/RequestStatusBadge.test.tsx > RequestStatusBadge > should maintain consistent badge size regardless of text length
     → expect(element).toHaveClass("px-3")

Expected the element to have class:
  px-3
Received:
  inline-flex items-center gap-1.5 px-2.5 py-1 rounded-full text-xs font-medium text-yellow-500 bg-yellow-500/10
 ✓ |frontend| src/components/media/__tests__/MediaGrid.test.tsx  (7 tests) 24ms
 ❯ |frontend| src/components/dashboard/__tests__/DashboardLayout.test.tsx  (0 test)
 ❯ |frontend| src/hooks/__tests__/useMediaSearch.test.ts  (0 test)
 ✓ |frontend| src/hooks/__tests__/useWebSocket.test.ts  (9 tests) 15ms
 ❯ |frontend| src/components/media/__tests__/SearchInput.test.tsx  (9 tests | 2 failed) 105ms
   ❯ src/components/media/__tests__/SearchInput.test.tsx > SearchInput > should call onChange when typing
     → expected last "spy" call to have been called with [ 'Avatar' ]
   ❯ src/components/media/__tests__/SearchInput.test.tsx > SearchInput > should show loading spinner when isLoading is true
     → Unable to find an element by: [data-testid="(content, element) => {
      return element?.className?.includes("animate-spin") || false;
    }"]

Ignored nodes: comments, script, style
[36m<body>[39m
  [36m<div>[39m
    [36m<div[39m
      [33mclass[39m=[32m"relative"[39m
    [36m>[39m
      [36m<div[39m
        [33mclass[39m=[32m"absolute inset-y-0 left-0 pl-3 flex items-center pointer-events-none"[39m
      [36m>[39m
        [36m<svg[39m
          [33mclass[39m=[32m"lucide lucide-search h-5 w-5 text-gray-400"[39m
          [33mfill[39m=[32m"none"[39m
          [33mheight[39m=[32m"24"[39m
          [33mstroke[39m=[32m"currentColor"[39m
          [33mstroke-linecap[39m=[32m"round"[39m
          [33mstroke-linejoin[39m=[32m"round"[39m
          [33mstroke-width[39m=[32m"2"[39m
          [33mviewBox[39m=[32m"0 0 24 24"[39m
          [33mwidth[39m=[32m"24"[39m
          [33mxmlns[39m=[32m"http://www.w3.org/2000/svg"[39m
        [36m>[39m
          [36m<circle[39m
            [33mcx[39m=[32m"11"[39m
            [33mcy[39m=[32m"11"[39m
            [33mr[39m=[32m"8"[39m
          [36m/>[39m
          [36m<path[39m
            [33md[39m=[32m"m21 21-4.3-4.3"[39m
          [36m/>[39m
        [36m</svg>[39m
      [36m</div>[39m
      [36m<input[39m
        [33mclass[39m=[32m"block w-full pl-10 pr-10 py-3 text-base border-gray-700 rounded-lg
                   bg-gray-800 text-white placeholder-gray-400
                   focus:outline-none focus:ring-2 focus:ring-blue-500 focus:border-transparent
                   transition-all duration-150"[39m
        [33mplaceholder[39m=[32m"Search for movies or TV shows..."[39m
        [33mtype[39m=[32m"text"[39m
        [33mvalue[39m=[32m"test"[39m
      [36m/>[39m
      [36m<button[39m
        [33maria-label[39m=[32m"Clear search"[39m
        [33mclass[39m=[32m"absolute inset-y-0 right-0 pr-3 flex items-center"[39m
      [36m>[39m
        [36m<svg[39m
          [33mclass[39m=[32m"lucide lucide-x h-5 w-5 text-gray-400 hover:text-white transition-colors"[39m
          [33mfill[39m=[32m"none"[39m
          [33mheight[39m=[32m"24"[39m
          [33mstroke[39m=[32m"currentColor"[39m
          [33mstroke-linecap[39m=[32m"round"[39m
          [33mstroke-linejoin[39m=[32m"round"[39m
          [33mstroke-width[39m=[32m"2"[39m
          [33mviewBox[39m=[32m"0 0 24 24"[39m
          [33mwidth[39m=[32m"24"[39m
          [33mxmlns[39m=[32m"http://www.w3.org/2000/svg"[39m
        [36m>[39m
          [36m<path[39m
            [33md[39m=[32m"M18 6 6 18"[39m
          [36m/>[39m
          [36m<path[39m
            [33md[39m=[32m"m6 6 12 12"[39m
          [36m/>[39m
        [36m</svg>[39m
      [36m</button>[39m
      [36m<div[39m
        [33mclass[39m=[32m"absolute inset-y-0 right-10 pr-3 flex items-center"[39m
      [36m>[39m
        [36m<div[39m
          [33mclass[39m=[32m"animate-spin rounded-full h-4 w-4 border-b-2 border-white"[39m
        [36m/>[39m
      [36m</div>[39m
    [36m</div>[39m
  [36m</div>[39m
[36m</body>[39m
 ❯ |frontend| src/components/dashboard/__tests__/ServiceCard.test.tsx  (6 tests | 1 failed) 75ms
   ❯ src/components/dashboard/__tests__/ServiceCard.test.tsx > ServiceCard > renders service information correctly
     → Unable to find an element with the text: 5 minutes ago. This could be because the text is broken up by multiple elements. In this case, you can provide a function for your text matcher to make your matcher more flexible.

Ignored nodes: comments, script, style
[36m<body>[39m
  [36m<div>[39m
    [36m<div[39m
      [33mclass[39m=[32m"bg-gray-800 rounded-lg p-6 hover:bg-gray-700 transition-all duration-200 cursor-pointer border border-gray-700 hover:border-gray-600"[39m
    [36m>[39m
      [36m<div[39m
        [33mclass[39m=[32m"flex items-center justify-between mb-4"[39m
      [36m>[39m
        [36m<div[39m
          [33mclass[39m=[32m"flex items-center space-x-3"[39m
        [36m>[39m
          [36m<span[39m
            [33mclass[39m=[32m"text-2xl"[39m
          [36m>[39m
            [0m🎬[0m
          [36m</span>[39m
          [36m<div>[39m
            [36m<h3[39m
              [33mclass[39m=[32m"text-lg font-semibold text-white"[39m
            [36m>[39m
              [0mTest Service[0m
            [36m</h3>[39m
          [36m</div>[39m
        [36m</div>[39m
        [36m<div[39m
          [33mclass[39m=[32m"flex items-center space-x-2"[39m
        [36m>[39m
          [36m<div[39m
            [33mclass[39m=[32m"relative"[39m
          [36m>[39m
            [36m<div[39m
              [33maria-label[39m=[32m"Service status: up"[39m
              [33mclass[39m=[32m"rounded-full w-3 h-3 bg-green-500 animate-pulse"[39m
              [33mrole[39m=[32m"status"[39m
            [36m/>[39m
            [36m<div[39m
              [33mclass[39m=[32m"absolute inset-0 rounded-full animate-ping bg-green-500 opacity-75"[39m
            [36m/>[39m
          [36m</div>[39m
          [36m<span[39m
            [33mclass[39m=[32m"text-xs font-medium uppercase tracking-wide text-green-400"[39m
          [36m>[39m
            [0mup[0m
          [36m</span>[39m
        [36m</div>[39m
      [36m</div>[39m
      [36m<div[39m
        [33mclass[39m=[32m"space-y-3"[39m
      [36m>[39m
        [36m<div[39m
          [33mclass[39m=[32m"flex justify-between text-sm"[39m
        [36m>[39m
          [36m<span[39m
            [33mclass[39m=[32m"text-gray-400"[39m
          [36m>[39m
            [0mResponse Time:[0m
          [36m</span>[39m
          [36m<span[39m
            [33mclass[39m=[32m"text-white font-medium"[39m
          [36m>[39m
            [0m150[0m
            [0mms[0m
          [36m</span>[39m
        [36m</div>[39m
        [36m<div[39m
          [33mclass[39m=[32m"space-y-1"[39m
        [36m>[39m
          [36m<div[39m
            [33mclass[39m=[32m"flex justify-between text-xs"[39m
          [36m>[39m
            [36m<span[39m
              [33mclass[39m=[32m"text-gray-400"[39m
            [36m>[39m
              [0m24h:[0m
            [36m</span>[39m
            [36m<span[39m
              [33mclass[39m=[32m"text-green-400"[39m
            [36m>[39m
              [0m99.5[0m
              [0m%[0m
            [36m</span>[39m
          [36m</div>[39m
          [36m<div[39m
            [33mclass[39m=[32m"flex justify-between text-xs"[39m
          [36m>[39m
            [36m<span[39m
              [33mclass[39m=[32m"text-gray-400"[39m
            [36m>[39m
              [0m7d:[0m
            [36m</span>[39m
            [36m<span[39m
              [33mclass[39m=[32m"text-green-400"[39m
            [36m>[39m
              [0m99.2[0m
              [0m%[0m
            [36m</span>[39m
          [36m</div>[39m
          [36m<div[39m
            [33mclass[39m=[32m"flex justify-between text-xs"[39m
          [36m>[39m
            [36m<span[39m
              [33mclass[39m=[32m"text-gray-400"[39m
            [36m>[39m
              [0m30d:[0m
            [36m</span>[39m
            [36m<span[39m
              [33mclass[39m=[32m"text-yellow-400"[39m
            [36m>[39m
              [0m98.8[0m
              [0m%[0m
            [36m</span>[39m
          [36m</div>[39m
        [36m</div>[39m
        [36m<div[39m
          [33mclass[39m=[32m"text-xs text-gray-500"[39m
        [36m>[39m
          [0mLast check: [0m
          [0m5 minutes ago[0m
        [36m</div>[39m
      [36m</div>[39m
      [36m<div[39m
        [33mclass[39m=[32m"mt-4"[39m
      [36m>[39m
        [36m<div[39m
          [33mclass[39m=[32m"flex gap-2"[39m
        [36m>[39m
          [36m<button[39m
            [33mclass[39m=[32m"flex-1 inline-flex items-center justify-center gap-2 px-3 py-2 text-sm font-medium text-white bg-blue-600 rounded-md hover:bg-blue-700 focus:outline-none focus:ring-2 focus:ring-offset-2 focus:ring-blue-500 transition-colors"[39m
          [36m>[39m
            [36m<span>[39m
              [0m🔍[0m
            [36m</span>[39m
            [36m<span>[39m
              [0mBrowse Library[0m
            [36m</span>[39m
          [36m</button>[39m
          [36m<button[39m
            [33mclass[39m=[32m"flex-1 inline-flex items-center justify-center gap-2 px-3 py-2 text-sm font-medium text-white bg-blue-600 rounded-md hover:bg-blue-700 focus:outline-none focus:ring-2 focus:ring-offset-2 focus:ring-blue-500 transition-colors"[39m
          [36m>[39m
            [36m<span>[39m
              [0m🔗[0m
            [36m</span>[39m
            [36m<span>[39m
              [0mOpen Service[0m
            [36m</span>[39m
          [36m</button>[39m
        [36m</div>[39m
      [36m</div>[39m
    [36m</div>[39m
  [36m</div>[39m
[36m</body>[39m
 ✓ |frontend| src/components/dashboard/__tests__/QuickActions.test.tsx  (4 tests) 12ms
 ✓ |frontend| src/components/media/__tests__/AvailabilityBadge.test.tsx  (6 tests) 10ms
 ❯ |frontend| src/components/dashboard/__tests__/StatusIndicator.test.tsx  (4 tests | 4 failed) 17ms
   ❯ src/components/dashboard/__tests__/StatusIndicator.test.tsx > StatusIndicator > shows green indicator for up status
     → expect(element).toHaveClass("text-green-500")

Expected the element to have class:
  text-green-500
Received:
  text-xs font-medium uppercase tracking-wide text-green-400
   ❯ src/components/dashboard/__tests__/StatusIndicator.test.tsx > StatusIndicator > shows red indicator for down status
     → expect(element).toHaveClass("text-red-500")

Expected the element to have class:
  text-red-500
Received:
  text-xs font-medium uppercase tracking-wide text-red-400
   ❯ src/components/dashboard/__tests__/StatusIndicator.test.tsx > StatusIndicator > shows yellow indicator for degraded status
     → expect(element).toHaveClass("text-yellow-500")

Expected the element to have class:
  text-yellow-500
Received:
  text-xs font-medium uppercase tracking-wide text-yellow-400
   ❯ src/components/dashboard/__tests__/StatusIndicator.test.tsx > StatusIndicator > includes pulse animation on indicator
     → expect(element).toHaveClass("animate-pulse")

Expected the element to have class:
  animate-pulse
Received:
  rounded-full w-3 h-3 bg-green-500
 ✓ |frontend| src/components/dashboard/__tests__/ConnectionStatus.test.tsx  (4 tests) 15ms

⎯⎯⎯⎯⎯⎯ Failed Suites 40 ⎯⎯⎯⎯⎯⎯

 FAIL  |shared| src/utils/__tests__/crypto.test.ts [ shared/src/utils/__tests__/crypto.test.ts ]
Error: Failed to load url ../crypto (resolved id: ../crypto) in /home/kinginyellow/projects/medianest/shared/src/utils/__tests__/crypto.test.ts. Does the file exist?
 ❯ loadAndTransform ../node_modules/vite/dist/node/chunks/dep-C6uTJdX2.js:51968:17

⎯⎯⎯⎯⎯⎯⎯⎯⎯⎯⎯⎯⎯⎯⎯⎯⎯⎯⎯⎯⎯⎯[1/129]⎯

 FAIL  |shared| src/utils/__tests__/validation.test.ts [ shared/src/utils/__tests__/validation.test.ts ]
Error: Failed to load url ../validation (resolved id: ../validation) in /home/kinginyellow/projects/medianest/shared/src/utils/__tests__/validation.test.ts. Does the file exist?
 ❯ loadAndTransform ../node_modules/vite/dist/node/chunks/dep-C6uTJdX2.js:51968:17

⎯⎯⎯⎯⎯⎯⎯⎯⎯⎯⎯⎯⎯⎯⎯⎯⎯⎯⎯⎯⎯⎯[2/129]⎯

 FAIL  |backend| tests/api/auth.endpoints.test.ts [ backend/tests/api/auth.endpoints.test.ts ]
 FAIL  |backend| tests/api/media.endpoints.test.ts [ backend/tests/api/media.endpoints.test.ts ]
 FAIL  |backend| tests/api/services.endpoints.test.ts [ backend/tests/api/services.endpoints.test.ts ]
 FAIL  |backend| tests/api/users.endpoints.test.ts [ backend/tests/api/users.endpoints.test.ts ]
 FAIL  |backend| tests/api/youtube.endpoints.test.ts [ backend/tests/api/youtube.endpoints.test.ts ]
 FAIL  |backend| tests/integration/youtube-plex-integration.test.ts [ backend/tests/integration/youtube-plex-integration.test.ts ]
 FAIL  |backend| src/controllers/__tests__/plex.collections.test.ts [ backend/src/controllers/__tests__/plex.collections.test.ts ]
 FAIL  |backend| tests/integration/auth/plex-oauth.test.ts [ backend/tests/integration/auth/plex-oauth.test.ts ]
 FAIL  |backend| tests/integration/critical-paths/auth-flow.test.ts [ backend/tests/integration/critical-paths/auth-flow.test.ts ]
 FAIL  |backend| tests/integration/critical-paths/error-scenarios.test.ts [ backend/tests/integration/critical-paths/error-scenarios.test.ts ]
 FAIL  |backend| tests/integration/critical-paths/media-request-flow.test.ts [ backend/tests/integration/critical-paths/media-request-flow.test.ts ]
 FAIL  |backend| tests/integration/critical-paths/service-monitoring.test.ts [ backend/tests/integration/critical-paths/service-monitoring.test.ts ]
 FAIL  |backend| tests/integration/critical-paths/user-isolation.test.ts [ backend/tests/integration/critical-paths/user-isolation.test.ts ]
 FAIL  |backend| tests/integration/critical-paths/youtube-download-flow.test.ts [ backend/tests/integration/critical-paths/youtube-download-flow.test.ts ]
 FAIL  |backend| tests/integration/middleware/auth.test.ts [ backend/tests/integration/middleware/auth.test.ts ]
 FAIL  |backend| tests/integration/middleware/error.test.ts [ backend/tests/integration/middleware/error.test.ts ]
 FAIL  |backend| tests/integration/middleware/rate-limit.test.ts [ backend/tests/integration/middleware/rate-limit.test.ts ]
 FAIL  |backend| tests/integration/overseerr/overseerr.client.test.ts [ backend/tests/integration/overseerr/overseerr.client.test.ts ]
 FAIL  |backend| tests/integration/services/external-services.integration.test.ts [ backend/tests/integration/services/external-services.integration.test.ts ]
 FAIL  |backend| tests/integration/uptime-kuma/uptime-kuma.client.test.ts [ backend/tests/integration/uptime-kuma/uptime-kuma.client.test.ts ]
 FAIL  |backend| tests/unit/middleware/correlation-id.test.ts [ backend/tests/unit/middleware/correlation-id.test.ts ]
 FAIL  |backend| tests/unit/services/plex.service.test.ts [ backend/tests/unit/services/plex.service.test.ts ]
 FAIL  |backend| tests/unit/utils/retry.test.ts [ backend/tests/unit/utils/retry.test.ts ]
Error: 'import', and 'export' cannot be used outside of module code
 ❯ getRollupError ../node_modules/rollup/dist/es/shared/parseAst.js:401:41
 ❯ convertProgram ../node_modules/rollup/dist/es/shared/parseAst.js:1089:26
 ❯ parseAstAsync ../node_modules/rollup/dist/es/shared/parseAst.js:2075:106
 ❯ ssrTransformScript ../node_modules/vite/dist/node/chunks/dep-C6uTJdX2.js:52429:11
 ❯ loadAndTransform ../node_modules/vite/dist/node/chunks/dep-C6uTJdX2.js:52027:72

⎯⎯⎯⎯⎯⎯⎯⎯⎯⎯⎯⎯⎯⎯⎯⎯⎯⎯⎯⎯⎯⎯[3/129]⎯

 FAIL  |backend| tests/integration/plex/plex.client.test.ts [ backend/tests/integration/plex/plex.client.test.ts ]
 FAIL  |backend| tests/unit/utils/jwt.test.ts [ backend/tests/unit/utils/jwt.test.ts ]
Error: Failed to load url @medianest/shared/config (resolved id: @medianest/shared/config) in /home/kinginyellow/projects/medianest/backend/src/config/index.ts. Does the file exist?
 ❯ loadAndTransform ../node_modules/vite/dist/node/chunks/dep-C6uTJdX2.js:51968:17

⎯⎯⎯⎯⎯⎯⎯⎯⎯⎯⎯⎯⎯⎯⎯⎯⎯⎯⎯⎯⎯⎯[4/129]⎯

 FAIL  |backend| tests/integration/repositories/user.repository.test.ts [ backend/tests/integration/repositories/user.repository.test.ts ]
Error: Failed to load url bcryptjs (resolved id: bcryptjs) in /home/kinginyellow/projects/medianest/backend/src/repositories/user.repository.ts. Does the file exist?
 ❯ loadAndTransform ../node_modules/vite/dist/node/chunks/dep-C6uTJdX2.js:51968:17

⎯⎯⎯⎯⎯⎯⎯⎯⎯⎯⎯⎯⎯⎯⎯⎯⎯⎯⎯⎯⎯⎯[5/129]⎯

 FAIL  |backend| tests/integration/websocket/socket.test.ts [ backend/tests/integration/websocket/socket.test.ts ]
Error: Failed to load url ../../fixtures (resolved id: ../../fixtures) in /home/kinginyellow/projects/medianest/backend/tests/integration/websocket/socket.test.ts. Does the file exist?
 ❯ loadAndTransform ../node_modules/vite/dist/node/chunks/dep-C6uTJdX2.js:51968:17

⎯⎯⎯⎯⎯⎯⎯⎯⎯⎯⎯⎯⎯⎯⎯⎯⎯⎯⎯⎯⎯⎯[6/129]⎯

 FAIL  |frontend| src/hooks/__tests__/useMediaRequest.test.ts [ frontend/src/hooks/__tests__/useMediaRequest.test.ts ]
 FAIL  |frontend| src/hooks/__tests__/useRequestStatus.test.ts [ frontend/src/hooks/__tests__/useRequestStatus.test.ts ]
 FAIL  |frontend| src/hooks/__tests__/useServiceStatus.test.tsx [ frontend/src/hooks/__tests__/useServiceStatus.test.tsx ]
 FAIL  |frontend| src/lib/__tests__/socket.test.ts [ frontend/src/lib/__tests__/socket.test.ts ]
 FAIL  |frontend| src/components/dashboard/__tests__/DashboardLayout.test.tsx [ frontend/src/components/dashboard/__tests__/DashboardLayout.test.tsx ]
 FAIL  |frontend| src/components/plex/__tests__/PlexBrowser.test.tsx [ frontend/src/components/plex/__tests__/PlexBrowser.test.tsx ]
 FAIL  |frontend| src/lib/api/__tests__/requests.test.ts [ frontend/src/lib/api/__tests__/requests.test.ts ]
Error: Failed to resolve import "@medianest/shared/config" from "frontend/src/config/index.ts". Does the file exist?
 ❯ TransformPluginContext._formatError ../node_modules/vite/dist/node/chunks/dep-C6uTJdX2.js:49258:41
 ❯ TransformPluginContext.error ../node_modules/vite/dist/node/chunks/dep-C6uTJdX2.js:49253:16
 ❯ normalizeUrl ../node_modules/vite/dist/node/chunks/dep-C6uTJdX2.js:64291:23
 ❯ ../async file:/home/kinginyellow/projects/medianest/node_modules/vite/dist/node/chunks/dep-C6uTJdX2.js:64423:39
 ❯ TransformPluginContext.transform ../node_modules/vite/dist/node/chunks/dep-C6uTJdX2.js:64350:7
 ❯ PluginContainer.transform ../node_modules/vite/dist/node/chunks/dep-C6uTJdX2.js:49099:18
 ❯ loadAndTransform ../node_modules/vite/dist/node/chunks/dep-C6uTJdX2.js:51977:27

⎯⎯⎯⎯⎯⎯⎯⎯⎯⎯⎯⎯⎯⎯⎯⎯⎯⎯⎯⎯⎯⎯[7/129]⎯

 FAIL  |frontend| src/hooks/__tests__/useMediaSearch.test.ts [ frontend/src/hooks/__tests__/useMediaSearch.test.ts ]
Error: 'import', and 'export' cannot be used outside of module code
 ❯ getRollupError ../node_modules/rollup/dist/es/shared/parseAst.js:401:41
 ❯ convertProgram ../node_modules/rollup/dist/es/shared/parseAst.js:1089:26
 ❯ parseAstAsync ../node_modules/rollup/dist/es/shared/parseAst.js:2075:106
 ❯ ssrTransformScript ../node_modules/vite/dist/node/chunks/dep-C6uTJdX2.js:52429:11

⎯⎯⎯⎯⎯⎯⎯⎯⎯⎯⎯⎯⎯⎯⎯⎯⎯⎯⎯⎯⎯⎯[8/129]⎯

 FAIL  |frontend| src/components/plex/__tests__/PlexSearch.test.tsx [ frontend/src/components/plex/__tests__/PlexSearch.test.tsx ]
Error: Failed to resolve import "@medianest/shared/config" from "frontend/src/config/index.ts". Does the file exist?
 ❯ TransformPluginContext._formatError ../node_modules/vite/dist/node/chunks/dep-C6uTJdX2.js:49258:41
 ❯ TransformPluginContext.error ../node_modules/vite/dist/node/chunks/dep-C6uTJdX2.js:49253:16
 ❯ normalizeUrl ../node_modules/vite/dist/node/chunks/dep-C6uTJdX2.js:64291:23
 ❯ ../async file:/home/kinginyellow/projects/medianest/node_modules/vite/dist/node/chunks/dep-C6uTJdX2.js:64423:39
 ❯ TransformPluginContext.transform ../node_modules/vite/dist/node/chunks/dep-C6uTJdX2.js:64350:7
 ❯ PluginContainer.transform ../node_modules/vite/dist/node/chunks/dep-C6uTJdX2.js:49099:18
 ❯ loadAndTransform ../node_modules/vite/dist/node/chunks/dep-C6uTJdX2.js:51977:27

⎯⎯⎯⎯⎯⎯⎯⎯⎯⎯⎯⎯⎯⎯⎯⎯⎯⎯⎯⎯⎯⎯[9/129]⎯

 FAIL  |frontend| src/components/youtube/__tests__/CollectionProgress.test.tsx [ frontend/src/components/youtube/__tests__/CollectionProgress.test.tsx ]
Error: Failed to resolve import "../CollectionProgress" from "frontend/src/components/youtube/__tests__/CollectionProgress.test.tsx". Does the file exist?
 ❯ TransformPluginContext._formatError ../node_modules/vite/dist/node/chunks/dep-C6uTJdX2.js:49258:41
 ❯ TransformPluginContext.error ../node_modules/vite/dist/node/chunks/dep-C6uTJdX2.js:49253:16
 ❯ normalizeUrl ../node_modules/vite/dist/node/chunks/dep-C6uTJdX2.js:64291:23
 ❯ ../async file:/home/kinginyellow/projects/medianest/node_modules/vite/dist/node/chunks/dep-C6uTJdX2.js:64423:39
 ❯ TransformPluginContext.transform ../node_modules/vite/dist/node/chunks/dep-C6uTJdX2.js:64350:7
 ❯ PluginContainer.transform ../node_modules/vite/dist/node/chunks/dep-C6uTJdX2.js:49099:18
 ❯ loadAndTransform ../node_modules/vite/dist/node/chunks/dep-C6uTJdX2.js:51977:27

⎯⎯⎯⎯⎯⎯⎯⎯⎯⎯⎯⎯⎯⎯⎯⎯⎯⎯⎯⎯⎯[10/129]⎯

 FAIL  |frontend| src/components/youtube/__tests__/DownloadQueue.test.tsx [ frontend/src/components/youtube/__tests__/DownloadQueue.test.tsx ]
Error: Failed to resolve import "../DownloadCard" from "frontend/src/components/youtube/__tests__/DownloadQueue.test.tsx". Does the file exist?
 ❯ TransformPluginContext._formatError ../node_modules/vite/dist/node/chunks/dep-C6uTJdX2.js:49258:41
 ❯ TransformPluginContext.error ../node_modules/vite/dist/node/chunks/dep-C6uTJdX2.js:49253:16
 ❯ normalizeUrl ../node_modules/vite/dist/node/chunks/dep-C6uTJdX2.js:64291:23
 ❯ ../async file:/home/kinginyellow/projects/medianest/node_modules/vite/dist/node/chunks/dep-C6uTJdX2.js:64423:39
 ❯ TransformPluginContext.transform ../node_modules/vite/dist/node/chunks/dep-C6uTJdX2.js:64350:7
 ❯ PluginContainer.transform ../node_modules/vite/dist/node/chunks/dep-C6uTJdX2.js:49099:18
 ❯ loadAndTransform ../node_modules/vite/dist/node/chunks/dep-C6uTJdX2.js:51977:27

⎯⎯⎯⎯⎯⎯⎯⎯⎯⎯⎯⎯⎯⎯⎯⎯⎯⎯⎯⎯⎯[11/129]⎯

⎯⎯⎯⎯⎯⎯ Failed Tests 89 ⎯⎯⎯⎯⎯⎯⎯

 FAIL  |shared| src/constants/__tests__/index.test.ts > Constants > API_ENDPOINTS > should define all required endpoints
AssertionError: expected '/auth/login' to be '/api/v1/auth/login' // Object.is equality

- Expected
+ Received

- /api/v1/auth/login
+ /auth/login

 ❯ src/constants/__tests__/index.test.ts:7:40
      5|   describe('API_ENDPOINTS', () => {
      6|     it('should define all required endpoints', () => {
      7|       expect(API_ENDPOINTS.AUTH.LOGIN).toBe('/api/v1/auth/login');
       |                                        ^
      8|       expect(API_ENDPOINTS.AUTH.LOGOUT).toBe('/api/v1/auth/logout');
      9|       expect(API_ENDPOINTS.AUTH.SESSION).toBe('/api/v1/auth/session');

⎯⎯⎯⎯⎯⎯⎯⎯⎯⎯⎯⎯⎯⎯⎯⎯⎯⎯⎯⎯⎯[12/129]⎯

 FAIL  |shared| src/constants/__tests__/index.test.ts > Constants > API_ENDPOINTS > should have consistent versioning
AssertionError: expected '/auth/login' to match /^\/api\/v1\//api\

- Expected: 
/^\/api\/v1\//

+ Received: 
"/auth/login"

 ❯ src/constants/__tests__/index.test.ts:20:26
     18| 
     19|       endpoints.forEach((endpoint) => {
     20|         expect(endpoint).toMatch(/^\/api\/v1\//);
       |                          ^
     21|       });
     22|     });
 ❯ src/constants/__tests__/index.test.ts:19:17

⎯⎯⎯⎯⎯⎯⎯⎯⎯⎯⎯⎯⎯⎯⎯⎯⎯⎯⎯⎯⎯[13/129]⎯

 FAIL  |shared| src/constants/__tests__/index.test.ts > Constants > SERVICES > should define all service names
AssertionError: expected 'Plex' to be 'plex' // Object.is equality

- Expected
+ Received

- plex
+ Plex

 ❯ src/constants/__tests__/index.test.ts:27:29
     25|   describe('SERVICES', () => {
     26|     it('should define all service names', () => {
     27|       expect(SERVICES.PLEX).toBe('plex');
       |                             ^
     28|       expect(SERVICES.OVERSEERR).toBe('overseerr');
     29|       expect(SERVICES.UPTIME_KUMA).toBe('uptime-kuma');

⎯⎯⎯⎯⎯⎯⎯⎯⎯⎯⎯⎯⎯⎯⎯⎯⎯⎯⎯⎯⎯[14/129]⎯

 FAIL  |shared| src/constants/__tests__/index.test.ts > Constants > SERVICES > should have lowercase service names
AssertionError: expected 'Plex' to be 'plex' // Object.is equality

- Expected
+ Received

- plex
+ Plex

 ❯ src/constants/__tests__/index.test.ts:34:25
     32|     it('should have lowercase service names', () => {
     33|       Object.values(SERVICES).forEach((service) => {
     34|         expect(service).toBe(service.toLowerCase());
       |                         ^
     35|       });
     36|     });
 ❯ src/constants/__tests__/index.test.ts:33:31

⎯⎯⎯⎯⎯⎯⎯⎯⎯⎯⎯⎯⎯⎯⎯⎯⎯⎯⎯⎯⎯[15/129]⎯

 FAIL  |shared| src/constants/__tests__/index.test.ts > Constants > SOCKET_EVENTS > should define all socket events
AssertionError: expected undefined to be 'notification' // Object.is equality

- Expected: 
"notification"

+ Received: 
undefined

 ❯ src/constants/__tests__/index.test.ts:46:42
     44|       expect(SOCKET_EVENTS.REQUEST_UPDATE).toBe('request:update');
     45|       expect(SOCKET_EVENTS.DOWNLOAD_PROGRESS).toBe('download:progress'…
     46|       expect(SOCKET_EVENTS.NOTIFICATION).toBe('notification');
       |                                          ^
     47|     });
     48| 

⎯⎯⎯⎯⎯⎯⎯⎯⎯⎯⎯⎯⎯⎯⎯⎯⎯⎯⎯⎯⎯[16/129]⎯

 FAIL  |shared| src/constants/__tests__/index.test.ts > Constants > SOCKET_EVENTS > should follow naming convention
AssertionError: expected 'service:status:all' to match /^[a-z]+(:?[a-z]+)?$/

- Expected: 
/^[a-z]+(:?[a-z]+)?$/

+ Received: 
"service:status:all"

 ❯ src/constants/__tests__/index.test.ts:52:23
     50|       const events = Object.values(SOCKET_EVENTS);
     51|       events.forEach((event) => {
     52|         expect(event).toMatch(/^[a-z]+(:?[a-z]+)?$/);
       |                       ^
     53|       });
     54|     });
 ❯ src/constants/__tests__/index.test.ts:51:14

⎯⎯⎯⎯⎯⎯⎯⎯⎯⎯⎯⎯⎯⎯⎯⎯⎯⎯⎯⎯⎯[17/129]⎯

 FAIL  |shared| src/constants/__tests__/index.test.ts > Constants > ERROR_CODES > should define all error codes
AssertionError: expected 'VAL_001' to be 'VALIDATION_ERROR' // Object.is equality

- Expected
+ Received

- VALIDATION_ERROR
+ VAL_001

 ❯ src/constants/__tests__/index.test.ts:59:44
     57|   describe('ERROR_CODES', () => {
     58|     it('should define all error codes', () => {
     59|       expect(ERROR_CODES.VALIDATION_ERROR).toBe('VALIDATION_ERROR');
       |                                            ^
     60|       expect(ERROR_CODES.UNAUTHORIZED).toBe('UNAUTHORIZED');
     61|       expect(ERROR_CODES.FORBIDDEN).toBe('FORBIDDEN');

⎯⎯⎯⎯⎯⎯⎯⎯⎯⎯⎯⎯⎯⎯⎯⎯⎯⎯⎯⎯⎯[18/129]⎯

 FAIL  |shared| src/constants/__tests__/index.test.ts > Constants > ERROR_CODES > should use uppercase with underscores
AssertionError: expected 'AUTH_001' to match /^[A-Z_]+$/

- Expected: 
/^[A-Z_]+$/

+ Received: 
"AUTH_001"

 ❯ src/constants/__tests__/index.test.ts:70:22
     68|     it('should use uppercase with underscores', () => {
     69|       Object.values(ERROR_CODES).forEach((code) => {
     70|         expect(code).toMatch(/^[A-Z_]+$/);
       |                      ^
     71|       });
     72|     });
 ❯ src/constants/__tests__/index.test.ts:69:34

⎯⎯⎯⎯⎯⎯⎯⎯⎯⎯⎯⎯⎯⎯⎯⎯⎯⎯⎯⎯⎯[19/129]⎯

 FAIL  |shared| src/constants/__tests__/index.test.ts > Constants > RATE_LIMITS > should define all rate limits
AssertionError: expected undefined to deeply equal { windowMs: 60000, max: 100, …(1) }

- Expected: 
Object {
  "keyPrefix": "rate:api:",
  "max": 100,
  "windowMs": 60000,
}

+ Received: 
undefined

 ❯ src/constants/__tests__/index.test.ts:77:31
     75|   describe('RATE_LIMITS', () => {
     76|     it('should define all rate limits', () => {
     77|       expect(RATE_LIMITS.API).toEqual({
       |                               ^
     78|         windowMs: 60000,
     79|         max: 100,

⎯⎯⎯⎯⎯⎯⎯⎯⎯⎯⎯⎯⎯⎯⎯⎯⎯⎯⎯⎯⎯[20/129]⎯

 FAIL  |shared| src/constants/__tests__/index.test.ts > Constants > RATE_LIMITS > should have appropriate limits for each service
TypeError: Cannot read properties of undefined (reading 'max')
 ❯ src/constants/__tests__/index.test.ts:106:30
    104|     it('should have appropriate limits for each service', () => {
    105|       // API should have highest rate limit
    106|       expect(RATE_LIMITS.API.max).toBeGreaterThan(RATE_LIMITS.YOUTUBE.…
       |                              ^
    107|       expect(RATE_LIMITS.API.max).toBeGreaterThan(RATE_LIMITS.MEDIA_RE…
    108| 

⎯⎯⎯⎯⎯⎯⎯⎯⎯⎯⎯⎯⎯⎯⎯⎯⎯⎯⎯⎯⎯[21/129]⎯

 FAIL  |shared| src/errors/__tests__/index.test.ts > Error Classes > AppError > should create basic app error
AssertionError: expected 'INTERNAL_ERROR' to be 'TEST_ERROR' // Object.is equality

- Expected
+ Received

- TEST_ERROR
+ INTERNAL_ERROR

 ❯ src/errors/__tests__/index.test.ts:21:26
     19|       expect(error).toBeInstanceOf(Error);
     20|       expect(error).toBeInstanceOf(AppError);
     21|       expect(error.code).toBe('TEST_ERROR');
       |                          ^
     22|       expect(error.message).toBe('Test error message');
     23|       expect(error.statusCode).toBe(500);

⎯⎯⎯⎯⎯⎯⎯⎯⎯⎯⎯⎯⎯⎯⎯⎯⎯⎯⎯⎯⎯[22/129]⎯

 FAIL  |shared| src/errors/__tests__/index.test.ts > Error Classes > AppError > should create app error with custom status and details
AssertionError: expected 400 to be 'CUSTOM_ERROR' // Object.is equality

- Expected: 
"CUSTOM_ERROR"

+ Received: 
400

 ❯ src/errors/__tests__/index.test.ts:31:26
     29|       const error = new AppError('CUSTOM_ERROR', 'Custom error', 400, …
     30| 
     31|       expect(error.code).toBe('CUSTOM_ERROR');
       |                          ^
     32|       expect(error.message).toBe('Custom error');
     33|       expect(error.statusCode).toBe(400);

⎯⎯⎯⎯⎯⎯⎯⎯⎯⎯⎯⎯⎯⎯⎯⎯⎯⎯⎯⎯⎯[23/129]⎯

 FAIL  |shared| src/errors/__tests__/index.test.ts > Error Classes > AppError > should have proper stack trace
AssertionError: expected 'Error: TEST\n    at /home/kinginyello…' to contain 'AppError'

- Expected
+ Received

- AppError
+ Error: TEST
+     at /home/kinginyellow/projects/medianest/shared/src/errors/__tests__/index.test.ts:38:21
+     at file:///home/kinginyellow/projects/medianest/node_modules/@vitest/runner/dist/index.js:135:14
+     at file:///home/kinginyellow/projects/medianest/node_modules/@vitest/runner/dist/index.js:60:26
+     at runTest (file:///home/kinginyellow/projects/medianest/node_modules/@vitest/runner/dist/index.js:781:17)
+     at runSuite (file:///home/kinginyellow/projects/medianest/node_modules/@vitest/runner/dist/index.js:909:15)
+     at runSuite (file:///home/kinginyellow/projects/medianest/node_modules/@vitest/runner/dist/index.js:909:15)
+     at runSuite (file:///home/kinginyellow/projects/medianest/node_modules/@vitest/runner/dist/index.js:909:15)
+     at runFiles (file:///home/kinginyellow/projects/medianest/node_modules/@vitest/runner/dist/index.js:958:5)
+     at startTests (file:///home/kinginyellow/projects/medianest/node_modules/@vitest/runner/dist/index.js:967:3)
+     at file:///home/kinginyellow/projects/medianest/node_modules/vitest/dist/chunks/runtime-runBaseTests.oAvMKtQC.js:116:7

 ❯ src/errors/__tests__/index.test.ts:40:27
     38|       const error = new AppError('TEST', 'Test');
     39|       expect(error.stack).toBeDefined();
     40|       expect(error.stack).toContain('AppError');
       |                           ^
     41|     });
     42|   });

⎯⎯⎯⎯⎯⎯⎯⎯⎯⎯⎯⎯⎯⎯⎯⎯⎯⎯⎯⎯⎯[24/129]⎯

 FAIL  |shared| src/errors/__tests__/index.test.ts > Error Classes > AuthenticationError > should create authentication error
AssertionError: expected 'AUTHENTICATION_ERROR' to be 'UNAUTHORIZED' // Object.is equality

- Expected
+ Received

- UNAUTHORIZED
+ AUTHENTICATION_ERROR

 ❯ src/errors/__tests__/index.test.ts:71:26
     69| 
     70|       expect(error).toBeInstanceOf(AuthenticationError);
     71|       expect(error.code).toBe('UNAUTHORIZED');
       |                          ^
     72|       expect(error.statusCode).toBe(401);
     73|     });

⎯⎯⎯⎯⎯⎯⎯⎯⎯⎯⎯⎯⎯⎯⎯⎯⎯⎯⎯⎯⎯[25/129]⎯

 FAIL  |shared| src/errors/__tests__/index.test.ts > Error Classes > AuthorizationError > should create authorization error
AssertionError: expected 'AUTHORIZATION_ERROR' to be 'FORBIDDEN' // Object.is equality

- Expected
+ Received

- FORBIDDEN
+ AUTHORIZATION_ERROR

 ❯ src/errors/__tests__/index.test.ts:86:26
     84| 
     85|       expect(error).toBeInstanceOf(AuthorizationError);
     86|       expect(error.code).toBe('FORBIDDEN');
       |                          ^
     87|       expect(error.statusCode).toBe(403);
     88|     });

⎯⎯⎯⎯⎯⎯⎯⎯⎯⎯⎯⎯⎯⎯⎯⎯⎯⎯⎯⎯⎯[26/129]⎯

 FAIL  |shared| src/errors/__tests__/index.test.ts > Error Classes > NotFoundError > should use default message
AssertionError: expected 'undefined not found' to be 'Resource not found' // Object.is equality

- Expected
+ Received

- Resource not found
+ undefined not found

 ❯ src/errors/__tests__/index.test.ts:107:29
    105|     it('should use default message', () => {
    106|       const error = new NotFoundError();
    107|       expect(error.message).toBe('Resource not found');
       |                             ^
    108|     });
    109|   });

⎯⎯⎯⎯⎯⎯⎯⎯⎯⎯⎯⎯⎯⎯⎯⎯⎯⎯⎯⎯⎯[27/129]⎯

 FAIL  |shared| src/errors/__tests__/index.test.ts > Error Classes > RateLimitError > should create rate limit error
AssertionError: expected { retryAfter: 'Too many requests' } to deeply equal { retryAfter: 60 }

- Expected
+ Received

  Object {
-   "retryAfter": 60,
+   "retryAfter": "Too many requests",
  }

 ❯ src/errors/__tests__/index.test.ts:118:29
    116|       expect(error.code).toBe('RATE_LIMIT_EXCEEDED');
    117|       expect(error.statusCode).toBe(429);
    118|       expect(error.details).toEqual({ retryAfter: 60 });
       |                             ^
    119|     });
    120| 

⎯⎯⎯⎯⎯⎯⎯⎯⎯⎯⎯⎯⎯⎯⎯⎯⎯⎯⎯⎯⎯[28/129]⎯

 FAIL  |shared| src/errors/__tests__/index.test.ts > Error Classes > RateLimitError > should use default message
AssertionError: expected undefined to be 30 // Object.is equality

- Expected: 
30

+ Received: 
undefined

 ❯ src/errors/__tests__/index.test.ts:124:40
    122|       const error = new RateLimitError(undefined, 30);
    123|       expect(error.message).toBe('Too many requests');
    124|       expect(error.details.retryAfter).toBe(30);
       |                                        ^
    125|     });
    126|   });

⎯⎯⎯⎯⎯⎯⎯⎯⎯⎯⎯⎯⎯⎯⎯⎯⎯⎯⎯⎯⎯[29/129]⎯

 FAIL  |shared| src/errors/__tests__/index.test.ts > Error Classes > ServiceUnavailableError > should use default message
AssertionError: expected 'undefined is temporarily unavailable' to be 'Service temporarily unavailable' // Object.is equality

- Expected
+ Received

- Service temporarily unavailable
+ undefined is temporarily unavailable

 ❯ src/errors/__tests__/index.test.ts:139:29
    137|     it('should use default message', () => {
    138|       const error = new ServiceUnavailableError();
    139|       expect(error.message).toBe('Service temporarily unavailable');
       |                             ^
    140|     });
    141|   });

⎯⎯⎯⎯⎯⎯⎯⎯⎯⎯⎯⎯⎯⎯⎯⎯⎯⎯⎯⎯⎯[30/129]⎯

 FAIL  |shared| src/errors/__tests__/index.test.ts > Error Classes > toErrorResponse > should convert AppError to response
TypeError: toErrorResponse is not a function
 ❯ src/errors/__tests__/index.test.ts:162:24
    160|     it('should convert AppError to response', () => {
    161|       const error = new ValidationError('Invalid data', { field: 'emai…
    162|       const response = toErrorResponse(error);
       |                        ^
    163| 
    164|       expect(response).toEqual({

⎯⎯⎯⎯⎯⎯⎯⎯⎯⎯⎯⎯⎯⎯⎯⎯⎯⎯⎯⎯⎯[31/129]⎯

 FAIL  |shared| src/errors/__tests__/index.test.ts > Error Classes > toErrorResponse > should convert regular Error to response
TypeError: toErrorResponse is not a function
 ❯ src/errors/__tests__/index.test.ts:176:24
    174|     it('should convert regular Error to response', () => {
    175|       const error = new Error('Something went wrong');
    176|       const response = toErrorResponse(error);
       |                        ^
    177| 
    178|       expect(response).toEqual({

⎯⎯⎯⎯⎯⎯⎯⎯⎯⎯⎯⎯⎯⎯⎯⎯⎯⎯⎯⎯⎯[32/129]⎯

 FAIL  |shared| src/errors/__tests__/index.test.ts > Error Classes > toErrorResponse > should handle non-error objects
TypeError: toErrorResponse is not a function
 ❯ src/errors/__tests__/index.test.ts:189:24
    187| 
    188|     it('should handle non-error objects', () => {
    189|       const response = toErrorResponse('String error');
       |                        ^
    190| 
    191|       expect(response).toEqual({

⎯⎯⎯⎯⎯⎯⎯⎯⎯⎯⎯⎯⎯⎯⎯⎯⎯⎯⎯⎯⎯[33/129]⎯

 FAIL  |shared| src/utils/__tests__/format.test.ts > Format Utilities > formatDate > should format date correctly
AssertionError: expected 'Jan 14, 2024' to be 'Jan 15, 2024' // Object.is equality

- Expected
+ Received

- Jan 15, 2024
+ Jan 14, 2024

 ❯ src/utils/__tests__/format.test.ts:15:32
     13|     it('should format date correctly', () => {
     14|       const date = new Date('2024-01-15T00:00:00Z');
     15|       expect(formatDate(date)).toBe('Jan 15, 2024');
       |                                ^
     16|     });
     17| 

⎯⎯⎯⎯⎯⎯⎯⎯⎯⎯⎯⎯⎯⎯⎯⎯⎯⎯⎯⎯⎯[34/129]⎯

 FAIL  |shared| src/utils/__tests__/format.test.ts > Format Utilities > formatDate > should handle string dates
AssertionError: expected 'Jan 14, 2024' to be 'Jan 15, 2024' // Object.is equality

- Expected
+ Received

- Jan 15, 2024
+ Jan 14, 2024

 ❯ src/utils/__tests__/format.test.ts:19:40
     17| 
     18|     it('should handle string dates', () => {
     19|       expect(formatDate('2024-01-15')).toBe('Jan 15, 2024');
       |                                        ^
     20|     });
     21| 

⎯⎯⎯⎯⎯⎯⎯⎯⎯⎯⎯⎯⎯⎯⎯⎯⎯⎯⎯⎯⎯[35/129]⎯

 FAIL  |shared| src/utils/__tests__/format.test.ts > Format Utilities > formatDateTime > should format date and time correctly
TypeError: formatDateTime is not a function
 ❯ src/utils/__tests__/format.test.ts:31:22
     29|       const date = new Date('2024-01-15T14:30:00Z');
     30|       // The exact format will depend on the locale
     31|       const result = formatDateTime(date);
       |                      ^
     32|       expect(result).toContain('Jan');
     33|       expect(result).toContain('15');

⎯⎯⎯⎯⎯⎯⎯⎯⎯⎯⎯⎯⎯⎯⎯⎯⎯⎯⎯⎯⎯[36/129]⎯

 FAIL  |shared| src/utils/__tests__/format.test.ts > Format Utilities > formatDateTime > should handle string dates
TypeError: formatDateTime is not a function
 ❯ src/utils/__tests__/format.test.ts:38:22
     36| 
     37|     it('should handle string dates', () => {
     38|       const result = formatDateTime('2024-01-15T14:30:00Z');
       |                      ^
     39|       expect(result).toContain('Jan');
     40|       expect(result).toContain('15');

⎯⎯⎯⎯⎯⎯⎯⎯⎯⎯⎯⎯⎯⎯⎯⎯⎯⎯⎯⎯⎯[37/129]⎯

 FAIL  |shared| src/utils/__tests__/format.test.ts > Format Utilities > formatRelativeTime > should format future times
AssertionError: expected 'just now' to be 'in 1 hour' // Object.is equality

- Expected
+ Received

- in 1 hour
+ just now

 ❯ src/utils/__tests__/format.test.ts:67:45
     65|       const now = new Date();
     66|       const inOneHour = new Date(now.getTime() + 60 * 60 * 1000);
     67|       expect(formatRelativeTime(inOneHour)).toBe('in 1 hour');
       |                                             ^
     68|     });
     69|   });

⎯⎯⎯⎯⎯⎯⎯⎯⎯⎯⎯⎯⎯⎯⎯⎯⎯⎯⎯⎯⎯[38/129]⎯

 FAIL  |shared| src/utils/__tests__/format.test.ts > Format Utilities > formatBytes > should format bytes correctly
AssertionError: expected '0 B' to be '0 Bytes' // Object.is equality

- Expected
+ Received

- 0 Bytes
+ 0 B

 ❯ src/utils/__tests__/format.test.ts:73:30
     71|   describe('formatBytes', () => {
     72|     it('should format bytes correctly', () => {
     73|       expect(formatBytes(0)).toBe('0 Bytes');
       |                              ^
     74|       expect(formatBytes(1024)).toBe('1 KB');
     75|       expect(formatBytes(1048576)).toBe('1 MB');

⎯⎯⎯⎯⎯⎯⎯⎯⎯⎯⎯⎯⎯⎯⎯⎯⎯⎯⎯⎯⎯[39/129]⎯

 FAIL  |shared| src/utils/__tests__/format.test.ts > Format Utilities > formatBytes > should handle decimals
AssertionError: expected '1.50 KB' to be '1.5 KB' // Object.is equality

- Expected
+ Received

- 1.5 KB
+ 1.50 KB

 ❯ src/utils/__tests__/format.test.ts:81:33
     79| 
     80|     it('should handle decimals', () => {
     81|       expect(formatBytes(1536)).toBe('1.5 KB');
       |                                 ^
     82|       expect(formatBytes(1536, 2)).toBe('1.50 KB');
     83|     });

⎯⎯⎯⎯⎯⎯⎯⎯⎯⎯⎯⎯⎯⎯⎯⎯⎯⎯⎯⎯⎯[40/129]⎯

 FAIL  |shared| src/utils/__tests__/format.test.ts > Format Utilities > formatBytes > should handle negative values
AssertionError: expected 'NaN undefined' to be '-1 KB' // Object.is equality

- Expected
+ Received

- -1 KB
+ NaN undefined

 ❯ src/utils/__tests__/format.test.ts:86:34
     84| 
     85|     it('should handle negative values', () => {
     86|       expect(formatBytes(-1024)).toBe('-1 KB');
       |                                  ^
     87|     });
     88|   });

⎯⎯⎯⎯⎯⎯⎯⎯⎯⎯⎯⎯⎯⎯⎯⎯⎯⎯⎯⎯⎯[41/129]⎯

 FAIL  |shared| src/utils/__tests__/format.test.ts > Format Utilities > formatCurrency > should format USD currency correctly
TypeError: formatCurrency is not a function
 ❯ src/utils/__tests__/format.test.ts:92:14
     90|   describe('formatCurrency', () => {
     91|     it('should format USD currency correctly', () => {
     92|       expect(formatCurrency(10.5)).toBe('$10.50');
       |              ^
     93|       expect(formatCurrency(1000)).toBe('$1,000.00');
     94|       expect(formatCurrency(0)).toBe('$0.00');

⎯⎯⎯⎯⎯⎯⎯⎯⎯⎯⎯⎯⎯⎯⎯⎯⎯⎯⎯⎯⎯[42/129]⎯

 FAIL  |shared| src/utils/__tests__/format.test.ts > Format Utilities > formatCurrency > should handle different currencies
TypeError: formatCurrency is not a function
 ❯ src/utils/__tests__/format.test.ts:98:14
     96| 
     97|     it('should handle different currencies', () => {
     98|       expect(formatCurrency(10.5, 'EUR')).toContain('10');
       |              ^
     99|       expect(formatCurrency(10.5, 'GBP')).toContain('10');
    100|     });

⎯⎯⎯⎯⎯⎯⎯⎯⎯⎯⎯⎯⎯⎯⎯⎯⎯⎯⎯⎯⎯[43/129]⎯

 FAIL  |shared| src/utils/__tests__/format.test.ts > Format Utilities > formatCurrency > should handle negative values
TypeError: formatCurrency is not a function
 ❯ src/utils/__tests__/format.test.ts:103:22
    101| 
    102|     it('should handle negative values', () => {
    103|       const result = formatCurrency(-10.5);
       |                      ^
    104|       expect(result).toContain('10.50');
    105|     });

⎯⎯⎯⎯⎯⎯⎯⎯⎯⎯⎯⎯⎯⎯⎯⎯⎯⎯⎯⎯⎯[44/129]⎯

 FAIL  |shared| src/utils/__tests__/format.test.ts > Format Utilities > formatPercentage > should format percentages correctly
AssertionError: expected '0.5%' to be '50%' // Object.is equality

- Expected
+ Received

- 50%
+ 0.5%

 ❯ src/utils/__tests__/format.test.ts:110:37
    108|   describe('formatPercentage', () => {
    109|     it('should format percentages correctly', () => {
    110|       expect(formatPercentage(0.5)).toBe('50%');
       |                                     ^
    111|       expect(formatPercentage(1)).toBe('100%');
    112|       expect(formatPercentage(0.333)).toBe('33.3%');

⎯⎯⎯⎯⎯⎯⎯⎯⎯⎯⎯⎯⎯⎯⎯⎯⎯⎯⎯⎯⎯[45/129]⎯

 FAIL  |shared| src/utils/__tests__/format.test.ts > Format Utilities > formatPercentage > should handle decimals parameter
AssertionError: expected '0.33%' to be '33.33%' // Object.is equality

- Expected
+ Received

- 33.33%
+ 0.33%

 ❯ src/utils/__tests__/format.test.ts:116:43
    114| 
    115|     it('should handle decimals parameter', () => {
    116|       expect(formatPercentage(0.3333, 2)).toBe('33.33%');
       |                                           ^
    117|       expect(formatPercentage(0.3333, 0)).toBe('33%');
    118|     });

⎯⎯⎯⎯⎯⎯⎯⎯⎯⎯⎯⎯⎯⎯⎯⎯⎯⎯⎯⎯⎯[46/129]⎯

 FAIL  |shared| src/utils/__tests__/format.test.ts > Format Utilities > formatPercentage > should handle values over 100%
AssertionError: expected '1.5%' to be '150%' // Object.is equality

- Expected
+ Received

- 150%
+ 1.5%

 ❯ src/utils/__tests__/format.test.ts:121:37
    119| 
    120|     it('should handle values over 100%', () => {
    121|       expect(formatPercentage(1.5)).toBe('150%');
       |                                     ^
    122|     });
    123| 

⎯⎯⎯⎯⎯⎯⎯⎯⎯⎯⎯⎯⎯⎯⎯⎯⎯⎯⎯⎯⎯[47/129]⎯

 FAIL  |shared| src/utils/__tests__/format.test.ts > Format Utilities > formatPercentage > should handle zero
AssertionError: expected '0.0%' to be '0%' // Object.is equality

- Expected
+ Received

- 0%
+ 0.0%

 ❯ src/utils/__tests__/format.test.ts:125:35
    123| 
    124|     it('should handle zero', () => {
    125|       expect(formatPercentage(0)).toBe('0%');
       |                                   ^
    126|     });
    127|   });

⎯⎯⎯⎯⎯⎯⎯⎯⎯⎯⎯⎯⎯⎯⎯⎯⎯⎯⎯⎯⎯[48/129]⎯

 FAIL  |frontend| src/hooks/__tests__/useRateLimit.test.ts > useRateLimit > should track requests and update remaining count
AssertionError: expected [] to have a length of 1 but got +0

- Expected
+ Received

- 1
+ 0

 ❯ src/hooks/__tests__/useRateLimit.test.ts:42:20
     40|     // Check localStorage
     41|     const stored = JSON.parse(localStorage.getItem(STORAGE_KEY) || '[]…
     42|     expect(stored).toHaveLength(1);
       |                    ^
     43|     expect(stored[0]).toBe(new Date('2023-01-01T12:00:00Z').getTime());
     44|   });

⎯⎯⎯⎯⎯⎯⎯⎯⎯⎯⎯⎯⎯⎯⎯⎯⎯⎯⎯⎯⎯[49/129]⎯

 FAIL  |frontend| src/hooks/__tests__/useRateLimit.test.ts > useRateLimit > should persist requests across component remounts
AssertionError: expected 20 to be 17 // Object.is equality

- Expected
+ Received

- 17
+ 20

 ❯ src/hooks/__tests__/useRateLimit.test.ts:111:49
    109|     const { result: newResult } = renderHook(() => useRateLimit());
    110| 
    111|     expect(newResult.current.remainingRequests).toBe(MAX_REQUESTS - 3);
       |                                                 ^
    112|   });
    113| 

⎯⎯⎯⎯⎯⎯⎯⎯⎯⎯⎯⎯⎯⎯⎯⎯⎯⎯⎯⎯⎯[50/129]⎯

 FAIL  |frontend| src/hooks/__tests__/useRateLimit.test.ts > useRateLimit > should return null reset time when no requests
AssertionError: expected 2023-01-01T13:00:00.000Z to be null
 ❯ src/hooks/__tests__/useRateLimit.test.ts:135:38
    133|     const { result } = renderHook(() => useRateLimit());
    134| 
    135|     expect(result.current.resetTime).toBeNull();
       |                                      ^
    136|   });
    137| 

⎯⎯⎯⎯⎯⎯⎯⎯⎯⎯⎯⎯⎯⎯⎯⎯⎯⎯⎯⎯⎯[51/129]⎯

 FAIL  |frontend| src/hooks/__tests__/useRateLimit.test.ts > useRateLimit > should update reset time as requests expire
AssertionError: expected 1672581660000 to be 1672579800000 // Object.is equality

- Expected
+ Received

- 1672579800000
+ 1672581660000

 ❯ src/hooks/__tests__/useRateLimit.test.ts:164:52
    162| 
    163|     // Reset time should now be based on the second request
    164|     expect(newResult.current.resetTime?.getTime()).toBe(new Date('2023…
       |                                                    ^
    165|   });
    166| 

⎯⎯⎯⎯⎯⎯⎯⎯⎯⎯⎯⎯⎯⎯⎯⎯⎯⎯⎯⎯⎯[52/129]⎯

 FAIL  |frontend| src/hooks/__tests__/useRateLimit.test.ts > useRateLimit > should handle rapid successive requests
AssertionError: expected [] to have a length of 10 but got +0

- Expected
+ Received

- 10
+ 0

 ❯ src/hooks/__tests__/useRateLimit.test.ts:180:20
    178| 
    179|     const stored = JSON.parse(localStorage.getItem(STORAGE_KEY) || '[]…
    180|     expect(stored).toHaveLength(10);
       |                    ^
    181|     // All timestamps should be the same
    182|     const uniqueTimestamps = new Set(stored);

⎯⎯⎯⎯⎯⎯⎯⎯⎯⎯⎯⎯⎯⎯⎯⎯⎯⎯⎯⎯⎯[53/129]⎯

 FAIL  |frontend| src/hooks/__tests__/useRateLimit.test.ts > useRateLimit > should maintain accurate count with mixed old and new requests
AssertionError: expected 20 to be 15 // Object.is equality

- Expected
+ Received

- 15
+ 20

 ❯ src/hooks/__tests__/useRateLimit.test.ts:219:49
    217| 
    218|     // Should only have 5 requests remaining (the second batch)
    219|     expect(newResult.current.remainingRequests).toBe(MAX_REQUESTS - 5);
       |                                                 ^
    220|   });
    221| });

⎯⎯⎯⎯⎯⎯⎯⎯⎯⎯⎯⎯⎯⎯⎯⎯⎯⎯⎯⎯⎯[54/129]⎯

 FAIL  |frontend| src/components/dashboard/__tests__/ServiceCard.test.tsx > ServiceCard > renders service information correctly
TestingLibraryElementError: Unable to find an element with the text: 5 minutes ago. This could be because the text is broken up by multiple elements. In this case, you can provide a function for your text matcher to make your matcher more flexible.

Ignored nodes: comments, script, style
[36m<body>[39m
  [36m<div>[39m
    [36m<div[39m
      [33mclass[39m=[32m"bg-gray-800 rounded-lg p-6 hover:bg-gray-700 transition-all duration-200 cursor-pointer border border-gray-700 hover:border-gray-600"[39m
    [36m>[39m
      [36m<div[39m
        [33mclass[39m=[32m"flex items-center justify-between mb-4"[39m
      [36m>[39m
        [36m<div[39m
          [33mclass[39m=[32m"flex items-center space-x-3"[39m
        [36m>[39m
          [36m<span[39m
            [33mclass[39m=[32m"text-2xl"[39m
          [36m>[39m
            [0m🎬[0m
          [36m</span>[39m
          [36m<div>[39m
            [36m<h3[39m
              [33mclass[39m=[32m"text-lg font-semibold text-white"[39m
            [36m>[39m
              [0mTest Service[0m
            [36m</h3>[39m
          [36m</div>[39m
        [36m</div>[39m
        [36m<div[39m
          [33mclass[39m=[32m"flex items-center space-x-2"[39m
        [36m>[39m
          [36m<div[39m
            [33mclass[39m=[32m"relative"[39m
          [36m>[39m
            [36m<div[39m
              [33maria-label[39m=[32m"Service status: up"[39m
              [33mclass[39m=[32m"rounded-full w-3 h-3 bg-green-500 animate-pulse"[39m
              [33mrole[39m=[32m"status"[39m
            [36m/>[39m
            [36m<div[39m
              [33mclass[39m=[32m"absolute inset-0 rounded-full animate-ping bg-green-500 opacity-75"[39m
            [36m/>[39m
          [36m</div>[39m
          [36m<span[39m
            [33mclass[39m=[32m"text-xs font-medium uppercase tracking-wide text-green-400"[39m
          [36m>[39m
            [0mup[0m
          [36m</span>[39m
        [36m</div>[39m
      [36m</div>[39m
      [36m<div[39m
        [33mclass[39m=[32m"space-y-3"[39m
      [36m>[39m
        [36m<div[39m
          [33mclass[39m=[32m"flex justify-between text-sm"[39m
        [36m>[39m
          [36m<span[39m
            [33mclass[39m=[32m"text-gray-400"[39m
          [36m>[39m
            [0mResponse Time:[0m
          [36m</span>[39m
          [36m<span[39m
            [33mclass[39m=[32m"text-white font-medium"[39m
          [36m>[39m
            [0m150[0m
            [0mms[0m
          [36m</span>[39m
        [36m</div>[39m
        [36m<div[39m
          [33mclass[39m=[32m"space-y-1"[39m
        [36m>[39m
          [36m<div[39m
            [33mclass[39m=[32m"flex justify-between text-xs"[39m
          [36m>[39m
            [36m<span[39m
              [33mclass[39m=[32m"text-gray-400"[39m
            [36m>[39m
              [0m24h:[0m
            [36m</span>[39m
            [36m<span[39m
              [33mclass[39m=[32m"text-green-400"[39m
            [36m>[39m
              [0m99.5[0m
              [0m%[0m
            [36m</span>[39m
          [36m</div>[39m
          [36m<div[39m
            [33mclass[39m=[32m"flex justify-between text-xs"[39m
          [36m>[39m
            [36m<span[39m
              [33mclass[39m=[32m"text-gray-400"[39m
            [36m>[39m
              [0m7d:[0m
            [36m</span>[39m
            [36m<span[39m
              [33mclass[39m=[32m"text-green-400"[39m
            [36m>[39m
              [0m99.2[0m
              [0m%[0m
            [36m</span>[39m
          [36m</div>[39m
          [36m<div[39m
            [33mclass[39m=[32m"flex justify-between text-xs"[39m
          [36m>[39m
            [36m<span[39m
              [33mclass[39m=[32m"text-gray-400"[39m
            [36m>[39m
              [0m30d:[0m
            [36m</span>[39m
            [36m<span[39m
              [33mclass[39m=[32m"text-yellow-400"[39m
            [36m>[39m
              [0m98.8[0m
              [0m%[0m
            [36m</span>[39m
          [36m</div>[39m
        [36m</div>[39m
        [36m<div[39m
          [33mclass[39m=[32m"text-xs text-gray-500"[39m
        [36m>[39m
          [0mLast check: [0m
          [0m5 minutes ago[0m
        [36m</div>[39m
      [36m</div>[39m
      [36m<div[39m
        [33mclass[39m=[32m"mt-4"[39m
      [36m>[39m
        [36m<div[39m
          [33mclass[39m=[32m"flex gap-2"[39m
        [36m>[39m
          [36m<button[39m
            [33mclass[39m=[32m"flex-1 inline-flex items-center justify-center gap-2 px-3 py-2 text-sm font-medium text-white bg-blue-600 rounded-md hover:bg-blue-700 focus:outline-none focus:ring-2 focus:ring-offset-2 focus:ring-blue-500 transition-colors"[39m
          [36m>[39m
            [36m<span>[39m
              [0m🔍[0m
            [36m</span>[39m
            [36m<span>[39m
              [0mBrowse Library[0m
            [36m</span>[39m
          [36m</button>[39m
          [36m<button[39m
            [33mclass[39m=[32m"flex-1 inline-flex items-center justify-center gap-2 px-3 py-2 text-sm font-medium text-white bg-blue-600 rounded-md hover:bg-blue-700 focus:outline-none focus:ring-2 focus:ring-offset-2 focus:ring-blue-500 transition-colors"[39m
          [36m>[39m
            [36m<span>[39m
              [0m🔗[0m
            [36m</span>[39m
            [36m<span>[39m
              [0mOpen Service[0m
            [36m</span>[39m
          [36m</button>[39m
        [36m</div>[39m
      [36m</div>[39m
    [36m</div>[39m
  [36m</div>[39m
[36m</body>[39m
 ❯ Object.getElementError ../node_modules/@testing-library/react/node_modules/@testing-library/dom/dist/config.js:37:19
 ❯ ../node_modules/@testing-library/react/node_modules/@testing-library/dom/dist/query-helpers.js:76:38
 ❯ ../node_modules/@testing-library/react/node_modules/@testing-library/dom/dist/query-helpers.js:52:17
 ❯ ../node_modules/@testing-library/react/node_modules/@testing-library/dom/dist/query-helpers.js:95:19
 ❯ src/components/dashboard/__tests__/ServiceCard.test.tsx:36:19
     34|     expect(screen.getByText('150ms')).toBeInTheDocument();
     35|     expect(screen.getByText('99.5%')).toBeInTheDocument();
     36|     expect(screen.getByText('5 minutes ago')).toBeInTheDocument();
       |                   ^
     37|   });
     38| 

⎯⎯⎯⎯⎯⎯⎯⎯⎯⎯⎯⎯⎯⎯⎯⎯⎯⎯⎯⎯⎯[55/129]⎯

 FAIL  |frontend| src/components/dashboard/__tests__/StatusIndicator.test.tsx > StatusIndicator > shows green indicator for up status
Error: expect(element).toHaveClass("text-green-500")

Expected the element to have class:
  text-green-500
Received:
  text-xs font-medium uppercase tracking-wide text-green-400
 ❯ src/components/dashboard/__tests__/StatusIndicator.test.tsx:13:36
     11|     const indicator = screen.getByRole('status');
     12|     expect(indicator).toHaveClass('bg-green-500');
     13|     expect(screen.getByText('up')).toHaveClass('text-green-500');
       |                                    ^
     14|     expect(screen.getByLabelText('Service status: up')).toBeInTheDocum…
     15|   });

⎯⎯⎯⎯⎯⎯⎯⎯⎯⎯⎯⎯⎯⎯⎯⎯⎯⎯⎯⎯⎯[56/129]⎯

 FAIL  |frontend| src/components/dashboard/__tests__/StatusIndicator.test.tsx > StatusIndicator > shows red indicator for down status
Error: expect(element).toHaveClass("text-red-500")

Expected the element to have class:
  text-red-500
Received:
  text-xs font-medium uppercase tracking-wide text-red-400
 ❯ src/components/dashboard/__tests__/StatusIndicator.test.tsx:22:38
     20|     const indicator = screen.getByRole('status');
     21|     expect(indicator).toHaveClass('bg-red-500');
     22|     expect(screen.getByText('down')).toHaveClass('text-red-500');
       |                                      ^
     23|     expect(screen.getByLabelText('Service status: down')).toBeInTheDoc…
     24|   });

⎯⎯⎯⎯⎯⎯⎯⎯⎯⎯⎯⎯⎯⎯⎯⎯⎯⎯⎯⎯⎯[57/129]⎯

 FAIL  |frontend| src/components/dashboard/__tests__/StatusIndicator.test.tsx > StatusIndicator > shows yellow indicator for degraded status
Error: expect(element).toHaveClass("text-yellow-500")

Expected the element to have class:
  text-yellow-500
Received:
  text-xs font-medium uppercase tracking-wide text-yellow-400
 ❯ src/components/dashboard/__tests__/StatusIndicator.test.tsx:31:42
     29|     const indicator = screen.getByRole('status');
     30|     expect(indicator).toHaveClass('bg-yellow-500');
     31|     expect(screen.getByText('degraded')).toHaveClass('text-yellow-500'…
       |                                          ^
     32|     expect(screen.getByLabelText('Service status: degraded')).toBeInTh…
     33|   });

⎯⎯⎯⎯⎯⎯⎯⎯⎯⎯⎯⎯⎯⎯⎯⎯⎯⎯⎯⎯⎯[58/129]⎯

 FAIL  |frontend| src/components/dashboard/__tests__/StatusIndicator.test.tsx > StatusIndicator > includes pulse animation on indicator
Error: expect(element).toHaveClass("animate-pulse")

Expected the element to have class:
  animate-pulse
Received:
  rounded-full w-3 h-3 bg-green-500
 ❯ src/components/dashboard/__tests__/StatusIndicator.test.tsx:39:23
     37| 
     38|     const indicator = screen.getByRole('status');
     39|     expect(indicator).toHaveClass('animate-pulse');
       |                       ^
     40|   });
     41| });

⎯⎯⎯⎯⎯⎯⎯⎯⎯⎯⎯⎯⎯⎯⎯⎯⎯⎯⎯⎯⎯[59/129]⎯

 FAIL  |frontend| src/components/media/__tests__/RequestModal.test.tsx > RequestModal > should render movie details when open
 FAIL  |frontend| src/components/media/__tests__/RequestModal.test.tsx > RequestModal > should render TV show details with season selector
 FAIL  |frontend| src/components/media/__tests__/RequestModal.test.tsx > RequestModal > should handle season selection for TV shows
 FAIL  |frontend| src/components/media/__tests__/RequestModal.test.tsx > RequestModal > should disable submit button when rate limit is exceeded
 FAIL  |frontend| src/components/media/__tests__/RequestModal.test.tsx > RequestModal > should show remaining requests when available
 FAIL  |frontend| src/components/media/__tests__/RequestModal.test.tsx > RequestModal > should submit movie request
 FAIL  |frontend| src/components/media/__tests__/RequestModal.test.tsx > RequestModal > should submit TV show request with selected seasons
 FAIL  |frontend| src/components/media/__tests__/RequestModal.test.tsx > RequestModal > should disable submit button for TV shows with no seasons selected
 FAIL  |frontend| src/components/media/__tests__/RequestModal.test.tsx > RequestModal > should close modal when cancel is clicked
 FAIL  |frontend| src/components/media/__tests__/RequestModal.test.tsx > RequestModal > should close modal when X button is clicked
 FAIL  |frontend| src/components/media/__tests__/RequestModal.test.tsx > RequestModal > should show loading state while submitting
 FAIL  |frontend| src/components/media/__tests__/RequestModal.test.tsx > RequestModal > should handle unavailable media
Error: Element type is invalid: expected a string (for built-in components) or a class/function (for composite components) but got: undefined. You likely forgot to export your component from the file it's defined in, or you might have mixed up default and named imports.

Check the render method of `RequestModal`.
 ❯ createFiberFromTypeAndProps ../node_modules/react-dom/cjs/react-dom.development.js:28478:17
 ❯ createFiberFromElement ../node_modules/react-dom/cjs/react-dom.development.js:28504:15
 ❯ reconcileSingleElement ../node_modules/react-dom/cjs/react-dom.development.js:13986:23
 ❯ reconcileChildFibers ../node_modules/react-dom/cjs/react-dom.development.js:14044:35
 ❯ reconcileChildren ../node_modules/react-dom/cjs/react-dom.development.js:19186:28
 ❯ updateHostComponent ../node_modules/react-dom/cjs/react-dom.development.js:19953:3
 ❯ beginWork ../node_modules/react-dom/cjs/react-dom.development.js:21657:14
 ❯ beginWork$1 ../node_modules/react-dom/cjs/react-dom.development.js:27465:14
 ❯ performUnitOfWork ../node_modules/react-dom/cjs/react-dom.development.js:26599:12
 ❯ workLoopSync ../node_modules/react-dom/cjs/react-dom.development.js:26505:5

⎯⎯⎯⎯⎯⎯⎯⎯⎯⎯⎯⎯⎯⎯⎯⎯⎯⎯⎯⎯⎯[60/129]⎯

 FAIL  |frontend| src/components/media/__tests__/SearchInput.test.tsx > SearchInput > should call onChange when typing
AssertionError: expected last "spy" call to have been called with [ 'Avatar' ]

- Expected
+ Received

  Array [
-   "Avatar",
+   "r",
  ]

 ❯ src/components/media/__tests__/SearchInput.test.tsx:34:22
     32| 
     33|     expect(onChange).toHaveBeenCalledTimes(6); // One for each charact…
     34|     expect(onChange).toHaveBeenLastCalledWith('Avatar');
       |                      ^
     35|   });
     36| 

⎯⎯⎯⎯⎯⎯⎯⎯⎯⎯⎯⎯⎯⎯⎯⎯⎯⎯⎯⎯⎯[61/129]⎯

 FAIL  |frontend| src/components/media/__tests__/SearchInput.test.tsx > SearchInput > should show loading spinner when isLoading is true
TestingLibraryElementError: Unable to find an element by: [data-testid="(content, element) => {
      return element?.className?.includes("animate-spin") || false;
    }"]

Ignored nodes: comments, script, style
[36m<body>[39m
  [36m<div>[39m
    [36m<div[39m
      [33mclass[39m=[32m"relative"[39m
    [36m>[39m
      [36m<div[39m
        [33mclass[39m=[32m"absolute inset-y-0 left-0 pl-3 flex items-center pointer-events-none"[39m
      [36m>[39m
        [36m<svg[39m
          [33mclass[39m=[32m"lucide lucide-search h-5 w-5 text-gray-400"[39m
          [33mfill[39m=[32m"none"[39m
          [33mheight[39m=[32m"24"[39m
          [33mstroke[39m=[32m"currentColor"[39m
          [33mstroke-linecap[39m=[32m"round"[39m
          [33mstroke-linejoin[39m=[32m"round"[39m
          [33mstroke-width[39m=[32m"2"[39m
          [33mviewBox[39m=[32m"0 0 24 24"[39m
          [33mwidth[39m=[32m"24"[39m
          [33mxmlns[39m=[32m"http://www.w3.org/2000/svg"[39m
        [36m>[39m
          [36m<circle[39m
            [33mcx[39m=[32m"11"[39m
            [33mcy[39m=[32m"11"[39m
            [33mr[39m=[32m"8"[39m
          [36m/>[39m
          [36m<path[39m
            [33md[39m=[32m"m21 21-4.3-4.3"[39m
          [36m/>[39m
        [36m</svg>[39m
      [36m</div>[39m
      [36m<input[39m
        [33mclass[39m=[32m"block w-full pl-10 pr-10 py-3 text-base border-gray-700 rounded-lg
                   bg-gray-800 text-white placeholder-gray-400
                   focus:outline-none focus:ring-2 focus:ring-blue-500 focus:border-transparent
                   transition-all duration-150"[39m
        [33mplaceholder[39m=[32m"Search for movies or TV shows..."[39m
        [33mtype[39m=[32m"text"[39m
        [33mvalue[39m=[32m"test"[39m
      [36m/>[39m
      [36m<button[39m
        [33maria-label[39m=[32m"Clear search"[39m
        [33mclass[39m=[32m"absolute inset-y-0 right-0 pr-3 flex items-center"[39m
      [36m>[39m
        [36m<svg[39m
          [33mclass[39m=[32m"lucide lucide-x h-5 w-5 text-gray-400 hover:text-white transition-colors"[39m
          [33mfill[39m=[32m"none"[39m
          [33mheight[39m=[32m"24"[39m
          [33mstroke[39m=[32m"currentColor"[39m
          [33mstroke-linecap[39m=[32m"round"[39m
          [33mstroke-linejoin[39m=[32m"round"[39m
          [33mstroke-width[39m=[32m"2"[39m
          [33mviewBox[39m=[32m"0 0 24 24"[39m
          [33mwidth[39m=[32m"24"[39m
          [33mxmlns[39m=[32m"http://www.w3.org/2000/svg"[39m
        [36m>[39m
          [36m<path[39m
            [33md[39m=[32m"M18 6 6 18"[39m
          [36m/>[39m
          [36m<path[39m
            [33md[39m=[32m"m6 6 12 12"[39m
          [36m/>[39m
        [36m</svg>[39m
      [36m</button>[39m
      [36m<div[39m
        [33mclass[39m=[32m"absolute inset-y-0 right-10 pr-3 flex items-center"[39m
      [36m>[39m
        [36m<div[39m
          [33mclass[39m=[32m"animate-spin rounded-full h-4 w-4 border-b-2 border-white"[39m
        [36m/>[39m
      [36m</div>[39m
    [36m</div>[39m
  [36m</div>[39m
[36m</body>[39m
 ❯ Object.getElementError ../node_modules/@testing-library/react/node_modules/@testing-library/dom/dist/config.js:37:19
 ❯ ../node_modules/@testing-library/react/node_modules/@testing-library/dom/dist/query-helpers.js:76:38
 ❯ ../node_modules/@testing-library/react/node_modules/@testing-library/dom/dist/query-helpers.js:52:17
 ❯ ../node_modules/@testing-library/react/node_modules/@testing-library/dom/dist/query-helpers.js:95:19
 ❯ src/components/media/__tests__/SearchInput.test.tsx:41:27
     39| 
     40|     // Look for the spinning div
     41|     const loader = screen.getByTestId((content, element) => {
       |                           ^
     42|       return element?.className?.includes('animate-spin') || false;
     43|     });

⎯⎯⎯⎯⎯⎯⎯⎯⎯⎯⎯⎯⎯⎯⎯⎯⎯⎯⎯⎯⎯[62/129]⎯

 FAIL  |frontend| src/components/media/__tests__/SeasonSelector.test.tsx > SeasonSelector > should render all seasons
TestingLibraryElementError: Unable to find an element with the text: Select Seasons. This could be because the text is broken up by multiple elements. In this case, you can provide a function for your text matcher to make your matcher more flexible.

Ignored nodes: comments, script, style
[36m<body>[39m
  [36m<div>[39m
    [36m<div[39m
      [33mclass[39m=[32m"grid grid-cols-2 sm:grid-cols-3 md:grid-cols-4 gap-3"[39m
    [36m>[39m
      [36m<button[39m
        [33mclass[39m=[32m"relative p-3 rounded-lg border-2 transition-all duration-150 border-green-500/50 bg-green-500/10 cursor-not-allowed"[39m
        [33mdisabled[39m=[32m""[39m
      [36m>[39m
        [36m<div[39m
          [33mclass[39m=[32m"flex items-center justify-between"[39m
        [36m>[39m
          [36m<span[39m
            [33mclass[39m=[32m"text-sm font-medium"[39m
          [36m>[39m
            [0mSeason [0m
            [0m1[0m
          [36m</span>[39m
          [36m<span[39m
            [33mclass[39m=[32m"text-xs text-green-500"[39m
          [36m>[39m
            [0mAvailable[0m
          [36m</span>[39m
        [36m</div>[39m
      [36m</button>[39m
      [36m<button[39m
        [33mclass[39m=[32m"relative p-3 rounded-lg border-2 transition-all duration-150 border-green-500/50 bg-green-500/10 cursor-not-allowed"[39m
        [33mdisabled[39m=[32m""[39m
      [36m>[39m
        [36m<div[39m
          [33mclass[39m=[32m"flex items-center justify-between"[39m
        [36m>[39m
          [36m<span[39m
            [33mclass[39m=[32m"text-sm font-medium"[39m
          [36m>[39m
            [0mSeason [0m
            [0m2[0m
          [36m</span>[39m
          [36m<span[39m
            [33mclass[39m=[32m"text-xs text-green-500"[39m
          [36m>[39m
            [0mAvailable[0m
          [36m</span>[39m
        [36m</div>[39m
      [36m</button>[39m
      [36m<button[39m
        [33mclass[39m=[32m"relative p-3 rounded-lg border-2 transition-all duration-150 border-gray-700 hover:border-gray-600"[39m
      [36m>[39m
        [36m<div[39m
          [33mclass[39m=[32m"flex items-center justify-between"[39m
        [36m>[39m
          [36m<span[39m
            [33mclass[39m=[32m"text-sm font-medium"[39m
          [36m>[39m
            [0mSeason [0m
            [0m3[0m
          [36m</span>[39m
        [36m</div>[39m
      [36m</button>[39m
      [36m<button[39m
        [33mclass[39m=[32m"relative p-3 rounded-lg border-2 transition-all duration-150 border-green-500/50 bg-green-500/10 cursor-not-allowed"[39m
        [33mdisabled[39m=[32m""[39m
      [36m>[39m
        [36m<div[39m
          [33mclass[39m=[32m"flex items-center justify-between"[39m
        [36m>[39m
          [36m<span[39m
            [33mclass[39m=[32m"text-sm font-medium"[39m
          [36m>[39m
            [0mSeason [0m
            [0m4[0m
          [36m</span>[39m
          [36m<span[39m
            [33mclass[39m=[32m"text-xs text-green-500"[39m
          [36m>[39m
            [0mAvailable[0m
          [36m</span>[39m
        [36m</div>[39m
      [36m</button>[39m
      [36m<button[39m
        [33mclass[39m=[32m"relative p-3 rounded-lg border-2 transition-all duration-150 border-gray-700 hover:border-gray-600"[39m
      [36m>[39m
        [36m<div[39m
          [33mclass[39m=[32m"flex items-center justify-between"[39m
        [36m>[39m
          [36m<span[39m
            [33mclass[39m=[32m"text-sm font-medium"[39m
          [36m>[39m
            [0mSeason [0m
            [0m5[0m
          [36m</span>[39m
        [36m</div>[39m
      [36m</button>[39m
    [36m</div>[39m
  [36m</div>[39m
[36m</body>[39m
 ❯ Object.getElementError ../node_modules/@testing-library/react/node_modules/@testing-library/dom/dist/config.js:37:19
 ❯ ../node_modules/@testing-library/react/node_modules/@testing-library/dom/dist/query-helpers.js:76:38
 ❯ ../node_modules/@testing-library/react/node_modules/@testing-library/dom/dist/query-helpers.js:52:17
 ❯ ../node_modules/@testing-library/react/node_modules/@testing-library/dom/dist/query-helpers.js:95:19
 ❯ src/components/media/__tests__/SeasonSelector.test.tsx:52:19
     50|     );
     51| 
     52|     expect(screen.getByText('Select Seasons')).toBeInTheDocument();
       |                   ^
     53| 
     54|     for (let i = 1; i <= 5; i++) {

⎯⎯⎯⎯⎯⎯⎯⎯⎯⎯⎯⎯⎯⎯⎯⎯⎯⎯⎯⎯⎯[63/129]⎯

 FAIL  |frontend| src/components/media/__tests__/SeasonSelector.test.tsx > SeasonSelector > should show available seasons with check icon
Error: expect(received).toBeInTheDocument()

received value must be an HTMLElement or an SVGElement.

 ❯ src/components/media/__tests__/SeasonSelector.test.tsx:72:48
     70|     const season3Button = screen.getByRole('button', { name: /Season 3…
     71| 
     72|     expect(season1Button.querySelector('svg')).toBeInTheDocument(); //…
       |                                                ^
     73|     expect(season3Button).not.toHaveClass('border-green-500');
     74|   });

⎯⎯⎯⎯⎯⎯⎯⎯⎯⎯⎯⎯⎯⎯⎯⎯⎯⎯⎯⎯⎯[64/129]⎯

 FAIL  |frontend| src/components/media/__tests__/SeasonSelector.test.tsx > SeasonSelector > should highlight selected seasons
Error: expect(element).toHaveClass("ring-2")

Expected the element to have class:
  ring-2
Received:
  relative p-3 rounded-lg border-2 transition-all duration-150 border-green-500/50 bg-green-500/10 cursor-not-allowed
 ❯ src/components/media/__tests__/SeasonSelector.test.tsx:89:27
     87|     const season3Button = screen.getByRole('button', { name: /Season 3…
     88| 
     89|     expect(season1Button).toHaveClass('ring-2');
       |                           ^
     90|     expect(season1Button).toHaveClass('ring-blue-500');
     91|     expect(season3Button).toHaveClass('ring-2');

⎯⎯⎯⎯⎯⎯⎯⎯⎯⎯⎯⎯⎯⎯⎯⎯⎯⎯⎯⎯⎯[65/129]⎯

 FAIL  |frontend| src/components/media/__tests__/SeasonSelector.test.tsx > SeasonSelector > should call onSeasonToggle when a season is clicked
AssertionError: expected "spy" to be called with arguments: [ 2 ]

Received: 



Number of calls: 0

 ❯ src/components/media/__tests__/SeasonSelector.test.tsx:106:32
    104| 
    105|     fireEvent.click(screen.getByRole('button', { name: /Season 2/i }));
    106|     expect(mockOnSeasonToggle).toHaveBeenCalledWith(2);
       |                                ^
    107| 
    108|     fireEvent.click(screen.getByRole('button', { name: /Season 5/i }));

⎯⎯⎯⎯⎯⎯⎯⎯⎯⎯⎯⎯⎯⎯⎯⎯⎯⎯⎯⎯⎯[66/129]⎯

 FAIL  |frontend| src/components/media/__tests__/SeasonSelector.test.tsx > SeasonSelector > should render select/deselect all buttons
TestingLibraryElementError: Unable to find an element with the text: Select All. This could be because the text is broken up by multiple elements. In this case, you can provide a function for your text matcher to make your matcher more flexible.

Ignored nodes: comments, script, style
[36m<body>[39m
  [36m<div>[39m
    [36m<div[39m
      [33mclass[39m=[32m"grid grid-cols-2 sm:grid-cols-3 md:grid-cols-4 gap-3"[39m
    [36m>[39m
      [36m<button[39m
        [33mclass[39m=[32m"relative p-3 rounded-lg border-2 transition-all duration-150 border-green-500/50 bg-green-500/10 cursor-not-allowed"[39m
        [33mdisabled[39m=[32m""[39m
      [36m>[39m
        [36m<div[39m
          [33mclass[39m=[32m"flex items-center justify-between"[39m
        [36m>[39m
          [36m<span[39m
            [33mclass[39m=[32m"text-sm font-medium"[39m
          [36m>[39m
            [0mSeason [0m
            [0m1[0m
          [36m</span>[39m
          [36m<span[39m
            [33mclass[39m=[32m"text-xs text-green-500"[39m
          [36m>[39m
            [0mAvailable[0m
          [36m</span>[39m
        [36m</div>[39m
      [36m</button>[39m
      [36m<button[39m
        [33mclass[39m=[32m"relative p-3 rounded-lg border-2 transition-all duration-150 border-green-500/50 bg-green-500/10 cursor-not-allowed"[39m
        [33mdisabled[39m=[32m""[39m
      [36m>[39m
        [36m<div[39m
          [33mclass[39m=[32m"flex items-center justify-between"[39m
        [36m>[39m
          [36m<span[39m
            [33mclass[39m=[32m"text-sm font-medium"[39m
          [36m>[39m
            [0mSeason [0m
            [0m2[0m
          [36m</span>[39m
          [36m<span[39m
            [33mclass[39m=[32m"text-xs text-green-500"[39m
          [36m>[39m
            [0mAvailable[0m
          [36m</span>[39m
        [36m</div>[39m
      [36m</button>[39m
      [36m<button[39m
        [33mclass[39m=[32m"relative p-3 rounded-lg border-2 transition-all duration-150 border-gray-700 hover:border-gray-600"[39m
      [36m>[39m
        [36m<div[39m
          [33mclass[39m=[32m"flex items-center justify-between"[39m
        [36m>[39m
          [36m<span[39m
            [33mclass[39m=[32m"text-sm font-medium"[39m
          [36m>[39m
            [0mSeason [0m
            [0m3[0m
          [36m</span>[39m
        [36m</div>[39m
      [36m</button>[39m
      [36m<button[39m
        [33mclass[39m=[32m"relative p-3 rounded-lg border-2 transition-all duration-150 border-green-500/50 bg-green-500/10 cursor-not-allowed"[39m
        [33mdisabled[39m=[32m""[39m
      [36m>[39m
        [36m<div[39m
          [33mclass[39m=[32m"flex items-center justify-between"[39m
        [36m>[39m
          [36m<span[39m
            [33mclass[39m=[32m"text-sm font-medium"[39m
          [36m>[39m
            [0mSeason [0m
            [0m4[0m
          [36m</span>[39m
          [36m<span[39m
            [33mclass[39m=[32m"text-xs text-green-500"[39m
          [36m>[39m
            [0mAvailable[0m
          [36m</span>[39m
        [36m</div>[39m
      [36m</button>[39m
      [36m<button[39m
        [33mclass[39m=[32m"relative p-3 rounded-lg border-2 transition-all duration-150 border-gray-700 hover:border-gray-600"[39m
      [36m>[39m
        [36m<div[39m
          [33mclass[39m=[32m"flex items-center justify-between"[39m
        [36m>[39m
          [36m<span[39m
            [33mclass[39m=[32m"text-sm font-medium"[39m
          [36m>[39m
            [0mSeason [0m
            [0m5[0m
          [36m</span>[39m
        [36m</div>[39m
      [36m</button>[39m
    [36m</div>[39m
  [36m</div>[39m
[36m</body>[39m
 ❯ Object.getElementError ../node_modules/@testing-library/react/node_modules/@testing-library/dom/dist/config.js:37:19
 ❯ ../node_modules/@testing-library/react/node_modules/@testing-library/dom/dist/query-helpers.js:76:38
 ❯ ../node_modules/@testing-library/react/node_modules/@testing-library/dom/dist/query-helpers.js:52:17
 ❯ ../node_modules/@testing-library/react/node_modules/@testing-library/dom/dist/query-helpers.js:95:19
 ❯ src/components/media/__tests__/SeasonSelector.test.tsx:121:19
    119|     );
    120| 
    121|     expect(screen.getByText('Select All')).toBeInTheDocument();
       |                   ^
    122|     expect(screen.getByText('Deselect All')).toBeInTheDocument();
    123|   });

⎯⎯⎯⎯⎯⎯⎯⎯⎯⎯⎯⎯⎯⎯⎯⎯⎯⎯⎯⎯⎯[67/129]⎯

 FAIL  |frontend| src/components/media/__tests__/SeasonSelector.test.tsx > SeasonSelector > should select all seasons when Select All is clicked
TestingLibraryElementError: Unable to find an element with the text: Select All. This could be because the text is broken up by multiple elements. In this case, you can provide a function for your text matcher to make your matcher more flexible.

Ignored nodes: comments, script, style
[36m<body>[39m
  [36m<div>[39m
    [36m<div[39m
      [33mclass[39m=[32m"grid grid-cols-2 sm:grid-cols-3 md:grid-cols-4 gap-3"[39m
    [36m>[39m
      [36m<button[39m
        [33mclass[39m=[32m"relative p-3 rounded-lg border-2 transition-all duration-150 border-green-500/50 bg-green-500/10 cursor-not-allowed"[39m
        [33mdisabled[39m=[32m""[39m
      [36m>[39m
        [36m<div[39m
          [33mclass[39m=[32m"flex items-center justify-between"[39m
        [36m>[39m
          [36m<span[39m
            [33mclass[39m=[32m"text-sm font-medium"[39m
          [36m>[39m
            [0mSeason [0m
            [0m1[0m
          [36m</span>[39m
          [36m<span[39m
            [33mclass[39m=[32m"text-xs text-green-500"[39m
          [36m>[39m
            [0mAvailable[0m
          [36m</span>[39m
        [36m</div>[39m
      [36m</button>[39m
      [36m<button[39m
        [33mclass[39m=[32m"relative p-3 rounded-lg border-2 transition-all duration-150 border-green-500/50 bg-green-500/10 cursor-not-allowed"[39m
        [33mdisabled[39m=[32m""[39m
      [36m>[39m
        [36m<div[39m
          [33mclass[39m=[32m"flex items-center justify-between"[39m
        [36m>[39m
          [36m<span[39m
            [33mclass[39m=[32m"text-sm font-medium"[39m
          [36m>[39m
            [0mSeason [0m
            [0m2[0m
          [36m</span>[39m
          [36m<span[39m
            [33mclass[39m=[32m"text-xs text-green-500"[39m
          [36m>[39m
            [0mAvailable[0m
          [36m</span>[39m
        [36m</div>[39m
      [36m</button>[39m
      [36m<button[39m
        [33mclass[39m=[32m"relative p-3 rounded-lg border-2 transition-all duration-150 border-gray-700 hover:border-gray-600"[39m
      [36m>[39m
        [36m<div[39m
          [33mclass[39m=[32m"flex items-center justify-between"[39m
        [36m>[39m
          [36m<span[39m
            [33mclass[39m=[32m"text-sm font-medium"[39m
          [36m>[39m
            [0mSeason [0m
            [0m3[0m
          [36m</span>[39m
        [36m</div>[39m
      [36m</button>[39m
      [36m<button[39m
        [33mclass[39m=[32m"relative p-3 rounded-lg border-2 transition-all duration-150 border-green-500/50 bg-green-500/10 cursor-not-allowed"[39m
        [33mdisabled[39m=[32m""[39m
      [36m>[39m
        [36m<div[39m
          [33mclass[39m=[32m"flex items-center justify-between"[39m
        [36m>[39m
          [36m<span[39m
            [33mclass[39m=[32m"text-sm font-medium"[39m
          [36m>[39m
            [0mSeason [0m
            [0m4[0m
          [36m</span>[39m
          [36m<span[39m
            [33mclass[39m=[32m"text-xs text-green-500"[39m
          [36m>[39m
            [0mAvailable[0m
          [36m</span>[39m
        [36m</div>[39m
      [36m</button>[39m
      [36m<button[39m
        [33mclass[39m=[32m"relative p-3 rounded-lg border-2 transition-all duration-150 border-gray-700 hover:border-gray-600"[39m
      [36m>[39m
        [36m<div[39m
          [33mclass[39m=[32m"flex items-center justify-between"[39m
        [36m>[39m
          [36m<span[39m
            [33mclass[39m=[32m"text-sm font-medium"[39m
          [36m>[39m
            [0mSeason [0m
            [0m5[0m
          [36m</span>[39m
        [36m</div>[39m
      [36m</button>[39m
    [36m</div>[39m
  [36m</div>[39m
[36m</body>[39m
 ❯ Object.getElementError ../node_modules/@testing-library/react/node_modules/@testing-library/dom/dist/config.js:37:19
 ❯ ../node_modules/@testing-library/react/node_modules/@testing-library/dom/dist/query-helpers.js:76:38
 ❯ ../node_modules/@testing-library/react/node_modules/@testing-library/dom/dist/query-helpers.js:52:17
 ❯ ../node_modules/@testing-library/react/node_modules/@testing-library/dom/dist/query-helpers.js:95:19
 ❯ src/components/media/__tests__/SeasonSelector.test.tsx:134:28
    132|     );
    133| 
    134|     fireEvent.click(screen.getByText('Select All'));
       |                            ^
    135| 
    136|     // Should be called for seasons 2, 3, 4, 5 (not 1 since it's alrea…

⎯⎯⎯⎯⎯⎯⎯⎯⎯⎯⎯⎯⎯⎯⎯⎯⎯⎯⎯⎯⎯[68/129]⎯

 FAIL  |frontend| src/components/media/__tests__/SeasonSelector.test.tsx > SeasonSelector > should deselect all seasons when Deselect All is clicked
TestingLibraryElementError: Unable to find an element with the text: Deselect All. This could be because the text is broken up by multiple elements. In this case, you can provide a function for your text matcher to make your matcher more flexible.

Ignored nodes: comments, script, style
[36m<body>[39m
  [36m<div>[39m
    [36m<div[39m
      [33mclass[39m=[32m"grid grid-cols-2 sm:grid-cols-3 md:grid-cols-4 gap-3"[39m
    [36m>[39m
      [36m<button[39m
        [33mclass[39m=[32m"relative p-3 rounded-lg border-2 transition-all duration-150 border-green-500/50 bg-green-500/10 cursor-not-allowed"[39m
        [33mdisabled[39m=[32m""[39m
      [36m>[39m
        [36m<div[39m
          [33mclass[39m=[32m"flex items-center justify-between"[39m
        [36m>[39m
          [36m<span[39m
            [33mclass[39m=[32m"text-sm font-medium"[39m
          [36m>[39m
            [0mSeason [0m
            [0m1[0m
          [36m</span>[39m
          [36m<span[39m
            [33mclass[39m=[32m"text-xs text-green-500"[39m
          [36m>[39m
            [0mAvailable[0m
          [36m</span>[39m
        [36m</div>[39m
      [36m</button>[39m
      [36m<button[39m
        [33mclass[39m=[32m"relative p-3 rounded-lg border-2 transition-all duration-150 border-green-500/50 bg-green-500/10 cursor-not-allowed"[39m
        [33mdisabled[39m=[32m""[39m
      [36m>[39m
        [36m<div[39m
          [33mclass[39m=[32m"flex items-center justify-between"[39m
        [36m>[39m
          [36m<span[39m
            [33mclass[39m=[32m"text-sm font-medium"[39m
          [36m>[39m
            [0mSeason [0m
            [0m2[0m
          [36m</span>[39m
          [36m<span[39m
            [33mclass[39m=[32m"text-xs text-green-500"[39m
          [36m>[39m
            [0mAvailable[0m
          [36m</span>[39m
        [36m</div>[39m
      [36m</button>[39m
      [36m<button[39m
        [33mclass[39m=[32m"relative p-3 rounded-lg border-2 transition-all duration-150 border-blue-500 bg-blue-500/20"[39m
      [36m>[39m
        [36m<div[39m
          [33mclass[39m=[32m"flex items-center justify-between"[39m
        [36m>[39m
          [36m<span[39m
            [33mclass[39m=[32m"text-sm font-medium"[39m
          [36m>[39m
            [0mSeason [0m
            [0m3[0m
          [36m</span>[39m
          [36m<svg[39m
            [33mclass[39m=[32m"lucide lucide-check w-4 h-4 text-blue-500"[39m
            [33mfill[39m=[32m"none"[39m
            [33mheight[39m=[32m"24"[39m
            [33mstroke[39m=[32m"currentColor"[39m
            [33mstroke-linecap[39m=[32m"round"[39m
            [33mstroke-linejoin[39m=[32m"round"[39m
            [33mstroke-width[39m=[32m"2"[39m
            [33mviewBox[39m=[32m"0 0 24 24"[39m
            [33mwidth[39m=[32m"24"[39m
            [33mxmlns[39m=[32m"http://www.w3.org/2000/svg"[39m
          [36m>[39m
            [36m<path[39m
              [33md[39m=[32m"M20 6 9 17l-5-5"[39m
            [36m/>[39m
          [36m</svg>[39m
        [36m</div>[39m
      [36m</button>[39m
      [36m<button[39m
        [33mclass[39m=[32m"relative p-3 rounded-lg border-2 transition-all duration-150 border-green-500/50 bg-green-500/10 cursor-not-allowed"[39m
        [33mdisabled[39m=[32m""[39m
      [36m>[39m
        [36m<div[39m
          [33mclass[39m=[32m"flex items-center justify-between"[39m
        [36m>[39m
          [36m<span[39m
            [33mclass[39m=[32m"text-sm font-medium"[39m
          [36m>[39m
            [0mSeason [0m
            [0m4[0m
          [36m</span>[39m
          [36m<span[39m
            [33mclass[39m=[32m"text-xs text-green-500"[39m
          [36m>[39m
            [0mAvailable[0m
          [36m</span>[39m
        [36m</div>[39m
      [36m</button>[39m
      [36m<button[39m
        [33mclass[39m=[32m"relative p-3 rounded-lg border-2 transition-all duration-150 border-blue-500 bg-blue-500/20"[39m
      [36m>[39m
        [36m<div[39m
          [33mclass[39m=[32m"flex items-center justify-between"[39m
        [36m>[39m
          [36m<span[39m
            [33mclass[39m=[32m"text-sm font-medium"[39m
          [36m>[39m
            [0mSeason [0m
            [0m5[0m
          [36m</span>[39m
          [36m<svg[39m
            [33mclass[39m=[32m"lucide lucide-check w-4 h-4 text-blue-500"[39m
            [33mfill[39m=[32m"none"[39m
            [33mheight[39m=[32m"24"[39m
            [33mstroke[39m=[32m"currentColor"[39m
            [33mstroke-linecap[39m=[32m"round"[39m
            [33mstroke-linejoin[39m=[32m"round"[39m
            [33mstroke-width[39m=[32m"2"[39m
            [33mviewBox[39m=[32m"0 0 24 24"[39m
            [33mwidth[39m=[32m"24"[39m
            [33mxmlns[39m=[32m"http://www.w3.org/2000/svg"[39m
          [36m>[39m
            [36m<path[39m
              [33md[39m=[32m"M20 6 9 17l-5-5"[39m
            [36m/>[39m
          [36m</svg>[39m
        [36m</div>[39m
      [36m</button>[39m
    [36m</div>[39m
  [36m</div>[39m
[36m</body>[39m
 ❯ Object.getElementError ../node_modules/@testing-library/react/node_modules/@testing-library/dom/dist/config.js:37:19
 ❯ ../node_modules/@testing-library/react/node_modules/@testing-library/dom/dist/query-helpers.js:76:38
 ❯ ../node_modules/@testing-library/react/node_modules/@testing-library/dom/dist/query-helpers.js:52:17
 ❯ ../node_modules/@testing-library/react/node_modules/@testing-library/dom/dist/query-helpers.js:95:19
 ❯ src/components/media/__tests__/SeasonSelector.test.tsx:153:28
    151|     );
    152| 
    153|     fireEvent.click(screen.getByText('Deselect All'));
       |                            ^
    154| 
    155|     // Should be called for all selected seasons

⎯⎯⎯⎯⎯⎯⎯⎯⎯⎯⎯⎯⎯⎯⎯⎯⎯⎯⎯⎯⎯[69/129]⎯

 FAIL  |frontend| src/components/media/__tests__/SeasonSelector.test.tsx > SeasonSelector > should apply correct styles for unavailable but selected seasons
Error: expect(element).toHaveClass("ring-2")

Expected the element to have class:
  ring-2
Received:
  relative p-3 rounded-lg border-2 transition-all duration-150 border-blue-500 bg-blue-500/20
 ❯ src/components/media/__tests__/SeasonSelector.test.tsx:193:27
    191| 
    192|     const season3Button = screen.getByRole('button', { name: /Season 3…
    193|     expect(season3Button).toHaveClass('ring-2');
       |                           ^
    194|     expect(season3Button).toHaveClass('ring-blue-500');
    195|     expect(season3Button).not.toHaveClass('border-green-500');

⎯⎯⎯⎯⎯⎯⎯⎯⎯⎯⎯⎯⎯⎯⎯⎯⎯⎯⎯⎯⎯[70/129]⎯

 FAIL  |frontend| src/components/media/__tests__/SeasonSelector.test.tsx > SeasonSelector > should not render if tvShow is not a TV show
AssertionError: expected <div …(1)>…(5)</div> to be null
 ❯ src/components/media/__tests__/SeasonSelector.test.tsx:205:34
    203|     );
    204| 
    205|     expect(container.firstChild).toBeNull();
       |                                  ^
    206|   });
    207| 

⎯⎯⎯⎯⎯⎯⎯⎯⎯⎯⎯⎯⎯⎯⎯⎯⎯⎯⎯⎯⎯[71/129]⎯

 FAIL  |frontend| src/components/media/__tests__/SeasonSelector.test.tsx > SeasonSelector > should not render if numberOfSeasons is missing
AssertionError: expected <div …(1)></div> to be null
 ❯ src/components/media/__tests__/SeasonSelector.test.tsx:219:34
    217|     );
    218| 
    219|     expect(container.firstChild).toBeNull();
       |                                  ^
    220|   });
    221| });

⎯⎯⎯⎯⎯⎯⎯⎯⎯⎯⎯⎯⎯⎯⎯⎯⎯⎯⎯⎯⎯[72/129]⎯

 FAIL  |frontend| src/components/requests/__tests__/RequestStatusBadge.test.tsx > RequestStatusBadge > should render pending status correctly
Error: expect(element).toHaveClass("bg-yellow-900/50")

Expected the element to have class:
  bg-yellow-900/50
Received:

 ❯ src/components/requests/__tests__/RequestStatusBadge.test.tsx:63:23
     61|       // Check for expected classes
     62|       expectedClasses.forEach((className) => {
     63|         expect(badge).toHaveClass(className);
       |                       ^
     64|       });
     65| 
 ❯ src/components/requests/__tests__/RequestStatusBadge.test.tsx:62:23

⎯⎯⎯⎯⎯⎯⎯⎯⎯⎯⎯⎯⎯⎯⎯⎯⎯⎯⎯⎯⎯[73/129]⎯

 FAIL  |frontend| src/components/requests/__tests__/RequestStatusBadge.test.tsx > RequestStatusBadge > should render approved status correctly
Error: expect(element).toHaveClass("bg-blue-900/50")

Expected the element to have class:
  bg-blue-900/50
Received:

 ❯ src/components/requests/__tests__/RequestStatusBadge.test.tsx:63:23
     61|       // Check for expected classes
     62|       expectedClasses.forEach((className) => {
     63|         expect(badge).toHaveClass(className);
       |                       ^
     64|       });
     65| 
 ❯ src/components/requests/__tests__/RequestStatusBadge.test.tsx:62:23

⎯⎯⎯⎯⎯⎯⎯⎯⎯⎯⎯⎯⎯⎯⎯⎯⎯⎯⎯⎯⎯[74/129]⎯

 FAIL  |frontend| src/components/requests/__tests__/RequestStatusBadge.test.tsx > RequestStatusBadge > should render processing status correctly
Error: expect(element).toHaveClass("bg-purple-900/50")

Expected the element to have class:
  bg-purple-900/50
Received:

 ❯ src/components/requests/__tests__/RequestStatusBadge.test.tsx:63:23
     61|       // Check for expected classes
     62|       expectedClasses.forEach((className) => {
     63|         expect(badge).toHaveClass(className);
       |                       ^
     64|       });
     65| 
 ❯ src/components/requests/__tests__/RequestStatusBadge.test.tsx:62:23

⎯⎯⎯⎯⎯⎯⎯⎯⎯⎯⎯⎯⎯⎯⎯⎯⎯⎯⎯⎯⎯[75/129]⎯

 FAIL  |frontend| src/components/requests/__tests__/RequestStatusBadge.test.tsx > RequestStatusBadge > should render partially-available status correctly
TestingLibraryElementError: Unable to find an element with the text: Partially Available. This could be because the text is broken up by multiple elements. In this case, you can provide a function for your text matcher to make your matcher more flexible.

Ignored nodes: comments, script, style
[36m<body>[39m
  [36m<div>[39m
    [36m<div[39m
      [33mclass[39m=[32m"inline-flex items-center gap-1.5 px-2.5 py-1 rounded-full text-xs font-medium text-orange-500 bg-orange-500/10"[39m
    [36m>[39m
      [36m<svg[39m
        [33mclass[39m=[32m"lucide lucide-download w-3.5 h-3.5"[39m
        [33mfill[39m=[32m"none"[39m
        [33mheight[39m=[32m"24"[39m
        [33mstroke[39m=[32m"currentColor"[39m
        [33mstroke-linecap[39m=[32m"round"[39m
        [33mstroke-linejoin[39m=[32m"round"[39m
        [33mstroke-width[39m=[32m"2"[39m
        [33mviewBox[39m=[32m"0 0 24 24"[39m
        [33mwidth[39m=[32m"24"[39m
        [33mxmlns[39m=[32m"http://www.w3.org/2000/svg"[39m
      [36m>[39m
        [36m<path[39m
          [33md[39m=[32m"M21 15v4a2 2 0 0 1-2 2H5a2 2 0 0 1-2-2v-4"[39m
        [36m/>[39m
        [36m<polyline[39m
          [33mpoints[39m=[32m"7 10 12 15 17 10"[39m
        [36m/>[39m
        [36m<line[39m
          [33mx1[39m=[32m"12"[39m
          [33mx2[39m=[32m"12"[39m
          [33my1[39m=[32m"15"[39m
          [33my2[39m=[32m"3"[39m
        [36m/>[39m
      [36m</svg>[39m
      [36m<span>[39m
        [0mPartial[0m
      [36m</span>[39m
    [36m</div>[39m
  [36m</div>[39m
[36m</body>[39m
 ❯ Object.getElementError ../node_modules/@testing-library/react/node_modules/@testing-library/dom/dist/config.js:37:19
 ❯ ../node_modules/@testing-library/react/node_modules/@testing-library/dom/dist/query-helpers.js:76:38
 ❯ ../node_modules/@testing-library/react/node_modules/@testing-library/dom/dist/query-helpers.js:52:17
 ❯ ../node_modules/@testing-library/react/node_modules/@testing-library/dom/dist/query-helpers.js:95:19
 ❯ src/components/requests/__tests__/RequestStatusBadge.test.tsx:58:28
     56|       render(<RequestStatusBadge status={status} />);
     57| 
     58|       const badge = screen.getByText(expectedText);
       |                            ^
     59|       expect(badge).toBeInTheDocument();
     60| 

⎯⎯⎯⎯⎯⎯⎯⎯⎯⎯⎯⎯⎯⎯⎯⎯⎯⎯⎯⎯⎯[76/129]⎯

 FAIL  |frontend| src/components/requests/__tests__/RequestStatusBadge.test.tsx > RequestStatusBadge > should render available status correctly
Error: expect(element).toHaveClass("bg-green-900/50")

Expected the element to have class:
  bg-green-900/50
Received:

 ❯ src/components/requests/__tests__/RequestStatusBadge.test.tsx:63:23
     61|       // Check for expected classes
     62|       expectedClasses.forEach((className) => {
     63|         expect(badge).toHaveClass(className);
       |                       ^
     64|       });
     65| 
 ❯ src/components/requests/__tests__/RequestStatusBadge.test.tsx:62:23

⎯⎯⎯⎯⎯⎯⎯⎯⎯⎯⎯⎯⎯⎯⎯⎯⎯⎯⎯⎯⎯[77/129]⎯

 FAIL  |frontend| src/components/requests/__tests__/RequestStatusBadge.test.tsx > RequestStatusBadge > should render denied status correctly
Error: expect(element).toHaveClass("bg-red-900/50")

Expected the element to have class:
  bg-red-900/50
Received:

 ❯ src/components/requests/__tests__/RequestStatusBadge.test.tsx:63:23
     61|       // Check for expected classes
     62|       expectedClasses.forEach((className) => {
     63|         expect(badge).toHaveClass(className);
       |                       ^
     64|       });
     65| 
 ❯ src/components/requests/__tests__/RequestStatusBadge.test.tsx:62:23

⎯⎯⎯⎯⎯⎯⎯⎯⎯⎯⎯⎯⎯⎯⎯⎯⎯⎯⎯⎯⎯[78/129]⎯

 FAIL  |frontend| src/components/requests/__tests__/RequestStatusBadge.test.tsx > RequestStatusBadge > should render failed status correctly
Error: expect(element).toHaveClass("bg-gray-900/50")

Expected the element to have class:
  bg-gray-900/50
Received:

 ❯ src/components/requests/__tests__/RequestStatusBadge.test.tsx:63:23
     61|       // Check for expected classes
     62|       expectedClasses.forEach((className) => {
     63|         expect(badge).toHaveClass(className);
       |                       ^
     64|       });
     65| 
 ❯ src/components/requests/__tests__/RequestStatusBadge.test.tsx:62:23

⎯⎯⎯⎯⎯⎯⎯⎯⎯⎯⎯⎯⎯⎯⎯⎯⎯⎯⎯⎯⎯[79/129]⎯

 FAIL  |frontend| src/components/requests/__tests__/RequestStatusBadge.test.tsx > RequestStatusBadge > should render correct icons for each status
Error: expect(element).toHaveClass("w-4")

Expected the element to have class:
  w-4
Received:
  lucide lucide-clock w-3.5 h-3.5
 ❯ src/components/requests/__tests__/RequestStatusBadge.test.tsx:105:20
    103|     // Each icon should have correct sizing
    104|     icons.forEach((icon) => {
    105|       expect(icon).toHaveClass('w-4');
       |                    ^
    106|       expect(icon).toHaveClass('h-4');
    107|     });
 ❯ src/components/requests/__tests__/RequestStatusBadge.test.tsx:104:11

⎯⎯⎯⎯⎯⎯⎯⎯⎯⎯⎯⎯⎯⎯⎯⎯⎯⎯⎯⎯⎯[80/129]⎯

 FAIL  |frontend| src/components/requests/__tests__/RequestStatusBadge.test.tsx > RequestStatusBadge > should handle className prop if provided
Error: expect(element).toHaveClass("custom-class")

Expected the element to have class:
  custom-class
Received:
  inline-flex items-center gap-1.5 px-2.5 py-1 rounded-full text-xs font-medium text-green-500 bg-green-500/10
 ❯ src/components/requests/__tests__/RequestStatusBadge.test.tsx:135:21
    133| 
    134|     const wrapper = screen.getByText('Available').parentElement;
    135|     expect(wrapper).toHaveClass('custom-class');
       |                     ^
    136|   });
    137| 

⎯⎯⎯⎯⎯⎯⎯⎯⎯⎯⎯⎯⎯⎯⎯⎯⎯⎯⎯⎯⎯[81/129]⎯

 FAIL  |frontend| src/components/requests/__tests__/RequestStatusBadge.test.tsx > RequestStatusBadge > should maintain consistent badge size regardless of text length
Error: expect(element).toHaveClass("px-3")

Expected the element to have class:
  px-3
Received:
  inline-flex items-center gap-1.5 px-2.5 py-1 rounded-full text-xs font-medium text-yellow-500 bg-yellow-500/10
 ❯ src/components/requests/__tests__/RequestStatusBadge.test.tsx:149:21
    147|     badges.forEach((badge) => {
    148|       // All badges should have same padding classes
    149|       expect(badge).toHaveClass('px-3');
       |                     ^
    150|       expect(badge).toHaveClass('py-1');
    151|     });
 ❯ src/components/requests/__tests__/RequestStatusBadge.test.tsx:147:12

⎯⎯⎯⎯⎯⎯⎯⎯⎯⎯⎯⎯⎯⎯⎯⎯⎯⎯⎯⎯⎯[82/129]⎯

 FAIL  |frontend| src/components/youtube/__tests__/URLSubmissionForm.test.tsx > URLSubmissionForm > validates YouTube URL formats correctly
 FAIL  |frontend| src/components/youtube/__tests__/URLSubmissionForm.test.tsx > URLSubmissionForm > handles playlist URLs and shows video count
 FAIL  |frontend| src/components/youtube/__tests__/URLSubmissionForm.test.tsx > URLSubmissionForm > checks for duplicate URLs before submission
 FAIL  |frontend| src/components/youtube/__tests__/URLSubmissionForm.test.tsx > URLSubmissionForm > respects user quota limits
 FAIL  |frontend| src/components/youtube/__tests__/URLSubmissionForm.test.tsx > URLSubmissionForm > handles successful download queue submission
 FAIL  |frontend| src/components/youtube/__tests__/URLSubmissionForm.test.tsx > URLSubmissionForm > shows validation errors for various URL formats
 FAIL  |frontend| src/components/youtube/__tests__/URLSubmissionForm.test.tsx > URLSubmissionForm > handles API errors gracefully
TypeError: Cannot read properties of undefined (reading 'canDownload')
 ❯ URLSubmissionForm src/components/youtube/URLSubmissionForm.tsx:177:32
    175|           variant="default"
    176|           className="w-full mt-6"
    177|           disabled={!userQuota.canDownload || isSubmitting || isValida…
       |                                ^
    178|         >
    179|           <Download className="w-4 h-4 mr-2" />
 ❯ renderWithHooks ../node_modules/react-dom/cjs/react-dom.development.js:15486:18
 ❯ mountIndeterminateComponent ../node_modules/react-dom/cjs/react-dom.development.js:20103:13
 ❯ beginWork ../node_modules/react-dom/cjs/react-dom.development.js:21626:16
 ❯ beginWork$1 ../node_modules/react-dom/cjs/react-dom.development.js:27465:14
 ❯ performUnitOfWork ../node_modules/react-dom/cjs/react-dom.development.js:26599:12
 ❯ workLoopSync ../node_modules/react-dom/cjs/react-dom.development.js:26505:5
 ❯ renderRootSync ../node_modules/react-dom/cjs/react-dom.development.js:26473:7
 ❯ recoverFromConcurrentError ../node_modules/react-dom/cjs/react-dom.development.js:25889:20
 ❯ performConcurrentWorkOnRoot ../node_modules/react-dom/cjs/react-dom.development.js:25789:22

⎯⎯⎯⎯⎯⎯⎯⎯⎯⎯⎯⎯⎯⎯⎯⎯⎯⎯⎯⎯⎯[83/129]⎯

 Test Files  51 failed | 10 passed (61)
      Tests  89 failed | 87 passed (176)
   Start at  10:10:50
   Duration  8.52s (transform 1.79s, setup 1.71s, collect 2.67s, tests 3.62s, environment 973ms, prepare 4.66s)

